#
# There is insufficient memory for the Java Runtime Environment to continue.
# Native memory allocation (malloc) failed to allocate 1955376 bytes. Error detail: Chunk::new
# Possible reasons:
#   The system is out of physical RAM or swap space
#   This process is running with CompressedOops enabled, and the Java Heap may be blocking the growth of the native heap
# Possible solutions:
#   Reduce memory load on the system
#   Increase physical memory or swap space
#   Check if swap backing store is full
#   Decrease Java heap size (-Xmx/-Xms)
#   Decrease number of Java threads
#   Decrease Java thread stack sizes (-Xss)
#   Set larger code cache with -XX:ReservedCodeCacheSize=
#   JVM is running with Unscaled Compressed Oops mode in which the Java heap is
#     placed in the first 4GB address space. The Java Heap base address is the
#     maximum limit for the native heap growth. Please use -XX:HeapBaseMinAddress
#     to set the Java Heap base and to place the Java Heap above 4GB virtual address.
# This output file may be truncated or incomplete.
#
#  Out of Memory Error (arena.cpp:191), pid=36572, tid=17320
#
# JRE version: OpenJDK Runtime Environment Temurin-17.0.14+7 (17.0.14+7) (build 17.0.14+7)
# Java VM: OpenJDK 64-Bit Server VM Temurin-17.0.14+7 (17.0.14+7, mixed mode, tiered, compressed oops, compressed class ptrs, g1 gc, windows-amd64)
# No core dump will be written. Minidumps are not enabled by default on client versions of Windows
#

---------------  S U M M A R Y ------------

Command Line: -Dgroovy.home=C:\Users\soumya.kj/.groovy -Djava.system.class.loader=groovy.lang.GroovyClassLoader -Xmx2048m -Dfile.encoding=UTF-8 -Dstdout.encoding=UTF-8 -Dstderr.encoding=UTF-8 -XX:+ShowCodeDetailsInExceptionMessages org.codehaus.groovy.tools.GroovyStarter --classpath C:\Users\soumya.kj\Katalon Studio\Workoutput\bin\keyword;C:\Users\soumya.kj\Katalon Studio\Workoutput\Keywords;C:\Users\soumya.kj\Katalon Studio\Workoutput\bin\listener;C:\Users\soumya.kj\Katalon Studio\Workoutput\Test Listeners;C:\Users\soumya.kj\Katalon Studio\Workoutput\bin\lib;C:\Users\soumya.kj\Katalon Studio\Workoutput\Libs;C:\Users\soumya.kj\Katalon Studio\Workoutput\bin\groovy;C:\Users\soumya.kj\Katalon Studio\Workoutput\Include\scripts\groovy;C:\Users\soumya.kj\.katalon\packages\KSE-10.4.3\plugins\com.kms.katalon.core_1.0.0.202512220625.jar;C:\Users\soumya.kj\.katalon\packages\KSE-10.4.3\configuration\resources\lib\aalto-xml-1.0.0.jar;C:\Users\soumya.kj\.katalon\packages\KSE-10.4.3\configuration\resources\lib\aws-2.20.3-fat.jar;C:\Users\soumya.kj\.katalon\packages\KSE-10.4.3\configuration\resources\lib\browsermob-core-2.1.5.jar;C:\Users\soumya.kj\.katalon\packages\KSE-10.4.3\configuration\resources\lib\byte-buddy-1.14.3.jar;C:\Users\soumya.kj\.katalon\packages\KSE-10.4.3\configuration\resources\lib\byte-buddy-agent-1.14.3.jar;C:\Users\soumya.kj\.katalon\packages\KSE-10.4.3\configuration\resources\lib\commons-codec-1.10.jar;C:\Users\soumya.kj\.katalon\packages\KSE-10.4.3\configuration\resources\lib\commons-collections4-4.1.jar;C:\Users\soumya.kj\.katalon\packages\KSE-10.4.3\configuration\resources\lib\commons-javaflow-20060411.jar;C:\Users\soumya.kj\.katalon\packages\KSE-10.4.3\configuration\resources\lib\commons-logging-1.3.4.jar;C:\Users\soumya.kj\.katalon\packages\KSE-10.4.3\configuration\resources\lib\curvesapi-1.04.jar;C:\Users\soumya.kj\.katalon\packages\KSE-10.4.3\configuration\resources\lib\dnsjava-3.6.2.jar;C:\Users\soumya.kj\.katalon\packages\KSE-10.4.3\configuration\resources\lib\ecj-3.21.0.jar;C:\Users\soumya.kj\.katalon\packages\KSE-10.4.3\configuration\resources\lib\fontbox-3.0.4.jar;C:\Users\soumya.kj\.katalon\packages\KSE-10.4.3\configuration\resources\lib\groovy-3.0.17.jar;C:\Users\soumya.kj\.katalon\packages\KSE-10.4.3\configuration\resources\lib\jackson-coreutils-2.0.jar;C:\Users\soumya.kj\.katalon\packages\KSE-10.4.3\configuration\resources\lib\jackson-coreutils-equivalence-1.0.jar;C:\Users\soumya.kj\.katalon\packages\KSE-10.4.3\configuration\resources\lib\jasperreports-6.20.5.jar;C:\Users\soumya.kj\.katalon\packages\KSE-10.4.3\configuration\resources\lib\jasperreports-fonts-6.20.5.jar;C:\Users\soumya.kj\.katalon\packages\KSE-10.4.3\configuration\resources\lib\javax.servlet-api_3.1.0.jar;C:\Users\soumya.kj\.katalon\packages\KSE-10.4.3\configuration\resources\lib\jna-5.12.1.jar;C:\Users\soumya.kj\.katalon\packages\KSE-10.4.3\configuration\resources\lib\jna-platform-5.12.1.jar;C:\Users\soumya.kj\.katalon\packages\KSE-10.4.3\configuration\resources\lib\json-schema-core-1.2.14.jar;C:\Users\soumya.kj\.katalon\packages\KSE-10.4.3\configuration\resources\lib\json-schema-validator-2.2.14.jar;C:\Users\soumya.kj\.katalon\packages\KSE-10.4.3\configuration\resources\lib\jzlib-1.1.3.jar;C:\Users\soumya.kj\.katalon\packages\KSE-10.4.3\configuration\resources\lib\kat-server.jar;C:\Users\soumya.kj\.katalon\packages\KSE-10.4.3\configuration\resources\lib\littleproxy-1.1.0-beta-bmp-17.jar;C:\Users\soumya.kj\.katalon\packages\KSE-10.4.3\configuration\resources\lib\log4j-1.2-api-2.17.1.jar;C:\Users\soumya.kj\.katalon\packages\KSE-10.4.3\configuration\resources\lib\log4j-api-2.17.1.jar;C:\Users\soumya.kj\.katalon\packages\KSE-10.4.3\configuration\resources\lib\log4j-core-2.17.1.jar;C:\Users\soumya.kj\.katalon\packages\KSE-10.4.3\configuration\resources\lib\mitm-2.1.5.jar;C:\Users\soumya.kj\.katalon\packages\KSE-10.4.3\configuration\resources\lib\mockito-core-5.2.0.jar;C:\Users\soumya.kj\.katalon\packages\KSE-10.4.3\configuration\resources\lib\mockito-inline-5.2.0.jar;C:\Users\soumya.kj\.katalon\packages\KSE-10.4.3\configuration\resources\lib\objenesis-3.3.jar;C:\Users\soumya.kj\.katalon\packages\KSE-10.4.3\configuration\resources\lib\openpdf-1.3.30.jaspersoft.2.jar;C:\Users\soumya.kj\.katalon\packages\KSE-10.4.3\configuration\resources\lib\pdfbox-3.0.4.jar;C:\Users\soumya.kj\.katalon\packages\KSE-10.4.3\configuration\resources\lib\pdfbox-io-3.0.4.jar;C:\Users\soumya.kj\.katalon\packages\KSE-10.4.3\configuration\resources\lib\poi-3.17.jar;C:\Users\soumya.kj\.katalon\packages\KSE-10.4.3\configuration\resources\lib\poi-ooxml-3.17.jar;C:\Users\soumya.kj\.katalon\packages\KSE-10.4.3\configuration\resources\lib\poi-ooxml-schemas-3.17.jar;C:\Users\soumya.kj\.katalon\packages\KSE-10.4.3\configuration\resources\lib\repackaged-sikuli-api-1.0.2-standalone.jar;C:\Users\soumya.kj\.katalon\packages\KSE-10.4.3\configuration\resources\lib\selenium-shutterbug-1.1.jar;C:\Users\soumya.kj\.katalon\packages\KSE-10.4.3\configuration\resources\lib\soap-builder-1.0.0.jar;C:\Users\soumya.kj\.katalon\packages\KSE-10.4.3\configuration\resources\lib\soap-common-1.0.0.jar;C:\Users\soumya.kj\.katalon\packages\KSE-10.4.3\configuration\resources\lib\soap-legacy-1.0.0.jar;C:\Users\soumya.kj\.katalon\packages\KSE-10.4.3\configuration\resources\lib\stax2-api-4.0.0.jar;C:\Users\soumya.kj\.katalon\packages\KSE-10.4.3\configuration\resources\lib\su.jar;C:\Users\soumya.kj\.katalon\packages\KSE-10.4.3\configuration\resources\lib\swagger-parser-1.0.67-fat.jar;C:\Users\soumya.kj\.katalon\packages\KSE-10.4.3\configuration\resources\lib\uri-template-0.1.jar;C:\Users\soumya.kj\.katalon\packages\KSE-10.4.3\configuration\resources\lib\wadl.jar;C:\Users\soumya.kj\.katalon\packages\KSE-10.4.3\configuration\resources\lib\xmlbeans-3.1.0.jar;C:\Users\soumya.kj\.katalon\packages\KSE-10.4.3\plugins\net.sf.supercsv.super-csv_2.4.0.jar;C:\Users\soumya.kj\.katalon\packages\KSE-10.4.3\plugins\org.apache.commons.commons-io_2.17.0.jar;C:\Users\soumya.kj\.katalon\packages\KSE-10.4.3\plugins\org.apache.commons.lang_2.6.0.jar;C:\Users\soumya.kj\.katalon\packages\KSE-10.4.3\plugins\com.google.gson_2.11.0.jar;C:\Users\soumya.kj\.katalon\packages\KSE-10.4.3\plugins\org.jsoup_1.21.1.jar;C:\Users\soumya.kj\.katalon\packages\KSE-10.4.3\plugins\org.apache.commons.dbutils_1.6.0.jar;C:\Users\soumya.kj\.katalon\packages\KSE-10.4.3\plugins\com.oracle.database.jdbc.ojdbc11_21.18.0.0.jar;C:\Users\soumya.kj\.katalon\packages\KSE-10.4.3\plugins\org.postgresql.jdbc_42.7.7.jar;c:\Users\soumya.kj\.katalon\packages\KSE-10.4.3\plugins\org.eclipse.osgi_3.22.0.v20241030-2121.jar;C:\Users\soumya.kj\.katalon\packages\KSE-10.4.3\plugins\com.kms.katalon.constant_1.0.0.202512220625.jar;C:\Users\soumya.kj\.katalon\packages\KSE-10.4.3\plugins\org.eclipse.persistence.eclipselink_2.7.11.jar;C:\Users\soumya.kj\.katalon\packages\KSE-10.4.3\plugins\com.kms.katalon.selenium-standalone_1.0.0.202512220625.jar;C:\Users\soumya.kj\.katalon\packages\KSE-10.4.3\plugins\atu.testrecorder.screen-recorder_2.1.0.jar;C:\Users\soumya.kj\.katalon\packages\KSE-10.4.3\plugins\com.google.guava_33.4.8.jre.jar;C:\Users\soumya.kj\.katalon\packages\KSE-10.4.3\plugins\com.kms.katalon.util_1.0.0.202512220625.jar;C:\Users\soumya.kj\.katalon\packages\KSE-10.4.3\plugins\org.apache.httpcomponents.httpclient_4.5.14.jar;C:\Users\soumya.kj\.katalon\packages\KSE-10.4.3\plugins\org.apache.httpcomponents.httpcore_4.4.16.jar;C:\Users\soumya.kj\.katalon\packages\KSE-10.4.3\plugins\org.apache.httpcomponents.httpmime_4.5.13.jar;C:\Users\soumya.kj\.katalon\packages\KSE-10.4.3\plugins\org.apache.commons.lang3_3.18.0.jar;C:\Users\soumya.kj\.katalon\packages\KSE-10.4.3\plugins\org.greenrobot.eventbus_3.1.1.jar;C:\Users\soumya.kj\.katalon\packages\KSE-10.4.3\plugins\net.bytebuddy.byte-buddy_1.17.6.jar;C:\Users\soumya.kj\.katalon\packages\KSE-10.4.3\plugins\org.junit_4.13.2.v20230809-1000.jar;C:\Users\soumya.kj\.katalon\packages\KSE-10.4.3\plugins\com.fasterxml.jackson.core.jackson-databind_2.18.4.jar;C:\Users\soumya.kj\.katalon\packages\KSE-10.4.3\plugins\com.fasterxml.jackson.core.jackson-core_2.18.4.jar;C:\Users\soumya.kj\.katalon\packages\KSE-10.4.3\plugins\com.fasterxml.jackson.core.jackson-annotations_2.18.4.jar;C:\Users\soumya.kj\.katalon\packages\KSE-10.4.3\plugins\slf4j.api_2.0.17.jar;C:\Users\soumya.kj\.katalon\packages\KSE-10.4.3\plugins\org.fusesource.jansi_1.17.1.jar;C:\Users\soumya.kj\.katalon\packages\KSE-10.4.3\plugins\com.kms.katalon.netlightbody_1.0.0.202512220625.jar;C:\Users\soumya.kj\.katalon\packages\KSE-10.4.3\plugins\com.kms.katalon.poi_1.0.0.202512220625.jar;C:\Users\soumya.kj\.katalon\packages\KSE-10.4.3\plugins\org.apache.commons.commons-text_1.10.0.jar;C:\Users\soumya.kj\.katalon\packages\KSE-10.4.3\plugins\com.microsoft.sqlserver.mssql-jdbc_12.6.5.jar;C:\Users\soumya.kj\.katalon\packages\KSE-10.4.3\plugins\com.github.kklisura.cdt.java-client_2.1.0.jar;C:\Users\soumya.kj\.katalon\packages\KSE-10.4.3\plugins\javax.websocket-api_1.1.0.jar;C:\Users\soumya.kj\.katalon\packages\KSE-10.4.3\plugins\org.glassfish.tyrus.container-grizzly-client_1.13.1.jar;C:\Users\soumya.kj\.katalon\packages\KSE-10.4.3\plugins\org.glassfish.grizzly.http-server_2.3.25.jar;C:\Users\soumya.kj\.katalon\packages\KSE-10.4.3\plugins\org.glassfish.grizzly.framework_2.3.25.jar;C:\Users\soumya.kj\.katalon\packages\KSE-10.4.3\plugins\org.glassfish.grizzly.http_2.3.25.jar;C:\Users\soumya.kj\.katalon\packages\KSE-10.4.3\plugins\org.glassfish.tyrus.client_1.13.1.jar;C:\Users\soumya.kj\.katalon\packages\KSE-10.4.3\plugins\org.glassfish.tyrus.core_1.13.1.jar;C:\Users\soumya.kj\.katalon\packages\KSE-10.4.3\plugins\org.glassfish.tyrus.spi_1.13.1.jar;C:\Users\soumya.kj\.katalon\packages\KSE-10.4.3\plugins\javassist_3.28.0.GA.jar;C:\Users\soumya.kj\.katalon\packages\KSE-10.4.3\plugins\graphql-java_22.3.0.jar;C:\Users\soumya.kj\.katalon\packages\KSE-10.4.3\plugins\org.glassfish.jaxb.runtime_2.3.6.jar;C:\Users\soumya.kj\.katalon\packages\KSE-10.4.3\plugins\org.glassfish.jaxb.txw2_2.3.6.jar;C:\Users\soumya.kj\.katalon\packages\KSE-10.4.3\plugins\org.dom4j_2.1.4.jar;C:\Users\soumya.kj\.katalon\packages\KSE-10.4.3\plugins\com.kms.katalon.groovy-extended_1.0.0.202512220625.jar;C:\Users\soumya.kj\.katalon\packages\KSE-10.4.3\plugins\com.sun.activation.javax.activation_1.2.0.jar;C:\Users\soumya.kj\.katalon\packages\KSE-10.4.3\plugins\jakarta.xml.bind-api_4.0.2.jar;C:\Users\soumya.kj\.katalon\packages\KSE-10.4.3\plugins\org.eclipse.jface_3.35.100.v20241003-1431.jar;C:\Users\soumya.kj\.katalon\packages\KSE-10.4.3\plugins\com.kms.katalon.logging_1.0.0.202512220625.jar;C:\Users\soumya.kj\.katalon\packages\KSE-10.4.3\plugins\json_20240303.0.0.jar;C:\Users\soumya.kj\.katalon\packages\KSE-10.4.3\plugins\assertj-core_3.25.3.jar;C:\Users\soumya.kj\.katalon\packages\KSE-10.4.3\plugins\com.networknt.json-schema-validator_1.5.7.jar;C:\Users\soumya.kj\.katalon\packages\KSE-10.4.3\plugins\com.kms.katalon.network.apache_1.0.0.202512220625.jar;C:\Users\soumya.kj\.katalon\packages\KSE-10.4.3\plugins\com.kms.katalon.network.core_1.0.0.202512220625.jar;C:\Users\soumya.kj\.katalon\packages\KSE-10.4.3\plugins\java-dataloader_3.3.0.jar;C:\Users\soumya.kj\.katalon\packages\KSE-10.4.3\plugins\org.apache.commons.collections_3.2.2.v201511171945.jar;C:\Users\soumya.kj\.katalon\packages\KSE-10.4.3\plugins\org.apache.commons.commons-collections4_4.4.0.jar;C:\Users\soumya.kj\.katalon\packages\KSE-10.4.3\plugins\org.apache.commons.digester_2.1.0.jar;C:\Users\soumya.kj\.katalon\packages\KSE-10.4.3\plugins\stax2-api_4.2.2.jar;C:\Users\soumya.kj\.katalon\packages\KSE-10.4.3\plugins\com.fasterxml.woodstox.woodstox-core_6.6.2.jar;C:\Users\soumya.kj\.katalon\packages\KSE-10.4.3\plugins\org.apache.commons.logging_1.2.0.v20180409-1502.jar;C:\Users\soumya.kj\.katalon\packages\KSE-10.4.3\plugins\org.apache.commons.commons-beanutils_1.11.0.jar;C:\Users\soumya.kj\.katalon\packages\KSE-10.4.3\plugins\com.kms.katalon.report.core_1.0.0.202512220625.jar;C:\Users\soumya.kj\.katalon\packages\KSE-10.4.3\plugins\org.seleniumhq.selenium.selenium-api_4.34.0.jar;C:\Users\soumya.kj\.katalon\packages\KSE-10.4.3\plugins\org.seleniumhq.selenium.selenium-remote-driver_4.34.0.jar;C:\Users\soumya.kj\.katalon\packages\KSE-10.4.3\plugins\org.seleniumhq.selenium.selenium-http_4.34.0.jar;C:\Users\soumya.kj\.katalon\packages\KSE-10.4.3\plugins\ch.qos.logback.classic_1.5.19.jar;C:\Users\soumya.kj\.katalon\packages\KSE-10.4.3\plugins\ch.qos.logback.core_1.5.19.jar;C:\Users\soumya.kj\.katalon\packages\KSE-10.4.3\plugins\log4j.over.slf4j_1.7.36.jar;C:\Users\soumya.kj\.katalon\packages\KSE-10.4.3\plugins\org.eclipse.e4.core.contexts_1.13.0.v20241014-2013.jar;C:\Users\soumya.kj\.katalon\packages\KSE-10.4.3\plugins\com.github.oshi.oshi-core_6.9.1.jar;C:\Users\soumya.kj\.katalon\packages\KSE-10.4.3\plugins\com.sun.jna_5.18.1.jar;C:\Users\soumya.kj\.katalon\packages\KSE-10.4.3\plugins\com.sun.jna.platform_5.18.1.jar;C:\Users\soumya.kj\.katalon\packages\KSE-10.4.3\plugins\org.bidib.com.github.markusbernhardt.proxy-vole_1.1.7.jar;C:\Users\soumya.kj\.katalon\packages\KSE-10.4.3\plugins\org.hamcrest.core_1.3.0.jar;C:\Users\soumya.kj\.katalon\packages\KSE-10.4.3\plugins\org.beanshell.bsh_2.0.0.0b4.jar;C:\Users\soumya.kj\.katalon\packages\KSE-10.4.3\plugins\org.apache.ant.launcher_1.9.6.jar;C:\Users\soumya.kj\.katalon\packages\KSE-10.4.3\plugins\org.seleniumhq.selenium.selenium-chrome-driver_4.34.0.jar;C:\Users\soumya.kj\.katalon\packages\KSE-10.4.3\plugins\org.seleniumhq.selenium.selenium-chromium-driver_4.34.0.jar;C:\Users\soumya.kj\.katalon\packages\KSE-10.4.3\plugins\org.seleniumhq.selenium.selenium-edge-driver_4.34.0.jar;C:\Users\soumya.kj\.katalon\packages\KSE-10.4.3\plugins\org.seleniumhq.selenium.selenium-firefox-driver_4.34.0.jar;C:\Users\soumya.kj\.katalon\packages\KSE-10.4.3\plugins\org.seleniumhq.selenium.selenium-safari-driver_4.34.0.jar;C:\Users\soumya.kj\.katalon\packages\KSE-10.4.3\plugins\org.seleniumhq.selenium.selenium-ie-driver_4.34.0.jar;C:\Users\soumya.kj\.katalon\packages\KSE-10.4.3\plugins\org.seleniumhq.selenium.selenium-manager_4.34.0.jar;C:\Users\soumya.kj\.katalon\packages\KSE-10.4.3\plugins\org.seleniumhq.selenium.selenium-json_4.34.0.jar;C:\Users\soumya.kj\.katalon\packages\KSE-10.4.3\plugins\com.kms.katalon.core.appium_1.0.0.202512220625.jar;C:\Users\soumya.kj\.katalon\packages\KSE-10.4.3\plugins\org.seleniumhq.selenium.selenium-os_4.34.0.jar;C:\Users\soumya.kj\.katalon\packages\KSE-10.4.3\plugins\io.appium.java-client_9.5.0.jar;C:\Users\soumya.kj\.katalon\packages\KSE-10.4.3\plugins\org.eclipse.e4.core.services_2.5.0.v20241015-2219.jar;C:\Users\soumya.kj\.katalon\packages\KSE-10.4.3\plugins\org.eclipse.osgi.services_3.12.100.v20240327-0645.jar;C:\Users\soumya.kj\.katalon\packages\KSE-10.4.3\plugins\org.eclipse.equinox.common_3.19.200.v20241004-0654.jar;C:\Users\soumya.kj\.katalon\packages\KSE-10.4.3\plugins\com.kms.katalon.platform.core_1.0.0.202512220625.jar;C:\Users\soumya.kj\.katalon\packages\KSE-10.4.3\plugins\com.kms.katalon.common_1.0.0.202512220625.jar;C:\Users\soumya.kj\.katalon\packages\KSE-10.4.3\plugins\com.kms.katalon.session.core_1.0.0.202512220625.jar;C:\Users\soumya.kj\.katalon\packages\KSE-10.4.3\plugins\org.eclipse.e4.core.di_1.9.500.v20240606-1236.jar;C:\Users\soumya.kj\.katalon\packages\KSE-10.4.3\plugins\com.kms.katalon.execution.core_1.0.0.202512220625.jar;C:\Users\soumya.kj\.katalon\packages\KSE-10.4.3\plugins\org.eclipse.equinox.registry_3.12.200.v20241004-0654.jar;C:\Users\soumya.kj\.katalon\packages\KSE-10.4.3\plugins\oauth2-oidc-sdk_11.29.1.jar;C:\Users\soumya.kj\.katalon\packages\KSE-10.4.3\plugins\dev.failsafe_3.3.2.jar;C:\Users\soumya.kj\.katalon\packages\KSE-10.4.3\plugins\com.fasterxml.jackson.datatype.jackson-datatype-jsr310_2.17.2.jar;C:\Users\soumya.kj\.katalon\packages\KSE-10.4.3\plugins\org.eclipse.e4.core.di.annotations_1.8.400.v20240413-1529.jar;C:\Users\soumya.kj\.katalon\packages\KSE-10.4.3\plugins\net.minidev.json-smart_2.5.2.jar;C:\Users\soumya.kj\.katalon\packages\KSE-10.4.3\plugins\com.kms.katalon.core.webui_1.0.0.202512220625.jar;C:\Users\soumya.kj\.katalon\packages\KSE-10.4.3\plugins\org.seleniumhq.selenium.selenium-support_4.34.0.jar;C:\Users\soumya.kj\.katalon\packages\KSE-10.4.3\plugins\org.seleniumhq.selenium.selenium-devtools-v142_4.38.0.jar;C:\Users\soumya.kj\.katalon\packages\KSE-10.4.3\plugins\com.kms.katalon.core.mobile_1.0.0.202512220625.jar;C:\Users\soumya.kj\.katalon\packages\KSE-10.4.3\plugins\org.apache.commons.commons-validator_1.7.0.jar;C:\Users\soumya.kj\.katalon\packages\KSE-10.4.3\plugins\org.xmlunit.xmlunit-core_2.10.3.jar;C:\Users\soumya.kj\.katalon\packages\KSE-10.4.3\plugins\com.kms.katalon.core.cucumber_1.0.0.202512220625.jar;C:\Users\soumya.kj\.katalon\packages\KSE-10.4.3\plugins\io.cucumber.core_3.0.3.jar;C:\Users\soumya.kj\.katalon\packages\KSE-10.4.3\plugins\io.cucumber.datatable_1.1.16.jar;C:\Users\soumya.kj\.katalon\packages\KSE-10.4.3\plugins\io.cucumber.datatable-dependencies_1.1.16.jar;C:\Users\soumya.kj\.katalon\packages\KSE-10.4.3\plugins\io.cucumber.expressions_5.0.19.jar;C:\Users\soumya.kj\.katalon\packages\KSE-10.4.3\plugins\io.cucumber.gherkin_5.0.0.jar;C:\Users\soumya.kj\.katalon\packages\KSE-10.4.3\plugins\io.cucumber.html_0.2.7.jar;C:\Users\soumya.kj\.katalon\packages\KSE-10.4.3\plugins\io.cucumber.java_3.0.3.jar;C:\Users\soumya.kj\.katalon\packages\KSE-10.4.3\plugins\io.cucumber.tag-expressions_1.1.1.jar;C:\Users\soumya.kj\.katalon\packages\KSE-10.4.3\plugins\io.cucumber.junit_3.0.3.jar;C:\Users\soumya.kj\.katalon\packages\KSE-10.4.3\plugins\com.kms.katalon.core.webservice_1.0.0.202512220625.jar;C:\Users\soumya.kj\.katalon\packages\KSE-10.4.3\plugins\wsdl4j_1.6.2.jar;C:\Users\soumya.kj\.katalon\packages\KSE-10.4.3\plugins\com.google.oauth-client.google-oauth-client_1.22.0.jar;C:\Users\soumya.kj\.katalon\packages\KSE-10.4.3\plugins\com.google.http-client.google-http-client_1.22.0.jar;C:\Users\soumya.kj\.katalon\packages\KSE-10.4.3\plugins\com.kms.katalon.preferences_1.0.0.202512220625.jar;C:\Users\soumya.kj\.katalon\packages\KSE-10.4.3\plugins\org.apache.xmlbeans_3.1.0.jar;C:\Users\soumya.kj\.katalon\packages\KSE-10.4.3\plugins\com.kms.katalon.entity_1.0.0.202512220625.jar;C:\Users\soumya.kj\.katalon\packages\KSE-10.4.3\plugins\jakarta.xml.ws-api_2.3.3.jar;C:\Users\soumya.kj\.katalon\packages\KSE-10.4.3\plugins\javax.xml.soap-api_1.4.0.jar;C:\Users\soumya.kj\.katalon\packages\KSE-10.4.3\plugins\com.atlassian.oai.swagger-request-validator-core_2.38.0.jar;C:\Users\soumya.kj\.katalon\packages\KSE-10.4.3\plugins\io.swagger.compat-spec-parser_1.0.67.jar;C:\Users\soumya.kj\.katalon\packages\KSE-10.4.3\plugins\io.swagger.core.v3.swagger-annotations_2.2.14.jar;C:\Users\soumya.kj\.katalon\packages\KSE-10.4.3\plugins\io.swagger.core.v3.swagger-core_2.2.14.jar;C:\Users\soumya.kj\.katalon\packages\KSE-10.4.3\plugins\io.swagger.core.v3.swagger-models_2.2.14.jar;C:\Users\soumya.kj\.katalon\packages\KSE-10.4.3\plugins\io.swagger.parser.v3.swagger-parser-core_2.1.16.jar;C:\Users\soumya.kj\.katalon\packages\KSE-10.4.3\plugins\io.swagger.parser.v3.swagger-parser-v2-converter_2.1.16.jar;C:\Users\soumya.kj\.katalon\packages\KSE-10.4.3\plugins\com.github.java-json-tools.btf_1.3.0.jar;C:\Users\soumya.kj\.katalon\packages\KSE-10.4.3\plugins\com.fasterxml.jackson.dataformat.jackson-dataformat-yaml_2.18.3.jar;C:\Users\soumya.kj\.katalon\packages\KSE-10.4.3\plugins\org.yaml.snakeyaml_2.3.0.jar;C:\Users\soumya.kj\.katalon\packages\KSE-10.4.3\plugins\com.github.java-json-tools.msg-simple_1.2.0.jar;C:\Users\soumya.kj\.katalon\packages\KSE-10.4.3\plugins\jackson-core-asl_1.9.13.jar;C:\Users\soumya.kj\.katalon\packages\KSE-10.4.3\plugins\joda-time_2.10.5.jar;C:\Users\soumya.kj\.katalon\packages\KSE-10.4.3\plugins\javax.mail-api_1.6.2.jar;C:\Users\soumya.kj\.katalon\packages\KSE-10.4.3\plugins\com.googlecode.libphonenumber_8.11.1.jar;C:\Users\soumya.kj\.katalon\packages\KSE-10.4.3\plugins\com.google.guava.failureaccess_1.0.3.jar;C:\Users\soumya.kj\.katalon\packages\KSE-10.4.3\plugins\io.swagger.parser.v3.swagger-parser_2.1.16.jar;C:\Users\soumya.kj\.katalon\packages\KSE-10.4.3\plugins\io.swagger.parser.v3.swagger-parser-v3_2.1.16.jar;C:\Users\soumya.kj\.katalon\packages\KSE-10.4.3\plugins\io.swagger.parser_1.0.67.jar;C:\Users\soumya.kj\.katalon\packages\KSE-10.4.3\plugins\com.narupley.not-going-to-be-commons-ssl_0.3.20.jar;C:\Users\soumya.kj\.katalon\packages\KSE-10.4.3\plugins\com.kms.katalon.core.windows_1.0.0.202512220625.jar;C:\Users\soumya.kj\.katalon\packages\KSE-10.4.3\plugins\net.lingala.zip4j_2.11.5.jar;C:\Users\soumya.kj\.katalon\packages\KSE-10.4.3\plugins\com.kms.katalon.core.testng_1.0.0.202512220625.jar;C:\Users\soumya.kj\.katalon\packages\KSE-10.4.3\plugins\org.testng_7.8.0.jar;C:\Users\soumya.kj\.katalon\packages\KSE-10.4.3\plugins\com.beust.jcommander_1.82.0.jar;C:\Users\soumya.kj\.katalon\packages\KSE-10.4.3\plugins\org.codehaus.groovy_3.0.23.v202501010125-e2412\lib\groovy-3.0.23-indy.jar;C:\Users\soumya.kj\.katalon\packages\KSE-10.4.3\plugins\org.codehaus.groovy_3.0.23.v202501010125-e2412\lib\ivy-2.5.2.jar --main groovy.ui.GroovyMain --encoding UTF-8 --indy C:\Users\soumya.kj\Katalon Studio\Workoutput\Libs\TempTestCase1779186341524.groovy

Host: Intel(R) Core(TM) i3-8100 CPU @ 3.60GHz, 4 cores, 11G,  Windows 11 , 64 bit Build 26100 (10.0.26100.8328)
Time: Tue May 19 15:55:50 2026 India Standard Time elapsed time: 8.907181 seconds (0d 0h 0m 8s)

---------------  T H R E A D  ---------------

Current thread (0x000001e106718430):  JavaThread "C2 CompilerThread1" daemon [_thread_in_native, id=17320, stack(0x00000058e2600000,0x00000058e2700000)]


Current CompileTask:
C2:   8907 5887       4       java.net.URLClassLoader$1::run (5 bytes)

Stack: [0x00000058e2600000,0x00000058e2700000]
Native frames: (J=compiled Java code, j=interpreted, Vv=VM code, C=native code)
V  [jvm.dll+0x682eb9]
V  [jvm.dll+0x8399c8]
V  [jvm.dll+0x83b473]
V  [jvm.dll+0x83bae3]
V  [jvm.dll+0x24715f]
V  [jvm.dll+0xace44]
V  [jvm.dll+0xad4dc]
V  [jvm.dll+0x365b5e]
V  [jvm.dll+0x32fd58]
V  [jvm.dll+0x32f1da]
V  [jvm.dll+0x21814f]
V  [jvm.dll+0x21758f]
V  [jvm.dll+0x1a3150]
V  [jvm.dll+0x22799c]
V  [jvm.dll+0x225afb]
V  [jvm.dll+0x7ef128]
V  [jvm.dll+0x7e948c]
V  [jvm.dll+0x681d97]
C  [ucrtbase.dll+0x37b0]
C  [KERNEL32.DLL+0x2e957]
C  [ntdll.dll+0x427c]


---------------  P R O C E S S  ---------------

Threads class SMR info:
_java_thread_list=0x000001e105a66e00, length=35, elements={
0x000001e16544dcf0, 0x000001e17eb06bb0, 0x000001e17eb08b70, 0x000001e17eb224a0,
0x000001e17eb5ff60, 0x000001e17eb62840, 0x000001e17eb63110, 0x000001e17eb63eb0,
0x000001e17ebe73f0, 0x000001e17ebeb5c0, 0x000001e17edd9960, 0x000001e10422b300,
0x000001e106a9b9d0, 0x000001e106a9aaa0, 0x000001e106a9a590, 0x000001e106a9afb0,
0x000001e106a9b4c0, 0x000001e105c6aa80, 0x000001e105c6d300, 0x000001e105c6d810,
0x000001e105c6a570, 0x000001e105c6bec0, 0x000001e105c6af90, 0x000001e105c6b4a0,
0x000001e105c6a060, 0x000001e105c6c8e0, 0x000001e105c6dd20, 0x000001e105c6b9b0,
0x000001e105c6e740, 0x000001e105c6ec50, 0x000001e105c6cdf0, 0x000001e105c6e230,
0x000001e105c6f160, 0x000001e106718430, 0x000001e105c6fb80
}

Java Threads: ( => current thread )
  0x000001e16544dcf0 JavaThread "main" [_thread_in_Java, id=29300, stack(0x00000058dff00000,0x00000058e0000000)]
  0x000001e17eb06bb0 JavaThread "Reference Handler" daemon [_thread_blocked, id=41788, stack(0x00000058e0700000,0x00000058e0800000)]
  0x000001e17eb08b70 JavaThread "Finalizer" daemon [_thread_blocked, id=27208, stack(0x00000058e0800000,0x00000058e0900000)]
  0x000001e17eb224a0 JavaThread "Signal Dispatcher" daemon [_thread_blocked, id=28536, stack(0x00000058e0900000,0x00000058e0a00000)]
  0x000001e17eb5ff60 JavaThread "Attach Listener" daemon [_thread_blocked, id=23900, stack(0x00000058e0a00000,0x00000058e0b00000)]
  0x000001e17eb62840 JavaThread "Service Thread" daemon [_thread_blocked, id=31200, stack(0x00000058e0b00000,0x00000058e0c00000)]
  0x000001e17eb63110 JavaThread "Monitor Deflation Thread" daemon [_thread_blocked, id=22216, stack(0x00000058e0c00000,0x00000058e0d00000)]
  0x000001e17eb63eb0 JavaThread "C2 CompilerThread0" daemon [_thread_in_native, id=2076, stack(0x00000058e0d00000,0x00000058e0e00000)]
  0x000001e17ebe73f0 JavaThread "C1 CompilerThread0" daemon [_thread_in_vm, id=19716, stack(0x00000058e0e00000,0x00000058e0f00000)]
  0x000001e17ebeb5c0 JavaThread "Sweeper thread" daemon [_thread_blocked, id=32180, stack(0x00000058e0f00000,0x00000058e1000000)]
  0x000001e17edd9960 JavaThread "Common-Cleaner" daemon [_thread_blocked, id=39624, stack(0x00000058e1000000,0x00000058e1100000)]
  0x000001e10422b300 JavaThread "Notification Thread" daemon [_thread_blocked, id=29520, stack(0x00000058e1400000,0x00000058e1500000)]
  0x000001e106a9b9d0 JavaThread "ForkJoinPool.commonPool-worker-1" daemon [_thread_blocked, id=32148, stack(0x00000058e1700000,0x00000058e1800000)]
  0x000001e106a9aaa0 JavaThread "HttpClient-1-SelectorManager" daemon [_thread_in_native, id=31848, stack(0x00000058e1900000,0x00000058e1a00000)]
  0x000001e106a9a590 JavaThread "External Process Output Forwarder - C:\Users\soumya.kj\.katalon\packages\KSE-10.4.3\configuration\resources\drivers\chromedriver_win32\chromedriver.exe" daemon [_thread_in_native, id=5720, stack(0x00000058e1a00000,0x00000058e1b00000)]
  0x000001e106a9afb0 JavaThread "Driver Service Executor" daemon [_thread_blocked, id=26784, stack(0x00000058e1b00000,0x00000058e1c00000)]
  0x000001e106a9b4c0 JavaThread "Driver Service Executor" daemon [_thread_in_native, id=4184, stack(0x00000058e1c00000,0x00000058e1d00000)]
  0x000001e105c6aa80 JavaThread "UrlChecker-2" daemon [_thread_blocked, id=38572, stack(0x00000058e1d00000,0x00000058e1e00000)]
  0x000001e105c6d300 JavaThread "Keep-Alive-Timer" daemon [_thread_blocked, id=31920, stack(0x00000058e1f00000,0x00000058e2000000)]
  0x000001e105c6d810 JavaThread "JdkHttpClient-0-0" daemon [_thread_blocked, id=18120, stack(0x00000058e2000000,0x00000058e2100000)]
  0x000001e105c6a570 JavaThread "CompletableFutureDelayScheduler" daemon [_thread_blocked, id=15340, stack(0x00000058e2100000,0x00000058e2200000)]
  0x000001e105c6bec0 JavaThread "JdkHttpClient-0-1" daemon [_thread_blocked, id=25268, stack(0x00000058e2200000,0x00000058e2300000)]
  0x000001e105c6af90 JavaThread "JdkHttpClient-0-2" daemon [_thread_blocked, id=42900, stack(0x00000058e2300000,0x00000058e2400000)]
  0x000001e105c6b4a0 JavaThread "JdkHttpClient-0-3" daemon [_thread_blocked, id=6924, stack(0x00000058e2400000,0x00000058e2500000)]
  0x000001e105c6a060 JavaThread "HttpClient-2-SelectorManager" daemon [_thread_in_native, id=25212, stack(0x00000058e1600000,0x00000058e1700000)]
  0x000001e105c6c8e0 JavaThread "JdkHttpClient-1-0" daemon [_thread_blocked, id=34220, stack(0x00000058e2500000,0x00000058e2600000)]
  0x000001e105c6dd20 JavaThread "JdkHttpClient-1-1" daemon [_thread_blocked, id=39672, stack(0x00000058e2700000,0x00000058e2800000)]
  0x000001e105c6b9b0 JavaThread "JdkHttpClient-1-2" daemon [_thread_blocked, id=28480, stack(0x00000058e2800000,0x00000058e2900000)]
  0x000001e105c6e740 JavaThread "HttpClient-3-SelectorManager" daemon [_thread_in_native, id=10824, stack(0x00000058e2900000,0x00000058e2a00000)]
  0x000001e105c6ec50 JavaThread "JdkHttpClient-2-0" daemon [_thread_blocked, id=14948, stack(0x00000058e2a00000,0x00000058e2b00000)]
  0x000001e105c6cdf0 JavaThread "JdkHttpClient-2-1" daemon [_thread_blocked, id=26120, stack(0x00000058e2b00000,0x00000058e2c00000)]
  0x000001e105c6e230 JavaThread "JdkHttpClient-2-2" daemon [_thread_blocked, id=25584, stack(0x00000058e2c00000,0x00000058e2d00000)]
  0x000001e105c6f160 JavaThread "JdkHttpClient-2-3" daemon [_thread_blocked, id=5412, stack(0x00000058e2d00000,0x00000058e2e00000)]
=>0x000001e106718430 JavaThread "C2 CompilerThread1" daemon [_thread_in_native, id=17320, stack(0x00000058e2600000,0x00000058e2700000)]
  0x000001e105c6fb80 JavaThread "BiDi Connection" daemon [_thread_blocked, id=9664, stack(0x00000058e2e00000,0x00000058e2f00000)]

Other Threads:
  0x000001e17eac3910 VMThread "VM Thread" [stack: 0x00000058e0600000,0x00000058e0700000] [id=15940]
  0x000001e16544eb70 WatcherThread [stack: 0x00000058e1500000,0x00000058e1600000] [id=2704]
  0x000001e1654ae290 GCTaskThread "GC Thread#0" [stack: 0x00000058e0100000,0x00000058e0200000] [id=23080]
  0x000001e17f2b4480 GCTaskThread "GC Thread#1" [stack: 0x00000058e1100000,0x00000058e1200000] [id=20120]
  0x000001e17f2b18a0 GCTaskThread "GC Thread#2" [stack: 0x00000058e1200000,0x00000058e1300000] [id=27408]
  0x000001e17f047690 GCTaskThread "GC Thread#3" [stack: 0x00000058e1300000,0x00000058e1400000] [id=19420]
  0x000001e1654bf1e0 ConcurrentGCThread "G1 Main Marker" [stack: 0x00000058e0200000,0x00000058e0300000] [id=4976]
  0x000001e1654c1070 ConcurrentGCThread "G1 Conc#0" [stack: 0x00000058e0300000,0x00000058e0400000] [id=19952]
  0x000001e17e96f170 ConcurrentGCThread "G1 Refine#0" [stack: 0x00000058e0400000,0x00000058e0500000] [id=30572]
  0x000001e17e971010 ConcurrentGCThread "G1 Service" [stack: 0x00000058e0500000,0x00000058e0600000] [id=16400]

Threads with active compile tasks:
C2 CompilerThread1     8978 5887       4       java.net.URLClassLoader$1::run (5 bytes)

VM state: not at safepoint (normal execution)

VM Mutex/Monitor currently owned by a thread: None

Heap address: 0x0000000080000000, size: 2048 MB, Compressed Oops mode: 32-bit

CDS archive(s) not mapped
Compressed class space mapped at: 0x0000000100000000-0x0000000140000000, reserved size: 1073741824
Narrow klass base: 0x0000000000000000, Narrow klass shift: 3, Narrow klass range: 0x140000000

GC Precious Log:
 CPUs: 4 total, 4 available
 Memory: 12111M
 Large Page Support: Disabled
 NUMA Support: Disabled
 Compressed Oops: Enabled (32-bit)
 Heap Region Size: 1M
 Heap Min Capacity: 8M
 Heap Initial Capacity: 190M
 Heap Max Capacity: 2G
 Pre-touch: Disabled
 Parallel Workers: 4
 Concurrent Workers: 1
 Concurrent Refinement Workers: 4
 Periodic GC: Disabled

Heap:
 garbage-first heap   total 109568K, used 83293K [0x0000000080000000, 0x0000000100000000)
  region size 1024K, 49 young (50176K), 3 survivors (3072K)
 Metaspace       used 54863K, committed 55552K, reserved 1114112K
  class space    used 6467K, committed 6784K, reserved 1048576K

Heap Regions: E=young(eden), S=young(survivor), O=old, HS=humongous(starts), HC=humongous(continues), CS=collection set, F=free, OA=open archive, CA=closed archive, TAMS=top-at-mark-start (previous, next)
|   0|0x0000000080000000, 0x0000000080100000, 0x0000000080100000|100%|HS|  |TAMS 0x0000000080100000, 0x0000000080000000| Complete 
|   1|0x0000000080100000, 0x0000000080200000, 0x0000000080200000|100%|HS|  |TAMS 0x0000000080200000, 0x0000000080100000| Complete 
|   2|0x0000000080200000, 0x0000000080300000, 0x0000000080300000|100%| O|  |TAMS 0x0000000080300000, 0x0000000080200000| Untracked 
|   3|0x0000000080300000, 0x0000000080400000, 0x0000000080400000|100%| O|  |TAMS 0x0000000080400000, 0x0000000080300000| Untracked 
|   4|0x0000000080400000, 0x0000000080500000, 0x0000000080500000|100%| O|  |TAMS 0x0000000080500000, 0x0000000080400000| Untracked 
|   5|0x0000000080500000, 0x0000000080600000, 0x0000000080600000|100%| O|  |TAMS 0x0000000080600000, 0x0000000080500000| Untracked 
|   6|0x0000000080600000, 0x0000000080700000, 0x0000000080700000|100%| O|  |TAMS 0x0000000080700000, 0x0000000080600000| Untracked 
|   7|0x0000000080700000, 0x0000000080800000, 0x0000000080800000|100%| O|  |TAMS 0x0000000080800000, 0x0000000080700000| Untracked 
|   8|0x0000000080800000, 0x0000000080900000, 0x0000000080900000|100%| O|  |TAMS 0x0000000080900000, 0x0000000080800000| Untracked 
|   9|0x0000000080900000, 0x0000000080a00000, 0x0000000080a00000|100%| O|  |TAMS 0x0000000080a00000, 0x0000000080900000| Untracked 
|  10|0x0000000080a00000, 0x0000000080b00000, 0x0000000080b00000|100%| O|  |TAMS 0x0000000080b00000, 0x0000000080a00000| Untracked 
|  11|0x0000000080b00000, 0x0000000080c00000, 0x0000000080c00000|100%| O|  |TAMS 0x0000000080c00000, 0x0000000080b00000| Untracked 
|  12|0x0000000080c00000, 0x0000000080d00000, 0x0000000080d00000|100%| O|  |TAMS 0x0000000080d00000, 0x0000000080c00000| Untracked 
|  13|0x0000000080d00000, 0x0000000080db7400, 0x0000000080e00000| 71%| O|  |TAMS 0x0000000080db7400, 0x0000000080d00000| Untracked 
|  14|0x0000000080e00000, 0x0000000080f00000, 0x0000000080f00000|100%| O|  |TAMS 0x0000000080f00000, 0x0000000080e00000| Untracked 
|  15|0x0000000080f00000, 0x0000000081000000, 0x0000000081000000|100%| O|  |TAMS 0x0000000081000000, 0x0000000080f00000| Untracked 
|  16|0x0000000081000000, 0x0000000081100000, 0x0000000081100000|100%| O|  |TAMS 0x0000000081100000, 0x0000000081000000| Untracked 
|  17|0x0000000081100000, 0x0000000081200000, 0x0000000081200000|100%| O|  |TAMS 0x0000000081200000, 0x0000000081100000| Untracked 
|  18|0x0000000081200000, 0x0000000081300000, 0x0000000081300000|100%| O|  |TAMS 0x0000000081300000, 0x0000000081200000| Untracked 
|  19|0x0000000081300000, 0x0000000081400000, 0x0000000081400000|100%| O|  |TAMS 0x0000000081400000, 0x0000000081300000| Untracked 
|  20|0x0000000081400000, 0x0000000081500000, 0x0000000081500000|100%| O|  |TAMS 0x000000008146a600, 0x0000000081400000| Untracked 
|  21|0x0000000081500000, 0x0000000081600000, 0x0000000081600000|100%| O|  |TAMS 0x0000000081500000, 0x0000000081500000| Untracked 
|  22|0x0000000081600000, 0x0000000081700000, 0x0000000081700000|100%| O|  |TAMS 0x0000000081600000, 0x0000000081600000| Untracked 
|  23|0x0000000081700000, 0x0000000081800000, 0x0000000081800000|100%| O|  |TAMS 0x0000000081700000, 0x0000000081700000| Untracked 
|  24|0x0000000081800000, 0x0000000081900000, 0x0000000081900000|100%| O|  |TAMS 0x0000000081800000, 0x0000000081800000| Untracked 
|  25|0x0000000081900000, 0x0000000081a00000, 0x0000000081a00000|100%| O|  |TAMS 0x0000000081900000, 0x0000000081900000| Untracked 
|  26|0x0000000081a00000, 0x0000000081b00000, 0x0000000081b00000|100%| O|  |TAMS 0x0000000081a00000, 0x0000000081a00000| Untracked 
|  27|0x0000000081b00000, 0x0000000081c00000, 0x0000000081c00000|100%| O|  |TAMS 0x0000000081c00000, 0x0000000081b00000| Untracked 
|  28|0x0000000081c00000, 0x0000000081d00000, 0x0000000081d00000|100%| O|  |TAMS 0x0000000081c00000, 0x0000000081c00000| Untracked 
|  29|0x0000000081d00000, 0x0000000081e00000, 0x0000000081e00000|100%| O|  |TAMS 0x0000000081d00000, 0x0000000081d00000| Untracked 
|  30|0x0000000081e00000, 0x0000000081f00000, 0x0000000081f00000|100%| O|  |TAMS 0x0000000081e00000, 0x0000000081e00000| Untracked 
|  31|0x0000000081f00000, 0x0000000082000000, 0x0000000082000000|100%| O|  |TAMS 0x0000000081f00000, 0x0000000081f00000| Untracked 
|  32|0x0000000082000000, 0x0000000082100000, 0x0000000082100000|100%| O|  |TAMS 0x0000000082000000, 0x0000000082000000| Untracked 
|  33|0x0000000082100000, 0x0000000082200000, 0x0000000082200000|100%| O|  |TAMS 0x0000000082100000, 0x0000000082100000| Untracked 
|  34|0x0000000082200000, 0x00000000822a0200, 0x0000000082300000| 62%| O|  |TAMS 0x0000000082200000, 0x0000000082200000| Untracked 
|  35|0x0000000082300000, 0x0000000082300000, 0x0000000082400000|  0%| F|  |TAMS 0x0000000082300000, 0x0000000082300000| Untracked 
|  36|0x0000000082400000, 0x0000000082400000, 0x0000000082500000|  0%| F|  |TAMS 0x0000000082400000, 0x0000000082400000| Untracked 
|  37|0x0000000082500000, 0x0000000082500000, 0x0000000082600000|  0%| F|  |TAMS 0x0000000082500000, 0x0000000082500000| Untracked 
|  38|0x0000000082600000, 0x0000000082600000, 0x0000000082700000|  0%| F|  |TAMS 0x0000000082600000, 0x0000000082600000| Untracked 
|  39|0x0000000082700000, 0x0000000082700000, 0x0000000082800000|  0%| F|  |TAMS 0x0000000082700000, 0x0000000082700000| Untracked 
|  40|0x0000000082800000, 0x0000000082800000, 0x0000000082900000|  0%| F|  |TAMS 0x0000000082800000, 0x0000000082800000| Untracked 
|  41|0x0000000082900000, 0x0000000082900000, 0x0000000082a00000|  0%| F|  |TAMS 0x0000000082900000, 0x0000000082900000| Untracked 
|  42|0x0000000082a00000, 0x0000000082a00000, 0x0000000082b00000|  0%| F|  |TAMS 0x0000000082a00000, 0x0000000082a00000| Untracked 
|  43|0x0000000082b00000, 0x0000000082b00000, 0x0000000082c00000|  0%| F|  |TAMS 0x0000000082b00000, 0x0000000082b00000| Untracked 
|  44|0x0000000082c00000, 0x0000000082c00000, 0x0000000082d00000|  0%| F|  |TAMS 0x0000000082c00000, 0x0000000082c00000| Untracked 
|  45|0x0000000082d00000, 0x0000000082d00000, 0x0000000082e00000|  0%| F|  |TAMS 0x0000000082d00000, 0x0000000082d00000| Untracked 
|  46|0x0000000082e00000, 0x0000000082e00000, 0x0000000082f00000|  0%| F|  |TAMS 0x0000000082e00000, 0x0000000082e00000| Untracked 
|  47|0x0000000082f00000, 0x0000000082f00000, 0x0000000083000000|  0%| F|  |TAMS 0x0000000082f00000, 0x0000000082f00000| Untracked 
|  48|0x0000000083000000, 0x0000000083000000, 0x0000000083100000|  0%| F|  |TAMS 0x0000000083000000, 0x0000000083000000| Untracked 
|  49|0x0000000083100000, 0x0000000083200000, 0x0000000083200000|100%| S|CS|TAMS 0x0000000083100000, 0x0000000083100000| Complete 
|  50|0x0000000083200000, 0x0000000083300000, 0x0000000083300000|100%| S|CS|TAMS 0x0000000083200000, 0x0000000083200000| Complete 
|  51|0x0000000083300000, 0x0000000083400000, 0x0000000083400000|100%| S|CS|TAMS 0x0000000083300000, 0x0000000083300000| Complete 
|  52|0x0000000083400000, 0x0000000083400000, 0x0000000083500000|  0%| F|  |TAMS 0x0000000083400000, 0x0000000083400000| Untracked 
|  53|0x0000000083500000, 0x0000000083500000, 0x0000000083600000|  0%| F|  |TAMS 0x0000000083500000, 0x0000000083500000| Untracked 
|  54|0x0000000083600000, 0x0000000083600000, 0x0000000083700000|  0%| F|  |TAMS 0x0000000083600000, 0x0000000083600000| Untracked 
|  55|0x0000000083700000, 0x0000000083700000, 0x0000000083800000|  0%| F|  |TAMS 0x0000000083700000, 0x0000000083700000| Untracked 
|  56|0x0000000083800000, 0x0000000083800000, 0x0000000083900000|  0%| F|  |TAMS 0x0000000083800000, 0x0000000083800000| Untracked 
|  57|0x0000000083900000, 0x0000000083900000, 0x0000000083a00000|  0%| F|  |TAMS 0x0000000083900000, 0x0000000083900000| Untracked 
|  58|0x0000000083a00000, 0x0000000083a00000, 0x0000000083b00000|  0%| F|  |TAMS 0x0000000083a00000, 0x0000000083a00000| Untracked 
|  59|0x0000000083b00000, 0x0000000083b00000, 0x0000000083c00000|  0%| F|  |TAMS 0x0000000083b00000, 0x0000000083b00000| Untracked 
|  60|0x0000000083c00000, 0x0000000083c00000, 0x0000000083d00000|  0%| F|  |TAMS 0x0000000083c00000, 0x0000000083c00000| Untracked 
|  61|0x0000000083d00000, 0x0000000083d80a60, 0x0000000083e00000| 50%| E|  |TAMS 0x0000000083d00000, 0x0000000083d00000| Complete 
|  62|0x0000000083e00000, 0x0000000083f00000, 0x0000000083f00000|100%| E|CS|TAMS 0x0000000083e00000, 0x0000000083e00000| Complete 
|  63|0x0000000083f00000, 0x0000000084000000, 0x0000000084000000|100%| E|CS|TAMS 0x0000000083f00000, 0x0000000083f00000| Complete 
|  64|0x0000000084000000, 0x0000000084100000, 0x0000000084100000|100%| E|CS|TAMS 0x0000000084000000, 0x0000000084000000| Complete 
|  65|0x0000000084100000, 0x0000000084200000, 0x0000000084200000|100%| E|CS|TAMS 0x0000000084100000, 0x0000000084100000| Complete 
|  66|0x0000000084200000, 0x0000000084300000, 0x0000000084300000|100%| E|CS|TAMS 0x0000000084200000, 0x0000000084200000| Complete 
|  67|0x0000000084300000, 0x0000000084400000, 0x0000000084400000|100%| E|CS|TAMS 0x0000000084300000, 0x0000000084300000| Complete 
|  68|0x0000000084400000, 0x0000000084500000, 0x0000000084500000|100%| E|CS|TAMS 0x0000000084400000, 0x0000000084400000| Complete 
|  69|0x0000000084500000, 0x0000000084600000, 0x0000000084600000|100%| E|CS|TAMS 0x0000000084500000, 0x0000000084500000| Complete 
|  70|0x0000000084600000, 0x0000000084700000, 0x0000000084700000|100%| E|CS|TAMS 0x0000000084600000, 0x0000000084600000| Complete 
|  71|0x0000000084700000, 0x0000000084800000, 0x0000000084800000|100%| E|CS|TAMS 0x0000000084700000, 0x0000000084700000| Complete 
|  72|0x0000000084800000, 0x0000000084900000, 0x0000000084900000|100%| E|CS|TAMS 0x0000000084800000, 0x0000000084800000| Complete 
|  73|0x0000000084900000, 0x0000000084a00000, 0x0000000084a00000|100%| E|CS|TAMS 0x0000000084900000, 0x0000000084900000| Complete 
|  74|0x0000000084a00000, 0x0000000084b00000, 0x0000000084b00000|100%| E|CS|TAMS 0x0000000084a00000, 0x0000000084a00000| Complete 
|  75|0x0000000084b00000, 0x0000000084c00000, 0x0000000084c00000|100%| E|CS|TAMS 0x0000000084b00000, 0x0000000084b00000| Complete 
|  76|0x0000000084c00000, 0x0000000084d00000, 0x0000000084d00000|100%| E|CS|TAMS 0x0000000084c00000, 0x0000000084c00000| Complete 
|  77|0x0000000084d00000, 0x0000000084e00000, 0x0000000084e00000|100%| E|CS|TAMS 0x0000000084d00000, 0x0000000084d00000| Complete 
|  78|0x0000000084e00000, 0x0000000084f00000, 0x0000000084f00000|100%| E|CS|TAMS 0x0000000084e00000, 0x0000000084e00000| Complete 
|  79|0x0000000084f00000, 0x0000000085000000, 0x0000000085000000|100%| E|CS|TAMS 0x0000000084f00000, 0x0000000084f00000| Complete 
|  80|0x0000000085000000, 0x0000000085100000, 0x0000000085100000|100%| E|CS|TAMS 0x0000000085000000, 0x0000000085000000| Complete 
|  81|0x0000000085100000, 0x0000000085200000, 0x0000000085200000|100%| E|CS|TAMS 0x0000000085100000, 0x0000000085100000| Complete 
|  82|0x0000000085200000, 0x0000000085300000, 0x0000000085300000|100%| E|CS|TAMS 0x0000000085200000, 0x0000000085200000| Complete 
|  83|0x0000000085300000, 0x0000000085400000, 0x0000000085400000|100%| E|CS|TAMS 0x0000000085300000, 0x0000000085300000| Complete 
|  84|0x0000000085400000, 0x0000000085500000, 0x0000000085500000|100%| E|CS|TAMS 0x0000000085400000, 0x0000000085400000| Complete 
|  85|0x0000000085500000, 0x0000000085600000, 0x0000000085600000|100%| E|CS|TAMS 0x0000000085500000, 0x0000000085500000| Complete 
|  86|0x0000000085600000, 0x0000000085700000, 0x0000000085700000|100%| E|CS|TAMS 0x0000000085600000, 0x0000000085600000| Complete 
|  87|0x0000000085700000, 0x0000000085800000, 0x0000000085800000|100%| E|CS|TAMS 0x0000000085700000, 0x0000000085700000| Complete 
|  88|0x0000000085800000, 0x0000000085900000, 0x0000000085900000|100%| E|CS|TAMS 0x0000000085800000, 0x0000000085800000| Complete 
|  89|0x0000000085900000, 0x0000000085a00000, 0x0000000085a00000|100%| E|CS|TAMS 0x0000000085900000, 0x0000000085900000| Complete 
|  90|0x0000000085a00000, 0x0000000085b00000, 0x0000000085b00000|100%| E|CS|TAMS 0x0000000085a00000, 0x0000000085a00000| Complete 
|  91|0x0000000085b00000, 0x0000000085c00000, 0x0000000085c00000|100%| E|CS|TAMS 0x0000000085b00000, 0x0000000085b00000| Complete 
|  92|0x0000000085c00000, 0x0000000085d00000, 0x0000000085d00000|100%| E|CS|TAMS 0x0000000085c00000, 0x0000000085c00000| Complete 
|  93|0x0000000085d00000, 0x0000000085e00000, 0x0000000085e00000|100%| E|CS|TAMS 0x0000000085d00000, 0x0000000085d00000| Complete 
|  94|0x0000000085e00000, 0x0000000085f00000, 0x0000000085f00000|100%| E|CS|TAMS 0x0000000085e00000, 0x0000000085e00000| Complete 
|  95|0x0000000085f00000, 0x0000000086000000, 0x0000000086000000|100%| E|CS|TAMS 0x0000000085f00000, 0x0000000085f00000| Complete 
|  96|0x0000000086000000, 0x0000000086100000, 0x0000000086100000|100%| E|CS|TAMS 0x0000000086000000, 0x0000000086000000| Complete 
|  97|0x0000000086100000, 0x0000000086200000, 0x0000000086200000|100%| E|CS|TAMS 0x0000000086100000, 0x0000000086100000| Complete 
|  98|0x0000000086200000, 0x0000000086300000, 0x0000000086300000|100%| E|CS|TAMS 0x0000000086200000, 0x0000000086200000| Complete 
| 122|0x0000000087a00000, 0x0000000087b00000, 0x0000000087b00000|100%| E|  |TAMS 0x0000000087a00000, 0x0000000087a00000| Complete 
| 123|0x0000000087b00000, 0x0000000087c00000, 0x0000000087c00000|100%| E|CS|TAMS 0x0000000087b00000, 0x0000000087b00000| Complete 
| 124|0x0000000087c00000, 0x0000000087d00000, 0x0000000087d00000|100%| E|CS|TAMS 0x0000000087c00000, 0x0000000087c00000| Complete 
| 125|0x0000000087d00000, 0x0000000087e00000, 0x0000000087e00000|100%| E|CS|TAMS 0x0000000087d00000, 0x0000000087d00000| Complete 
| 126|0x0000000087e00000, 0x0000000087f00000, 0x0000000087f00000|100%| E|CS|TAMS 0x0000000087e00000, 0x0000000087e00000| Complete 
| 127|0x0000000087f00000, 0x0000000088000000, 0x0000000088000000|100%| E|CS|TAMS 0x0000000087f00000, 0x0000000087f00000| Complete 
| 128|0x0000000088000000, 0x0000000088100000, 0x0000000088100000|100%| E|CS|TAMS 0x0000000088000000, 0x0000000088000000| Complete 
| 189|0x000000008bd00000, 0x000000008be00000, 0x000000008be00000|100%| E|CS|TAMS 0x000000008bd00000, 0x000000008bd00000| Complete 

Card table byte_map: [0x000001e177db0000,0x000001e1781b0000] _byte_map_base: 0x000001e1779b0000

Marking Bits (Prev, Next): (CMBitMap*) 0x000001e1654ae8b0, (CMBitMap*) 0x000001e1654ae8f0
 Prev Bits: [0x000001e1785b0000, 0x000001e17a5b0000)
 Next Bits: [0x000001e17a5b0000, 0x000001e17c5b0000)

Polling page: 0x000001e164bd0000

Metaspace:

Usage:
  Non-class:     47.26 MB used.
      Class:      6.32 MB used.
       Both:     53.58 MB used.

Virtual space:
  Non-class space:       64.00 MB reserved,      47.62 MB ( 74%) committed,  1 nodes.
      Class space:        1.00 GB reserved,       6.62 MB ( <1%) committed,  1 nodes.
             Both:        1.06 GB reserved,      54.25 MB (  5%) committed. 

Chunk freelists:
   Non-Class:  15.98 MB
       Class:  9.35 MB
        Both:  25.33 MB

MaxMetaspaceSize: unlimited
CompressedClassSpaceSize: 1.00 GB
Initial GC threshold: 21.00 MB
Current GC threshold: 58.69 MB
CDS: off
MetaspaceReclaimPolicy: balanced
 - commit_granule_bytes: 65536.
 - commit_granule_words: 8192.
 - virtual_space_node_default_size: 8388608.
 - enlarge_chunks_in_place: 1.
 - new_chunks_are_fully_committed: 0.
 - uncommit_free_chunks: 1.
 - use_allocation_guard: 0.
 - handle_deallocations: 1.


Internal statistics:

num_allocs_failed_limit: 6.
num_arena_births: 810.
num_arena_deaths: 0.
num_vsnodes_births: 2.
num_vsnodes_deaths: 0.
num_space_committed: 868.
num_space_uncommitted: 0.
num_chunks_returned_to_freelist: 6.
num_chunks_taken_from_freelist: 2254.
num_chunk_merges: 6.
num_chunk_splits: 1554.
num_chunks_enlarged: 1121.
num_inconsistent_stats: 0.

CodeHeap 'non-profiled nmethods': size=120000Kb used=3148Kb max_used=3148Kb free=116851Kb
 bounds [0x000001e170480000, 0x000001e1707a0000, 0x000001e1779b0000]
CodeHeap 'profiled nmethods': size=120000Kb used=9291Kb max_used=9291Kb free=110708Kb
 bounds [0x000001e1689b0000, 0x000001e1692d0000, 0x000001e16fee0000]
CodeHeap 'non-nmethods': size=5760Kb used=2345Kb max_used=2412Kb free=3414Kb
 bounds [0x000001e16fee0000, 0x000001e170150000, 0x000001e170480000]
 total_blobs=6071 nmethods=5207 adapters=776
 compilation: enabled
              stopped_count=0, restarted_count=0
 full_count=0

Compilation events (20 events):
Event: 8.630 Thread 0x000001e17ebe73f0 nmethod 5969 0x000001e17078ae10 code [0x000001e17078afa0, 0x000001e17078b0b8]
Event: 8.630 Thread 0x000001e17eb63eb0 nmethod 5966% 0x000001e17078b110 code [0x000001e17078b2a0, 0x000001e17078b4b8]
Event: 8.630 Thread 0x000001e17eb63eb0 5967 %     4       sun.security.provider.SHA::implCompress0 @ 379 (506 bytes)
Event: 8.635 Thread 0x000001e17eb63eb0 nmethod 5967% 0x000001e17078b610 code [0x000001e17078b7a0, 0x000001e17078bb98]
Event: 8.638 Thread 0x000001e17ebe73f0 5970       3       jdk.internal.loader.ClassLoaders::platformClassLoader (4 bytes)
Event: 8.638 Thread 0x000001e17ebe73f0 nmethod 5970 0x000001e168caa790 code [0x000001e168caa920, 0x000001e168caaa18]
Event: 8.640 Thread 0x000001e17ebe73f0 5971       3       com.sun.org.apache.xerces.internal.xni.XMLString::<init> (5 bytes)
Event: 8.641 Thread 0x000001e17ebe73f0 nmethod 5971 0x000001e1692b7010 code [0x000001e1692b71a0, 0x000001e1692b72f8]
Event: 8.642 Thread 0x000001e17ebe73f0 5972       3       com.sun.org.apache.xerces.internal.util.XMLChar::isSpace (22 bytes)
Event: 8.642 Thread 0x000001e17ebe73f0 nmethod 5972 0x000001e1692b7390 code [0x000001e1692b7520, 0x000001e1692b76d8]
Event: 8.642 Thread 0x000001e17ebe73f0 5973       3       com.sun.org.apache.xerces.internal.impl.XMLEntityScanner::skipChar (142 bytes)
Event: 8.642 Thread 0x000001e17ebe73f0 nmethod 5973 0x000001e1692b7790 code [0x000001e1692b7960, 0x000001e1692b7c78]
Event: 8.689 Thread 0x000001e17eb63eb0 5974       4       java.util.StringJoiner::toString (53 bytes)
Event: 8.689 Thread 0x000001e17ebe73f0 5977       3       java.beans.MethodDescriptor::resolve (32 bytes)
Event: 8.690 Thread 0x000001e17ebe73f0 nmethod 5977 0x000001e1692b7e10 code [0x000001e1692b8000, 0x000001e1692b8558]
Event: 8.701 Thread 0x000001e17eb63eb0 nmethod 5974 0x000001e17078bd90 code [0x000001e17078bf60, 0x000001e17078caf8]
Event: 8.701 Thread 0x000001e17eb63eb0 5975       4       java.lang.System$2::join (11 bytes)
Event: 8.713 Thread 0x000001e17eb63eb0 nmethod 5975 0x000001e17078d490 code [0x000001e17078d660, 0x000001e17078e158]
Event: 8.713 Thread 0x000001e17eb63eb0 5976       4       java.util.Collections$UnmodifiableCollection$1::next (10 bytes)
Event: 8.714 Thread 0x000001e17eb63eb0 nmethod 5976 0x000001e17078eb10 code [0x000001e17078eca0, 0x000001e17078ee38]

GC Heap History (20 events):
Event: 2.951 GC heap before
{Heap before GC invocations=6 (full 0):
 garbage-first heap   total 75776K, used 51933K [0x0000000080000000, 0x0000000100000000)
  region size 1024K, 37 young (37888K), 7 survivors (7168K)
 Metaspace       used 24803K, committed 25152K, reserved 1114112K
  class space    used 2606K, committed 2752K, reserved 1048576K
}
Event: 2.961 GC heap after
{Heap after GC invocations=7 (full 0):
 garbage-first heap   total 75776K, used 23333K [0x0000000080000000, 0x0000000100000000)
  region size 1024K, 3 young (3072K), 3 survivors (3072K)
 Metaspace       used 24803K, committed 25152K, reserved 1114112K
  class space    used 2606K, committed 2752K, reserved 1048576K
}
Event: 3.619 GC heap before
{Heap before GC invocations=7 (full 0):
 garbage-first heap   total 75776K, used 53029K [0x0000000080000000, 0x0000000100000000)
  region size 1024K, 32 young (32768K), 3 survivors (3072K)
 Metaspace       used 31402K, committed 31744K, reserved 1114112K
  class space    used 3454K, committed 3648K, reserved 1048576K
}
Event: 3.624 GC heap after
{Heap after GC invocations=8 (full 0):
 garbage-first heap   total 75776K, used 25734K [0x0000000080000000, 0x0000000100000000)
  region size 1024K, 4 young (4096K), 4 survivors (4096K)
 Metaspace       used 31402K, committed 31744K, reserved 1114112K
  class space    used 3454K, committed 3648K, reserved 1048576K
}
Event: 4.075 GC heap before
{Heap before GC invocations=8 (full 0):
 garbage-first heap   total 75776K, used 43142K [0x0000000080000000, 0x0000000100000000)
  region size 1024K, 22 young (22528K), 4 survivors (4096K)
 Metaspace       used 35546K, committed 35968K, reserved 1114112K
  class space    used 3885K, committed 4096K, reserved 1048576K
}
Event: 4.082 GC heap after
{Heap after GC invocations=9 (full 0):
 garbage-first heap   total 75776K, used 27675K [0x0000000080000000, 0x0000000100000000)
  region size 1024K, 2 young (2048K), 2 survivors (2048K)
 Metaspace       used 35546K, committed 35968K, reserved 1114112K
  class space    used 3885K, committed 4096K, reserved 1048576K
}
Event: 4.402 GC heap before
{Heap before GC invocations=10 (full 0):
 garbage-first heap   total 75776K, used 56347K [0x0000000080000000, 0x0000000100000000)
  region size 1024K, 30 young (30720K), 2 survivors (2048K)
 Metaspace       used 38171K, committed 38656K, reserved 1114112K
  class space    used 4195K, committed 4416K, reserved 1048576K
}
Event: 4.405 GC heap after
{Heap after GC invocations=11 (full 0):
 garbage-first heap   total 75776K, used 28113K [0x0000000080000000, 0x0000000100000000)
  region size 1024K, 3 young (3072K), 3 survivors (3072K)
 Metaspace       used 38171K, committed 38656K, reserved 1114112K
  class space    used 4195K, committed 4416K, reserved 1048576K
}
Event: 4.550 GC heap before
{Heap before GC invocations=11 (full 0):
 garbage-first heap   total 75776K, used 57809K [0x0000000080000000, 0x0000000100000000)
  region size 1024K, 32 young (32768K), 3 survivors (3072K)
 Metaspace       used 38522K, committed 38912K, reserved 1114112K
  class space    used 4230K, committed 4416K, reserved 1048576K
}
Event: 4.555 GC heap after
{Heap after GC invocations=12 (full 0):
 garbage-first heap   total 75776K, used 29343K [0x0000000080000000, 0x0000000100000000)
  region size 1024K, 4 young (4096K), 4 survivors (4096K)
 Metaspace       used 38522K, committed 38912K, reserved 1114112K
  class space    used 4230K, committed 4416K, reserved 1048576K
}
Event: 4.655 GC heap before
{Heap before GC invocations=12 (full 0):
 garbage-first heap   total 75776K, used 58015K [0x0000000080000000, 0x0000000100000000)
  region size 1024K, 32 young (32768K), 4 survivors (4096K)
 Metaspace       used 38914K, committed 39360K, reserved 1114112K
  class space    used 4274K, committed 4480K, reserved 1048576K
}
Event: 4.659 GC heap after
{Heap after GC invocations=13 (full 0):
 garbage-first heap   total 91136K, used 29850K [0x0000000080000000, 0x0000000100000000)
  region size 1024K, 2 young (2048K), 2 survivors (2048K)
 Metaspace       used 38914K, committed 39360K, reserved 1114112K
  class space    used 4274K, committed 4480K, reserved 1048576K
}
Event: 4.813 GC heap before
{Heap before GC invocations=13 (full 0):
 garbage-first heap   total 91136K, used 74906K [0x0000000080000000, 0x0000000100000000)
  region size 1024K, 43 young (44032K), 2 survivors (2048K)
 Metaspace       used 40124K, committed 40576K, reserved 1114112K
  class space    used 4356K, committed 4544K, reserved 1048576K
}
Event: 4.816 GC heap after
{Heap after GC invocations=14 (full 0):
 garbage-first heap   total 91136K, used 30362K [0x0000000080000000, 0x0000000100000000)
  region size 1024K, 3 young (3072K), 3 survivors (3072K)
 Metaspace       used 40124K, committed 40576K, reserved 1114112K
  class space    used 4356K, committed 4544K, reserved 1048576K
}
Event: 5.050 GC heap before
{Heap before GC invocations=14 (full 0):
 garbage-first heap   total 91136K, used 72346K [0x0000000080000000, 0x0000000100000000)
  region size 1024K, 44 young (45056K), 3 survivors (3072K)
 Metaspace       used 40345K, committed 40768K, reserved 1114112K
  class space    used 4368K, committed 4544K, reserved 1048576K
}
Event: 5.055 GC heap after
{Heap after GC invocations=15 (full 0):
 garbage-first heap   total 91136K, used 31629K [0x0000000080000000, 0x0000000100000000)
  region size 1024K, 4 young (4096K), 4 survivors (4096K)
 Metaspace       used 40345K, committed 40768K, reserved 1114112K
  class space    used 4368K, committed 4544K, reserved 1048576K
}
Event: 5.603 GC heap before
{Heap before GC invocations=15 (full 0):
 garbage-first heap   total 91136K, used 73613K [0x0000000080000000, 0x0000000100000000)
  region size 1024K, 45 young (46080K), 4 survivors (4096K)
 Metaspace       used 43365K, committed 43904K, reserved 1114112K
  class space    used 4760K, committed 4992K, reserved 1048576K
}
Event: 5.612 GC heap after
{Heap after GC invocations=16 (full 0):
 garbage-first heap   total 91136K, used 35305K [0x0000000080000000, 0x0000000100000000)
  region size 1024K, 6 young (6144K), 6 survivors (6144K)
 Metaspace       used 43365K, committed 43904K, reserved 1114112K
  class space    used 4760K, committed 4992K, reserved 1048576K
}
Event: 7.161 GC heap before
{Heap before GC invocations=16 (full 0):
 garbage-first heap   total 91136K, used 73193K [0x0000000080000000, 0x0000000100000000)
  region size 1024K, 43 young (44032K), 6 survivors (6144K)
 Metaspace       used 49974K, committed 50560K, reserved 1114112K
  class space    used 5658K, committed 5888K, reserved 1048576K
}
Event: 7.171 GC heap after
{Heap after GC invocations=17 (full 0):
 garbage-first heap   total 109568K, used 38237K [0x0000000080000000, 0x0000000100000000)
  region size 1024K, 3 young (3072K), 3 survivors (3072K)
 Metaspace       used 49974K, committed 50560K, reserved 1114112K
  class space    used 5658K, committed 5888K, reserved 1048576K
}

Dll operation events (10 events):
Event: 0.017 Loaded shared library C:\Users\soumya.kj\.katalon\packages\KSE-10.4.3\jre\bin\java.dll
Event: 0.262 Loaded shared library C:\Users\soumya.kj\.katalon\packages\KSE-10.4.3\jre\bin\net.dll
Event: 0.264 Loaded shared library C:\Users\soumya.kj\.katalon\packages\KSE-10.4.3\jre\bin\nio.dll
Event: 0.272 Loaded shared library C:\Users\soumya.kj\.katalon\packages\KSE-10.4.3\jre\bin\zip.dll
Event: 1.001 Loaded shared library C:\Users\soumya.kj\.katalon\packages\KSE-10.4.3\jre\bin\verify.dll
Event: 1.219 Loaded shared library C:\Users\soumya.kj\.katalon\packages\KSE-10.4.3\jre\bin\jimage.dll
Event: 4.381 Loaded shared library C:\Users\soumya.kj\.katalon\packages\KSE-10.4.3\jre\bin\extnet.dll
Event: 5.806 Loaded shared library C:\Users\soumya.kj\.katalon\packages\KSE-10.4.3\jre\bin\management.dll
Event: 5.809 Loaded shared library C:\Users\soumya.kj\.katalon\packages\KSE-10.4.3\jre\bin\management_ext.dll
Event: 6.031 Loaded shared library C:\Users\soumya.kj\.katalon\packages\KSE-10.4.3\jre\bin\sunmscapi.dll

Deoptimization events (20 events):
Event: 8.509 Thread 0x000001e16544dcf0 Uncommon trap: trap_request=0xffffffbe fr.pc=0x000001e17073d890 relative=0x00000000000003d0
Event: 8.509 Thread 0x000001e16544dcf0 Uncommon trap: reason=profile_predicate action=maybe_recompile pc=0x000001e17073d890 method=java.lang.StringLatin1$CharsSpliterator.forEachRemaining(Ljava/util/function/IntConsumer;)V @ 68 c2
Event: 8.509 Thread 0x000001e16544dcf0 DEOPT PACKING pc=0x000001e17073d890 sp=0x00000058dfff9060
Event: 8.509 Thread 0x000001e16544dcf0 DEOPT UNPACKING pc=0x000001e16ff369a3 sp=0x00000058dfff9000 mode 2
Event: 8.524 Thread 0x000001e16544dcf0 Uncommon trap: trap_request=0xfffffff4 fr.pc=0x000001e170728360 relative=0x0000000000000200
Event: 8.524 Thread 0x000001e16544dcf0 Uncommon trap: reason=null_check action=make_not_entrant pc=0x000001e170728360 method=sun.invoke.util.VerifyType.isNullConversion(Ljava/lang/Class;Ljava/lang/Class;Z)Z @ 12 c2
Event: 8.524 Thread 0x000001e16544dcf0 DEOPT PACKING pc=0x000001e170728360 sp=0x00000058dfffa730
Event: 8.524 Thread 0x000001e16544dcf0 DEOPT UNPACKING pc=0x000001e16ff369a3 sp=0x00000058dfffa6b8 mode 2
Event: 8.530 Thread 0x000001e16544dcf0 DEOPT PACKING pc=0x000001e168e4544a sp=0x00000058dfffa820
Event: 8.530 Thread 0x000001e16544dcf0 DEOPT UNPACKING pc=0x000001e16ff37143 sp=0x00000058dfff9cc8 mode 0
Event: 8.531 Thread 0x000001e16544dcf0 DEOPT PACKING pc=0x000001e168e65b20 sp=0x00000058dfffa700
Event: 8.531 Thread 0x000001e16544dcf0 DEOPT UNPACKING pc=0x000001e16ff37143 sp=0x00000058dfff9bb0 mode 0
Event: 8.626 Thread 0x000001e16544dcf0 Uncommon trap: trap_request=0xfffffff4 fr.pc=0x000001e17078a2a0 relative=0x0000000000000340
Event: 8.626 Thread 0x000001e16544dcf0 Uncommon trap: reason=null_check action=make_not_entrant pc=0x000001e17078a2a0 method=sun.invoke.util.VerifyType.isNullConversion(Ljava/lang/Class;Ljava/lang/Class;Z)Z @ 67 c2
Event: 8.626 Thread 0x000001e16544dcf0 DEOPT PACKING pc=0x000001e17078a2a0 sp=0x00000058dfff8d80
Event: 8.626 Thread 0x000001e16544dcf0 DEOPT UNPACKING pc=0x000001e16ff369a3 sp=0x00000058dfff8d20 mode 2
Event: 8.641 Thread 0x000001e16544dcf0 Uncommon trap: trap_request=0xffffff45 fr.pc=0x000001e170519804 relative=0x0000000000000384
Event: 8.641 Thread 0x000001e16544dcf0 Uncommon trap: reason=unstable_if action=reinterpret pc=0x000001e170519804 method=java.lang.CharacterDataLatin1.digit(II)I @ 7 c2
Event: 8.641 Thread 0x000001e16544dcf0 DEOPT PACKING pc=0x000001e170519804 sp=0x00000058dfff8d30
Event: 8.641 Thread 0x000001e16544dcf0 DEOPT UNPACKING pc=0x000001e16ff369a3 sp=0x00000058dfff8b58 mode 2

Classes loaded (20 events):
Event: 8.288 Loading class sun/reflect/annotation/AnnotatedTypeFactory$AnnotatedTypeBaseImpl
Event: 8.288 Loading class sun/reflect/annotation/AnnotatedTypeFactory$AnnotatedTypeBaseImpl done
Event: 8.288 Loading class sun/reflect/annotation/TypeAnnotation$LocationInfo
Event: 8.288 Loading class sun/reflect/annotation/TypeAnnotation$LocationInfo done
Event: 8.288 Loading class sun/reflect/annotation/TypeAnnotation$LocationInfo$Location
Event: 8.288 Loading class sun/reflect/annotation/TypeAnnotation$LocationInfo$Location done
Event: 8.356 Loading class java/lang/reflect/AnnotatedParameterizedType
Event: 8.356 Loading class java/lang/reflect/AnnotatedParameterizedType done
Event: 8.365 Loading class java/lang/reflect/AnnotatedWildcardType
Event: 8.365 Loading class java/lang/reflect/AnnotatedWildcardType done
Event: 8.380 Loading class java/lang/reflect/AnnotatedArrayType
Event: 8.380 Loading class java/lang/reflect/AnnotatedArrayType done
Event: 8.457 Loading class java/lang/invoke/BoundMethodHandle$Species_LLLLLLLLLL
Event: 8.457 Loading class java/lang/invoke/BoundMethodHandle$Species_LLLLLLLLLL done
Event: 8.457 Loading class java/lang/invoke/BoundMethodHandle$Species_LLLLLLLLLLL
Event: 8.457 Loading class java/lang/invoke/BoundMethodHandle$Species_LLLLLLLLLLL done
Event: 8.460 Loading class java/lang/invoke/BoundMethodHandle$Species_LLLLLLLLLLLL
Event: 8.460 Loading class java/lang/invoke/BoundMethodHandle$Species_LLLLLLLLLLLL done
Event: 8.462 Loading class java/lang/invoke/BoundMethodHandle$Species_LLLLLLLLLLLLL
Event: 8.462 Loading class java/lang/invoke/BoundMethodHandle$Species_LLLLLLLLLLLLL done

Classes unloaded (0 events):
No events

Classes redefined (0 events):
No events

Internal exceptions (20 events):
Event: 6.323 Thread 0x000001e105c6d810 Exception <a 'java/lang/NoSuchMethodError'{0x000000008393b068}: 'java.lang.Object java.lang.invoke.DirectMethodHandle$Holder.invokeSpecial(java.lang.Object, java.lang.Object, java.lang.Object, java.lang.Object, int)'> (0x000000008393b068) 
thrown [s\src\hotspot\share\interpreter\linkResolver.cpp, line 759]
Event: 6.323 Thread 0x000001e105c6d810 Exception <a 'java/lang/NoSuchMethodError'{0x000000008393e770}: 'java.lang.Object java.lang.invoke.Invokers$Holder.linkToTargetMethod(java.lang.Object, java.lang.Object, int, java.lang.Object)'> (0x000000008393e770) 
thrown [s\src\hotspot\share\interpreter\linkResolver.cpp, line 759]
Event: 6.355 Thread 0x000001e105c6bec0 Exception <a 'java/lang/NoSuchMethodError'{0x000000008376f008}: 'int java.lang.invoke.DirectMethodHandle$Holder.invokeSpecialIFC(java.lang.Object, java.lang.Object, java.lang.Object, java.lang.Object, java.lang.Object)'> (0x000000008376f008) 
thrown [s\src\hotspot\share\interpreter\linkResolver.cpp, line 759]
Event: 7.125 Thread 0x000001e105c6bec0 Exception <a 'java/lang/NoSuchMethodError'{0x00000000836a6b00}: 'java.lang.Object java.lang.invoke.DirectMethodHandle$Holder.newInvokeSpecial(java.lang.Object, java.lang.Object, long, java.lang.Object, java.lang.Object, java.lang.Object)'> (0x00000000836a6b00) 
thrown [s\src\hotspot\share\interpreter\linkResolver.cpp, line 759]
Event: 7.127 Thread 0x000001e105c6bec0 Exception <a 'java/lang/NoSuchMethodError'{0x00000000836cbe38}: 'void java.lang.invoke.DirectMethodHandle$Holder.invokeSpecial(java.lang.Object, java.lang.Object, java.lang.Object, java.lang.Object, java.lang.Object, java.lang.Object, java.lang.Object)'> (0x00000000836cbe38) 
thrown [s\src\hotspot\share\interpreter\linkResolver.cpp, line 759]
Event: 7.138 Thread 0x000001e16544dcf0 Exception <a 'java/lang/NoSuchMethodError'{0x00000000835913d8}: 'java.lang.Object java.lang.invoke.DirectMethodHandle$Holder.invokeSpecialIFC(java.lang.Object, java.lang.Object, java.lang.Object)'> (0x00000000835913d8) 
thrown [s\src\hotspot\share\interpreter\linkResolver.cpp, line 759]
Event: 7.816 Thread 0x000001e16544dcf0 Exception <a 'java/lang/ClassNotFoundException'{0x0000000087dfd868}: sun/util/logging/resources/spi/loggingProvider> (0x0000000087dfd868) 
thrown [s\src\hotspot\share\classfile\systemDictionary.cpp, line 256]
Event: 8.442 Thread 0x000001e16544dcf0 Exception <a 'java/lang/NoSuchMethodError'{0x0000000084835fc0}: 'java.lang.Object java.lang.invoke.DirectMethodHandle$Holder.newInvokeSpecial(java.lang.Object, java.lang.Object, java.lang.Object, java.lang.Object, java.lang.Object, java.lang.Object)'> (0x0000000084835fc0) 
thrown [s\src\hotspot\share\interpreter\linkResolver.cpp, line 759]
Event: 8.462 Thread 0x000001e16544dcf0 Exception <a 'java/lang/NoSuchMethodError'{0x00000000848b6480}: 'java.lang.Object java.lang.invoke.DirectMethodHandle$Holder.invokeSpecial(java.lang.Object, java.lang.Object, long, java.lang.Object, java.lang.Object, java.lang.Object, java.lang.Object, int, java.lang.Object, int)'> (0x00000000848b6480) 
thrown [s\src\hotspot\share\interpreter\linkResolver.cpp, line 759]
Event: 8.463 Thread 0x000001e16544dcf0 Exception <a 'java/lang/NoSuchMethodError'{0x00000000848baf88}: 'java.lang.Object java.lang.invoke.DelegatingMethodHandle$Holder.reinvoke_L(java.lang.Object, long, java.lang.Object, java.lang.Object, java.lang.Object, java.lang.Object, int, java.lang.Object, int)'> (0x00000000848baf88) 
thrown [s\src\hotspot\share\interpreter\linkResolver.cpp, line 759]
Event: 8.464 Thread 0x000001e16544dcf0 Exception <a 'java/lang/NoSuchMethodError'{0x00000000848d1750}: 'java.lang.Object java.lang.invoke.DirectMethodHandle$Holder.invokeSpecial(java.lang.Object, java.lang.Object, java.lang.Object, java.lang.Object, java.lang.Object, java.lang.Object, int, java.lang.Object, int)'> (0x00000000848d1750) 
thrown [s\src\hotspot\share\interpreter\linkResolver.cpp, line 759]
Event: 8.515 Thread 0x000001e16544dcf0 Exception <a 'java/lang/ClassNotFoundException'{0x00000000846db710}: com/kms/katalon/core/webui/driver/DriverFactoryBeanInfo> (0x00000000846db710) 
thrown [s\src\hotspot\share\classfile\systemDictionary.cpp, line 256]
Event: 8.516 Thread 0x000001e16544dcf0 Exception <a 'java/lang/ClassNotFoundException'{0x00000000846faec0}: com/kms/katalon/core/webui/driver/DriverFactoryCustomizer> (0x00000000846faec0) 
thrown [s\src\hotspot\share\classfile\systemDictionary.cpp, line 256]
Event: 8.537 Thread 0x000001e16544dcf0 Exception <a 'java/lang/ClassNotFoundException'{0x000000008435d910}: com/kms/katalon/core/webui/keyword/builtin/MaximizeWindowKeywordBeanInfo> (0x000000008435d910) 
thrown [s\src\hotspot\share\classfile\systemDictionary.cpp, line 256]
Event: 8.540 Thread 0x000001e16544dcf0 Exception <a 'java/lang/ClassNotFoundException'{0x000000008437e628}: com/kms/katalon/core/webui/keyword/builtin/MaximizeWindowKeywordCustomizer> (0x000000008437e628) 
thrown [s\src\hotspot\share\classfile\systemDictionary.cpp, line 256]
Event: 8.618 Thread 0x000001e16544dcf0 Exception <a 'java/lang/ClassNotFoundException'{0x00000000842a31e0}: internal/GlobalVariableBeanInfo> (0x00000000842a31e0) 
thrown [s\src\hotspot\share\classfile\systemDictionary.cpp, line 256]
Event: 8.624 Thread 0x000001e16544dcf0 Exception <a 'java/lang/ClassNotFoundException'{0x00000000842be9f8}: internal/GlobalVariableCustomizer> (0x00000000842be9f8) 
thrown [s\src\hotspot\share\classfile\systemDictionary.cpp, line 256]
Event: 8.626 Thread 0x000001e16544dcf0 Implicit null exception at 0x000001e17078a024 to 0x000001e17078a28c
Event: 8.687 Thread 0x000001e16544dcf0 Exception <a 'java/lang/ClassNotFoundException'{0x00000000841faf70}: groovy/util/NodeBeanInfo> (0x00000000841faf70) 
thrown [s\src\hotspot\share\classfile\systemDictionary.cpp, line 256]
Event: 8.689 Thread 0x000001e16544dcf0 Exception <a 'java/lang/ClassNotFoundException'{0x00000000840bc0c0}: groovy/util/NodeCustomizer> (0x00000000840bc0c0) 
thrown [s\src\hotspot\share\classfile\systemDictionary.cpp, line 256]

VM Operations (20 events):
Event: 6.164 Executing VM operation: HandshakeAllThreads
Event: 6.164 Executing VM operation: HandshakeAllThreads done
Event: 6.165 Executing VM operation: HandshakeAllThreads
Event: 6.165 Executing VM operation: HandshakeAllThreads done
Event: 6.168 Executing VM operation: HandshakeAllThreads
Event: 6.168 Executing VM operation: HandshakeAllThreads done
Event: 7.119 Executing VM operation: HandshakeAllThreads
Event: 7.119 Executing VM operation: HandshakeAllThreads done
Event: 7.119 Executing VM operation: Cleanup
Event: 7.119 Executing VM operation: Cleanup done
Event: 7.161 Executing VM operation: G1CollectForAllocation
Event: 7.171 Executing VM operation: G1CollectForAllocation done
Event: 7.949 Executing VM operation: HandshakeAllThreads
Event: 7.949 Executing VM operation: HandshakeAllThreads done
Event: 8.275 Executing VM operation: ICBufferFull
Event: 8.275 Executing VM operation: ICBufferFull done
Event: 8.396 Executing VM operation: HandshakeAllThreads
Event: 8.396 Executing VM operation: HandshakeAllThreads done
Event: 8.486 Executing VM operation: ICBufferFull
Event: 8.486 Executing VM operation: ICBufferFull done

Memory protections (0 events):
No events

Nmethod flushes (20 events):
Event: 5.047 Thread 0x000001e17ebeb5c0 flushing  nmethod 0x000001e16911ad10
Event: 5.047 Thread 0x000001e17ebeb5c0 flushing  nmethod 0x000001e16911b090
Event: 5.047 Thread 0x000001e17ebeb5c0 flushing  nmethod 0x000001e16911b490
Event: 5.048 Thread 0x000001e17ebeb5c0 flushing  nmethod 0x000001e16913fc90
Event: 5.048 Thread 0x000001e17ebeb5c0 flushing  nmethod 0x000001e169147c10
Event: 5.048 Thread 0x000001e17ebeb5c0 flushing  nmethod 0x000001e169148290
Event: 5.048 Thread 0x000001e17ebeb5c0 flushing osr nmethod 0x000001e16914f390
Event: 5.048 Thread 0x000001e17ebeb5c0 flushing  nmethod 0x000001e169150910
Event: 5.048 Thread 0x000001e17ebeb5c0 flushing  nmethod 0x000001e169152190
Event: 5.048 Thread 0x000001e17ebeb5c0 flushing  nmethod 0x000001e169152610
Event: 5.048 Thread 0x000001e17ebeb5c0 flushing  nmethod 0x000001e169152a10
Event: 5.048 Thread 0x000001e17ebeb5c0 flushing  nmethod 0x000001e1691a3310
Event: 5.048 Thread 0x000001e17ebeb5c0 flushing  nmethod 0x000001e1691a3d10
Event: 5.048 Thread 0x000001e17ebeb5c0 flushing  nmethod 0x000001e1691a4890
Event: 5.048 Thread 0x000001e17ebeb5c0 flushing  nmethod 0x000001e1691a7610
Event: 5.048 Thread 0x000001e17ebeb5c0 flushing  nmethod 0x000001e1691a7b90
Event: 5.048 Thread 0x000001e17ebeb5c0 flushing  nmethod 0x000001e1691a7f10
Event: 5.048 Thread 0x000001e17ebeb5c0 flushing  nmethod 0x000001e1691ac610
Event: 5.048 Thread 0x000001e17ebeb5c0 flushing  nmethod 0x000001e1691bb510
Event: 5.048 Thread 0x000001e17ebeb5c0 flushing  nmethod 0x000001e1691bf490

Events (20 events):
Event: 6.235 Thread 0x000001e17ebe73f0 Thread added: 0x000001e106719420
Event: 6.293 Thread 0x000001e16544dcf0 Thread added: 0x000001e105c6d810
Event: 6.296 Thread 0x000001e16544dcf0 Thread added: 0x000001e105c6a570
Event: 6.352 Thread 0x000001e106a9aaa0 Thread added: 0x000001e105c6bec0
Event: 6.354 Thread 0x000001e106a9aaa0 Thread added: 0x000001e105c6af90
Event: 6.355 Thread 0x000001e106a9aaa0 Thread added: 0x000001e105c6b4a0
Event: 7.119 Thread 0x000001e106719420 Thread exited: 0x000001e106719420
Event: 7.188 Thread 0x000001e16544dcf0 Thread added: 0x000001e105c6a060
Event: 7.197 Thread 0x000001e16544dcf0 Thread added: 0x000001e105c6c8e0
Event: 7.199 Thread 0x000001e17ebe73f0 Thread added: 0x000001e106718430
Event: 7.199 Thread 0x000001e105c6a060 Thread added: 0x000001e105c6dd20
Event: 7.199 Thread 0x000001e105c6a060 Thread added: 0x000001e105c6b9b0
Event: 7.243 Thread 0x000001e16544dcf0 Thread added: 0x000001e105c6e740
Event: 7.243 Thread 0x000001e16544dcf0 Thread added: 0x000001e105c6ec50
Event: 7.245 Thread 0x000001e105c6e740 Thread added: 0x000001e105c6cdf0
Event: 7.245 Thread 0x000001e105c6e740 Thread added: 0x000001e105c6e230
Event: 7.245 Thread 0x000001e105c6e740 Thread added: 0x000001e105c6f160
Event: 7.415 Thread 0x000001e106718430 Thread exited: 0x000001e106718430
Event: 7.878 Thread 0x000001e17ebe73f0 Thread added: 0x000001e106718430
Event: 7.926 Thread 0x000001e105c6b9b0 Thread added: 0x000001e105c6fb80


Dynamic libraries:
0x00007ff69ce10000 - 0x00007ff69ce1e000 	C:\Users\soumya.kj\.katalon\packages\KSE-10.4.3\jre\bin\javaw.exe
0x00007ffcedc80000 - 0x00007ffcedee7000 	C:\WINDOWS\SYSTEM32\ntdll.dll
0x00007ffcec3f0000 - 0x00007ffcec4b9000 	C:\WINDOWS\System32\KERNEL32.DLL
0x00007ffceb550000 - 0x00007ffceb947000 	C:\WINDOWS\System32\KERNELBASE.dll
0x00007ffcea6b0000 - 0x00007ffcea7fb000 	C:\WINDOWS\System32\ucrtbase.dll
0x00007ffccdaf0000 - 0x00007ffccdb07000 	C:\Users\soumya.kj\.katalon\packages\KSE-10.4.3\jre\bin\jli.dll
0x00007ffcec730000 - 0x00007ffcec8f6000 	C:\WINDOWS\System32\USER32.dll
0x00007ffceb2e0000 - 0x00007ffceb307000 	C:\WINDOWS\System32\win32u.dll
0x00007ffceba00000 - 0x00007ffceba2b000 	C:\WINDOWS\System32\GDI32.dll
0x00007ffceb120000 - 0x00007ffceb24c000 	C:\WINDOWS\System32\gdi32full.dll
0x00007ffcea800000 - 0x00007ffcea8a3000 	C:\WINDOWS\System32\msvcp_win.dll
0x00007ffccd940000 - 0x00007ffccd95e000 	C:\Users\soumya.kj\.katalon\packages\KSE-10.4.3\jre\bin\VCRUNTIME140.dll
0x00007ffcb8930000 - 0x00007ffcb8bc2000 	C:\WINDOWS\WinSxS\amd64_microsoft.windows.common-controls_6595b64144ccf1df_6.0.26100.8457_none_3e0b2faee331e92d\COMCTL32.dll
0x00007ffced220000 - 0x00007ffced2c9000 	C:\WINDOWS\System32\msvcrt.dll
0x00007ffcebdc0000 - 0x00007ffcebdf2000 	C:\WINDOWS\System32\IMM32.DLL
0x00007ffcdb400000 - 0x00007ffcdb40c000 	C:\Users\soumya.kj\.katalon\packages\KSE-10.4.3\jre\bin\vcruntime140_1.dll
0x00007ffcb6220000 - 0x00007ffcb62ad000 	C:\Users\soumya.kj\.katalon\packages\KSE-10.4.3\jre\bin\msvcp140.dll
0x00007ffc7bab0000 - 0x00007ffc7c71b000 	C:\Users\soumya.kj\.katalon\packages\KSE-10.4.3\jre\bin\server\jvm.dll
0x00007ffceda80000 - 0x00007ffcedb36000 	C:\WINDOWS\System32\ADVAPI32.dll
0x00007ffced170000 - 0x00007ffced217000 	C:\WINDOWS\System32\sechost.dll
0x00007ffcebe80000 - 0x00007ffcebf98000 	C:\WINDOWS\System32\RPCRT4.dll
0x00007ffcec6a0000 - 0x00007ffcec720000 	C:\WINDOWS\System32\WS2_32.dll
0x00007ffcea530000 - 0x00007ffcea58e000 	C:\WINDOWS\SYSTEM32\POWRPROF.dll
0x00007ffcc5fe0000 - 0x00007ffcc6016000 	C:\WINDOWS\SYSTEM32\WINMM.dll
0x00007ffce6370000 - 0x00007ffce637b000 	C:\WINDOWS\SYSTEM32\VERSION.dll
0x00007ffcea510000 - 0x00007ffcea524000 	C:\WINDOWS\SYSTEM32\UMPDC.dll
0x00007ffce9440000 - 0x00007ffce945b000 	C:\WINDOWS\SYSTEM32\kernel.appcore.dll
0x00007ffce4d20000 - 0x00007ffce4d2a000 	C:\Users\soumya.kj\.katalon\packages\KSE-10.4.3\jre\bin\jimage.dll
0x00007ffcc4ce0000 - 0x00007ffcc4f22000 	C:\WINDOWS\SYSTEM32\DBGHELP.DLL
0x00007ffceba30000 - 0x00007ffcebdb3000 	C:\WINDOWS\System32\combase.dll
0x00007ffcec5c0000 - 0x00007ffcec699000 	C:\WINDOWS\System32\OLEAUT32.dll
0x00007ffccb2e0000 - 0x00007ffccb31b000 	C:\WINDOWS\SYSTEM32\dbgcore.DLL
0x00007ffceb950000 - 0x00007ffceb9f8000 	C:\WINDOWS\System32\bcryptPrimitives.dll
0x00007ffccd620000 - 0x00007ffccd645000 	C:\Users\soumya.kj\.katalon\packages\KSE-10.4.3\jre\bin\java.dll
0x00007ffcdf340000 - 0x00007ffcdf358000 	C:\Users\soumya.kj\.katalon\packages\KSE-10.4.3\jre\bin\zip.dll
0x00007ffced300000 - 0x00007ffceda6e000 	C:\WINDOWS\System32\SHELL32.dll
0x00007ffcea8b0000 - 0x00007ffceb11c000 	C:\WINDOWS\System32\windows.storage.dll
0x00007ffcec4c0000 - 0x00007ffcec5b6000 	C:\WINDOWS\System32\SHCORE.dll
0x00007ffcec350000 - 0x00007ffcec3b6000 	C:\WINDOWS\System32\shlwapi.dll
0x00007ffcea5d0000 - 0x00007ffcea5f9000 	C:\WINDOWS\SYSTEM32\profapi.dll
0x00007ffcdabf0000 - 0x00007ffcdac09000 	C:\Users\soumya.kj\.katalon\packages\KSE-10.4.3\jre\bin\net.dll
0x00007ffce6ff0000 - 0x00007ffce7119000 	C:\WINDOWS\SYSTEM32\WINHTTP.dll
0x00007ffce99b0000 - 0x00007ffce9a1c000 	C:\WINDOWS\system32\mswsock.dll
0x00007ffcda840000 - 0x00007ffcda856000 	C:\Users\soumya.kj\.katalon\packages\KSE-10.4.3\jre\bin\nio.dll
0x00007ffce18a0000 - 0x00007ffce18b0000 	C:\Users\soumya.kj\.katalon\packages\KSE-10.4.3\jre\bin\verify.dll
0x00007ffcdc110000 - 0x00007ffcdc119000 	C:\Users\soumya.kj\.katalon\packages\KSE-10.4.3\jre\bin\extnet.dll
0x00007ffce8c10000 - 0x00007ffce8d42000 	C:\WINDOWS\SYSTEM32\DNSAPI.dll
0x00007ffce8b50000 - 0x00007ffce8b82000 	C:\WINDOWS\SYSTEM32\IPHLPAPI.DLL
0x00007ffced000000 - 0x00007ffced00a000 	C:\WINDOWS\System32\NSI.dll
0x00007ffce6050000 - 0x00007ffce605b000 	C:\Windows\System32\rasadhlp.dll
0x00007ffce77a0000 - 0x00007ffce7826000 	C:\WINDOWS\System32\fwpuclnt.dll
0x00007ffcdb6d0000 - 0x00007ffcdb6da000 	C:\Users\soumya.kj\.katalon\packages\KSE-10.4.3\jre\bin\management.dll
0x00007ffcdb6a0000 - 0x00007ffcdb6ab000 	C:\Users\soumya.kj\.katalon\packages\KSE-10.4.3\jre\bin\management_ext.dll
0x00007ffcec3c0000 - 0x00007ffcec3c8000 	C:\WINDOWS\System32\PSAPI.DLL
0x00007ffce9c90000 - 0x00007ffce9cab000 	C:\WINDOWS\SYSTEM32\CRYPTSP.dll
0x00007ffce93a0000 - 0x00007ffce93d9000 	C:\WINDOWS\system32\rsaenh.dll
0x00007ffce9a60000 - 0x00007ffce9a93000 	C:\WINDOWS\SYSTEM32\USERENV.dll
0x00007ffcea5a0000 - 0x00007ffcea5ca000 	C:\WINDOWS\SYSTEM32\bcrypt.dll
0x00007ffce9cb0000 - 0x00007ffce9cbc000 	C:\WINDOWS\SYSTEM32\CRYPTBASE.dll
0x00007ffce7860000 - 0x00007ffce787d000 	C:\WINDOWS\SYSTEM32\dhcpcsvc6.DLL
0x00007ffce7830000 - 0x00007ffce7855000 	C:\WINDOWS\SYSTEM32\dhcpcsvc.DLL
0x00007ffcdda30000 - 0x00007ffcdda3e000 	C:\Users\soumya.kj\.katalon\packages\KSE-10.4.3\jre\bin\sunmscapi.dll
0x00007ffceb310000 - 0x00007ffceb488000 	C:\WINDOWS\System32\CRYPT32.dll
0x00007ffce9eb0000 - 0x00007ffce9ee0000 	C:\WINDOWS\SYSTEM32\ncrypt.dll
0x00007ffce9e60000 - 0x00007ffce9e9f000 	C:\WINDOWS\SYSTEM32\NTASN1.dll
0x00007ffcdbca0000 - 0x00007ffcdbca8000 	C:\WINDOWS\system32\wshunix.dll

dbghelp: loaded successfully - version: 4.0.5 - missing functions: none
symbol engine: initialized successfully - sym options: 0x614 - pdb path: .;C:\Users\soumya.kj\.katalon\packages\KSE-10.4.3\jre\bin;C:\WINDOWS\SYSTEM32;C:\WINDOWS\WinSxS\amd64_microsoft.windows.common-controls_6595b64144ccf1df_6.0.26100.8457_none_3e0b2faee331e92d;C:\Users\soumya.kj\.katalon\packages\KSE-10.4.3\jre\bin\server

VM Arguments:
jvm_args: -Dgroovy.home=C:\Users\soumya.kj/.groovy -Djava.system.class.loader=groovy.lang.GroovyClassLoader -Xmx2048m -Dfile.encoding=UTF-8 -Dstdout.encoding=UTF-8 -Dstderr.encoding=UTF-8 -XX:+ShowCodeDetailsInExceptionMessages 
java_command: org.codehaus.groovy.tools.GroovyStarter --classpath C:\Users\soumya.kj\Katalon Studio\Workoutput\bin\keyword;C:\Users\soumya.kj\Katalon Studio\Workoutput\Keywords;C:\Users\soumya.kj\Katalon Studio\Workoutput\bin\listener;C:\Users\soumya.kj\Katalon Studio\Workoutput\Test Listeners;C:\Users\soumya.kj\Katalon Studio\Workoutput\bin\lib;C:\Users\soumya.kj\Katalon Studio\Workoutput\Libs;C:\Users\soumya.kj\Katalon Studio\Workoutput\bin\groovy;C:\Users\soumya.kj\Katalon Studio\Workoutput\Include\scripts\groovy;C:\Users\soumya.kj\.katalon\packages\KSE-10.4.3\plugins\com.kms.katalon.core_1.0.0.202512220625.jar;C:\Users\soumya.kj\.katalon\packages\KSE-10.4.3\configuration\resources\lib\aalto-xml-1.0.0.jar;C:\Users\soumya.kj\.katalon\packages\KSE-10.4.3\configuration\resources\lib\aws-2.20.3-fat.jar;C:\Users\soumya.kj\.katalon\packages\KSE-10.4.3\configuration\resources\lib\browsermob-core-2.1.5.jar;C:\Users\soumya.kj\.katalon\packages\KSE-10.4.3\configuration\resources\lib\byte-buddy-1.14.3.jar;C:\Users\soumya.kj\.katalon\packages\KSE-10.4.3\configuration\resources\lib\byte-buddy-agent-1.14.3.jar;C:\Users\soumya.kj\.katalon\packages\KSE-10.4.3\configuration\resources\lib\commons-codec-1.10.jar;C:\Users\soumya.kj\.katalon\packages\KSE-10.4.3\configuration\resources\lib\commons-collections4-4.1.jar;C:\Users\soumya.kj\.katalon\packages\KSE-10.4.3\configuration\resources\lib\commons-javaflow-20060411.jar;C:\Users\soumya.kj\.katalon\packages\KSE-10.4.3\configuration\resources\lib\commons-logging-1.3.4.jar;C:\Users\soumya.kj\.katalon\packages\KSE-10.4.3\configuration\resources\lib\curvesapi-1.04.jar;C:\Users\soumya.kj\.katalon\packages\KSE-10.4.3\configuration\resources\lib\dnsjava-3.6.2.jar;C:\Users\soumya.kj\.katalon\packages\KSE-10.4.3\configuration\resources\lib\ecj-3.21.0.jar;C:\Users\soumya.kj\.katalon\packages\KSE-10.4.3\configuration\resources\lib\fontbox-3.0.4.jar;C:\Users\soumya.kj\.katalon\packages\KSE-10.4.3\configuration\resources\lib\groovy-3.0.17.jar;C
java_class_path (initial): C:\Users\soumya.kj\Katalon Studio\Workoutput\bin\keyword;C:\Users\soumya.kj\Katalon Studio\Workoutput\bin\listener;C:\Users\soumya.kj\Katalon Studio\Workoutput\bin\lib;C:\Users\soumya.kj\Katalon Studio\Workoutput\bin\groovy;C:\Users\soumya.kj\Katalon Studio\Workoutput\bin;C:\Users\soumya.kj\.katalon\packages\KSE-10.4.3\plugins\com.kms.katalon.core_1.0.0.202512220625.jar;C:\Users\soumya.kj\.katalon\packages\KSE-10.4.3\configuration\resources\lib\aalto-xml-1.0.0.jar;C:\Users\soumya.kj\.katalon\packages\KSE-10.4.3\configuration\resources\lib\aws-2.20.3-fat.jar;C:\Users\soumya.kj\.katalon\packages\KSE-10.4.3\configuration\resources\lib\browsermob-core-2.1.5.jar;C:\Users\soumya.kj\.katalon\packages\KSE-10.4.3\configuration\resources\lib\byte-buddy-1.14.3.jar;C:\Users\soumya.kj\.katalon\packages\KSE-10.4.3\configuration\resources\lib\byte-buddy-agent-1.14.3.jar;C:\Users\soumya.kj\.katalon\packages\KSE-10.4.3\configuration\resources\lib\commons-codec-1.10.jar;C:\Users\soumya.kj\.katalon\packages\KSE-10.4.3\configuration\resources\lib\commons-collections4-4.1.jar;C:\Users\soumya.kj\.katalon\packages\KSE-10.4.3\configuration\resources\lib\commons-javaflow-20060411.jar;C:\Users\soumya.kj\.katalon\packages\KSE-10.4.3\configuration\resources\lib\commons-logging-1.3.4.jar;C:\Users\soumya.kj\.katalon\packages\KSE-10.4.3\configuration\resources\lib\curvesapi-1.04.jar;C:\Users\soumya.kj\.katalon\packages\KSE-10.4.3\configuration\resources\lib\dnsjava-3.6.2.jar;C:\Users\soumya.kj\.katalon\packages\KSE-10.4.3\configuration\resources\lib\ecj-3.21.0.jar;C:\Users\soumya.kj\.katalon\packages\KSE-10.4.3\configuration\resources\lib\fontbox-3.0.4.jar;C:\Users\soumya.kj\.katalon\packages\KSE-10.4.3\configuration\resources\lib\groovy-3.0.17.jar;C:\Users\soumya.kj\.katalon\packages\KSE-10.4.3\configuration\resources\lib\jackson-coreutils-2.0.jar;C:\Users\soumya.kj\.katalon\packages\KSE-10.4.3\configuration\resources\lib\jackson-coreutils-equivalence-1.0.jar;C:\User
Launcher Type: SUN_STANDARD

[Global flags]
     intx CICompilerCount                          = 3                                         {product} {ergonomic}
     uint ConcGCThreads                            = 1                                         {product} {ergonomic}
     uint G1ConcRefinementThreads                  = 4                                         {product} {ergonomic}
   size_t G1HeapRegionSize                         = 1048576                                   {product} {ergonomic}
    uintx GCDrainStackTargetSize                   = 64                                        {product} {ergonomic}
   size_t InitialHeapSize                          = 199229440                                 {product} {ergonomic}
   size_t MarkStackSize                            = 4194304                                   {product} {ergonomic}
   size_t MaxHeapSize                              = 2147483648                                {product} {command line}
   size_t MaxNewSize                               = 1287651328                                {product} {ergonomic}
   size_t MinHeapDeltaBytes                        = 1048576                                   {product} {ergonomic}
   size_t MinHeapSize                              = 8388608                                   {product} {ergonomic}
    uintx NonNMethodCodeHeapSize                   = 5832780                                {pd product} {ergonomic}
    uintx NonProfiledCodeHeapSize                  = 122912730                              {pd product} {ergonomic}
    uintx ProfiledCodeHeapSize                     = 122912730                              {pd product} {ergonomic}
    uintx ReservedCodeCacheSize                    = 251658240                              {pd product} {ergonomic}
     bool SegmentedCodeCache                       = true                                      {product} {ergonomic}
     bool ShowCodeDetailsInExceptionMessages       = true                                   {manageable} {command line}
   size_t SoftMaxHeapSize                          = 2147483648                             {manageable} {ergonomic}
     bool UseCompressedClassPointers               = true                           {product lp64_product} {ergonomic}
     bool UseCompressedOops                        = true                           {product lp64_product} {ergonomic}
     bool UseG1GC                                  = true                                      {product} {ergonomic}
     bool UseLargePagesIndividualAllocation        = false                                  {pd product} {ergonomic}

Logging:
Log output configuration:
 #0: stdout all=warning uptime,level,tags
 #1: stderr all=off uptime,level,tags

Environment Variables:
JAVA_HOME=C:\Program Files\JAVA\openjdk-21.0.5+11
PATH=C:/Users/soumya.kj/.katalon/packages/KSE-10.4.3/jre/bin/server;C:/Users/soumya.kj/.katalon/packages/KSE-10.4.3/jre/bin;C:\Program Files\JAVA\openjdk-21.0.5+11\bin;C:\WINDOWS\system32;C:\WINDOWS;C:\WINDOWS\System32\Wbem;C:\WINDOWS\System32\WindowsPowerShell\v1.0\;C:\WINDOWS\System32\OpenSSH\;C:\Program Files (x86)\Microsoft SQL Server\170\Tools\Binn\;C:\Program Files\Microsoft SQL Server\170\Tools\Binn\;C:\Program Files\Microsoft SQL Server\Client SDK\ODBC\180\Tools\Binn\;C:\Program Files\Microsoft SQL Server\170\DTS\Binn\;C:\Program Files (x86)\Microsoft SQL Server\Client SDK\ODBC\130\Tools\Binn\;C:\Program Files (x86)\Microsoft SQL Server\130\Tools\Binn\;C:\Program Files (x86)\Microsoft SQL Server\130\DTS\Binn\;C:\Program Files (x86)\Microsoft SQL Server\130\Tools\Binn\ManagementStudio\;C:\Program Files\Git\cmd;C:\Program Files\JAVA\openjdk-21.0.5+11\bin;;C:\Users\soumya.kj\.katalon\packages\KSE-10.4.3;
USERNAME=soumya.kj
OS=Windows_NT
PROCESSOR_IDENTIFIER=Intel64 Family 6 Model 158 Stepping 11, GenuineIntel
TMP=C:\Users\soumya.kj\AppData\Local\Temp
TEMP=C:\Users\soumya.kj\AppData\Local\Temp



Periodic native trim disabled


---------------  S Y S T E M  ---------------

OS:
 Windows 11 , 64 bit Build 26100 (10.0.26100.8328)
OS uptime: 5 days 18:17 hours

CPU: total 4 (initial active 4) (4 cores per cpu, 1 threads per core) family 6 model 158 stepping 11 microcode 0xf4, cx8, cmov, fxsr, mmx, 3dnowpref, sse, sse2, sse3, ssse3, sse4.1, sse4.2, popcnt, lzcnt, tsc, tscinvbit, avx, avx2, aes, erms, clmul, bmi1, bmi2, adx, fma, vzeroupper, clflush, clflushopt
Processor Information for all 4 processors :
  Max Mhz: 3600, Current Mhz: 3600, Mhz Limit: 3600

Memory: 4k page, system-wide physical 12111M (906M free)
TotalPageFile size 27253M (AvailPageFile size 51M)
current process WorkingSet (physical memory assigned to process): 279M, peak: 279M
current process commit charge ("private bytes"): 302M, peak: 319M

vm_info: OpenJDK 64-Bit Server VM (17.0.14+7) for windows-amd64 JRE (17.0.14+7), built on Jan 21 2025 23:40:15 by "admin" with MS VC++ 17.7 (VS2022)

END.
