#
# There is insufficient memory for the Java Runtime Environment to continue.
# Native memory allocation (malloc) failed to allocate 32744 bytes. Error detail: ChunkPool::allocate
# Possible reasons:
#   The system is out of physical RAM or swap space
#   This process is running with CompressedOops enabled, and the Java Heap may be blocking the growth of the native heap
# Possible solutions:
#   Reduce memory load on the system
#   Increase physical memory or swap space
#   Check if swap backing store is full
#   Decrease Java heap size (-Xmx/-Xms)
#   Decrease number of Java threads
#   Decrease Java thread stack sizes (-Xss)
#   Set larger code cache with -XX:ReservedCodeCacheSize=
#   JVM is running with Unscaled Compressed Oops mode in which the Java heap is
#     placed in the first 4GB address space. The Java Heap base address is the
#     maximum limit for the native heap growth. Please use -XX:HeapBaseMinAddress
#     to set the Java Heap base and to place the Java Heap above 4GB virtual address.
# This output file may be truncated or incomplete.
#
#  Out of Memory Error (arena.cpp:79), pid=36928, tid=33776
#
# JRE version: OpenJDK Runtime Environment Temurin-17.0.14+7 (17.0.14+7) (build 17.0.14+7)
# Java VM: OpenJDK 64-Bit Server VM Temurin-17.0.14+7 (17.0.14+7, mixed mode, tiered, compressed oops, compressed class ptrs, g1 gc, windows-amd64)
# No core dump will be written. Minidumps are not enabled by default on client versions of Windows
#

---------------  S U M M A R Y ------------

Command Line: -Dgroovy.home=C:\Users\soumya.kj/.groovy -Djava.system.class.loader=groovy.lang.GroovyClassLoader -Xmx2048m -Dfile.encoding=UTF-8 -Dstdout.encoding=UTF-8 -Dstderr.encoding=UTF-8 -XX:+ShowCodeDetailsInExceptionMessages org.codehaus.groovy.tools.GroovyStarter --classpath C:\Users\soumya.kj\Katalon Studio\Workoutput\bin\keyword;C:\Users\soumya.kj\Katalon Studio\Workoutput\Keywords;C:\Users\soumya.kj\Katalon Studio\Workoutput\bin\listener;C:\Users\soumya.kj\Katalon Studio\Workoutput\Test Listeners;C:\Users\soumya.kj\Katalon Studio\Workoutput\bin\lib;C:\Users\soumya.kj\Katalon Studio\Workoutput\Libs;C:\Users\soumya.kj\Katalon Studio\Workoutput\bin\groovy;C:\Users\soumya.kj\Katalon Studio\Workoutput\Include\scripts\groovy;C:\Users\soumya.kj\.katalon\packages\KSE-10.4.3\plugins\com.kms.katalon.core_1.0.0.202512220625.jar;C:\Users\soumya.kj\.katalon\packages\KSE-10.4.3\configuration\resources\lib\aalto-xml-1.0.0.jar;C:\Users\soumya.kj\.katalon\packages\KSE-10.4.3\configuration\resources\lib\aws-2.20.3-fat.jar;C:\Users\soumya.kj\.katalon\packages\KSE-10.4.3\configuration\resources\lib\browsermob-core-2.1.5.jar;C:\Users\soumya.kj\.katalon\packages\KSE-10.4.3\configuration\resources\lib\byte-buddy-1.14.3.jar;C:\Users\soumya.kj\.katalon\packages\KSE-10.4.3\configuration\resources\lib\byte-buddy-agent-1.14.3.jar;C:\Users\soumya.kj\.katalon\packages\KSE-10.4.3\configuration\resources\lib\commons-codec-1.10.jar;C:\Users\soumya.kj\.katalon\packages\KSE-10.4.3\configuration\resources\lib\commons-collections4-4.1.jar;C:\Users\soumya.kj\.katalon\packages\KSE-10.4.3\configuration\resources\lib\commons-javaflow-20060411.jar;C:\Users\soumya.kj\.katalon\packages\KSE-10.4.3\configuration\resources\lib\commons-logging-1.3.4.jar;C:\Users\soumya.kj\.katalon\packages\KSE-10.4.3\configuration\resources\lib\curvesapi-1.04.jar;C:\Users\soumya.kj\.katalon\packages\KSE-10.4.3\configuration\resources\lib\dnsjava-3.6.2.jar;C:\Users\soumya.kj\.katalon\packages\KSE-10.4.3\configuration\resources\lib\ecj-3.21.0.jar;C:\Users\soumya.kj\.katalon\packages\KSE-10.4.3\configuration\resources\lib\fontbox-3.0.4.jar;C:\Users\soumya.kj\.katalon\packages\KSE-10.4.3\configuration\resources\lib\groovy-3.0.17.jar;C:\Users\soumya.kj\.katalon\packages\KSE-10.4.3\configuration\resources\lib\jackson-coreutils-2.0.jar;C:\Users\soumya.kj\.katalon\packages\KSE-10.4.3\configuration\resources\lib\jackson-coreutils-equivalence-1.0.jar;C:\Users\soumya.kj\.katalon\packages\KSE-10.4.3\configuration\resources\lib\jasperreports-6.20.5.jar;C:\Users\soumya.kj\.katalon\packages\KSE-10.4.3\configuration\resources\lib\jasperreports-fonts-6.20.5.jar;C:\Users\soumya.kj\.katalon\packages\KSE-10.4.3\configuration\resources\lib\javax.servlet-api_3.1.0.jar;C:\Users\soumya.kj\.katalon\packages\KSE-10.4.3\configuration\resources\lib\jna-5.12.1.jar;C:\Users\soumya.kj\.katalon\packages\KSE-10.4.3\configuration\resources\lib\jna-platform-5.12.1.jar;C:\Users\soumya.kj\.katalon\packages\KSE-10.4.3\configuration\resources\lib\json-schema-core-1.2.14.jar;C:\Users\soumya.kj\.katalon\packages\KSE-10.4.3\configuration\resources\lib\json-schema-validator-2.2.14.jar;C:\Users\soumya.kj\.katalon\packages\KSE-10.4.3\configuration\resources\lib\jzlib-1.1.3.jar;C:\Users\soumya.kj\.katalon\packages\KSE-10.4.3\configuration\resources\lib\kat-server.jar;C:\Users\soumya.kj\.katalon\packages\KSE-10.4.3\configuration\resources\lib\littleproxy-1.1.0-beta-bmp-17.jar;C:\Users\soumya.kj\.katalon\packages\KSE-10.4.3\configuration\resources\lib\log4j-1.2-api-2.17.1.jar;C:\Users\soumya.kj\.katalon\packages\KSE-10.4.3\configuration\resources\lib\log4j-api-2.17.1.jar;C:\Users\soumya.kj\.katalon\packages\KSE-10.4.3\configuration\resources\lib\log4j-core-2.17.1.jar;C:\Users\soumya.kj\.katalon\packages\KSE-10.4.3\configuration\resources\lib\mitm-2.1.5.jar;C:\Users\soumya.kj\.katalon\packages\KSE-10.4.3\configuration\resources\lib\mockito-core-5.2.0.jar;C:\Users\soumya.kj\.katalon\packages\KSE-10.4.3\configuration\resources\lib\mockito-inline-5.2.0.jar;C:\Users\soumya.kj\.katalon\packages\KSE-10.4.3\configuration\resources\lib\objenesis-3.3.jar;C:\Users\soumya.kj\.katalon\packages\KSE-10.4.3\configuration\resources\lib\openpdf-1.3.30.jaspersoft.2.jar;C:\Users\soumya.kj\.katalon\packages\KSE-10.4.3\configuration\resources\lib\pdfbox-3.0.4.jar;C:\Users\soumya.kj\.katalon\packages\KSE-10.4.3\configuration\resources\lib\pdfbox-io-3.0.4.jar;C:\Users\soumya.kj\.katalon\packages\KSE-10.4.3\configuration\resources\lib\poi-3.17.jar;C:\Users\soumya.kj\.katalon\packages\KSE-10.4.3\configuration\resources\lib\poi-ooxml-3.17.jar;C:\Users\soumya.kj\.katalon\packages\KSE-10.4.3\configuration\resources\lib\poi-ooxml-schemas-3.17.jar;C:\Users\soumya.kj\.katalon\packages\KSE-10.4.3\configuration\resources\lib\repackaged-sikuli-api-1.0.2-standalone.jar;C:\Users\soumya.kj\.katalon\packages\KSE-10.4.3\configuration\resources\lib\selenium-shutterbug-1.1.jar;C:\Users\soumya.kj\.katalon\packages\KSE-10.4.3\configuration\resources\lib\soap-builder-1.0.0.jar;C:\Users\soumya.kj\.katalon\packages\KSE-10.4.3\configuration\resources\lib\soap-common-1.0.0.jar;C:\Users\soumya.kj\.katalon\packages\KSE-10.4.3\configuration\resources\lib\soap-legacy-1.0.0.jar;C:\Users\soumya.kj\.katalon\packages\KSE-10.4.3\configuration\resources\lib\stax2-api-4.0.0.jar;C:\Users\soumya.kj\.katalon\packages\KSE-10.4.3\configuration\resources\lib\su.jar;C:\Users\soumya.kj\.katalon\packages\KSE-10.4.3\configuration\resources\lib\swagger-parser-1.0.67-fat.jar;C:\Users\soumya.kj\.katalon\packages\KSE-10.4.3\configuration\resources\lib\uri-template-0.1.jar;C:\Users\soumya.kj\.katalon\packages\KSE-10.4.3\configuration\resources\lib\wadl.jar;C:\Users\soumya.kj\.katalon\packages\KSE-10.4.3\configuration\resources\lib\xmlbeans-3.1.0.jar;C:\Users\soumya.kj\.katalon\packages\KSE-10.4.3\plugins\net.sf.supercsv.super-csv_2.4.0.jar;C:\Users\soumya.kj\.katalon\packages\KSE-10.4.3\plugins\org.apache.commons.commons-io_2.17.0.jar;C:\Users\soumya.kj\.katalon\packages\KSE-10.4.3\plugins\org.apache.commons.lang_2.6.0.jar;C:\Users\soumya.kj\.katalon\packages\KSE-10.4.3\plugins\com.google.gson_2.11.0.jar;C:\Users\soumya.kj\.katalon\packages\KSE-10.4.3\plugins\org.jsoup_1.21.1.jar;C:\Users\soumya.kj\.katalon\packages\KSE-10.4.3\plugins\org.apache.commons.dbutils_1.6.0.jar;C:\Users\soumya.kj\.katalon\packages\KSE-10.4.3\plugins\com.oracle.database.jdbc.ojdbc11_21.18.0.0.jar;C:\Users\soumya.kj\.katalon\packages\KSE-10.4.3\plugins\org.postgresql.jdbc_42.7.7.jar;c:\Users\soumya.kj\.katalon\packages\KSE-10.4.3\plugins\org.eclipse.osgi_3.22.0.v20241030-2121.jar;C:\Users\soumya.kj\.katalon\packages\KSE-10.4.3\plugins\com.kms.katalon.constant_1.0.0.202512220625.jar;C:\Users\soumya.kj\.katalon\packages\KSE-10.4.3\plugins\org.eclipse.persistence.eclipselink_2.7.11.jar;C:\Users\soumya.kj\.katalon\packages\KSE-10.4.3\plugins\com.kms.katalon.selenium-standalone_1.0.0.202512220625.jar;C:\Users\soumya.kj\.katalon\packages\KSE-10.4.3\plugins\atu.testrecorder.screen-recorder_2.1.0.jar;C:\Users\soumya.kj\.katalon\packages\KSE-10.4.3\plugins\com.google.guava_33.4.8.jre.jar;C:\Users\soumya.kj\.katalon\packages\KSE-10.4.3\plugins\com.kms.katalon.util_1.0.0.202512220625.jar;C:\Users\soumya.kj\.katalon\packages\KSE-10.4.3\plugins\org.apache.httpcomponents.httpclient_4.5.14.jar;C:\Users\soumya.kj\.katalon\packages\KSE-10.4.3\plugins\org.apache.httpcomponents.httpcore_4.4.16.jar;C:\Users\soumya.kj\.katalon\packages\KSE-10.4.3\plugins\org.apache.httpcomponents.httpmime_4.5.13.jar;C:\Users\soumya.kj\.katalon\packages\KSE-10.4.3\plugins\org.apache.commons.lang3_3.18.0.jar;C:\Users\soumya.kj\.katalon\packages\KSE-10.4.3\plugins\org.greenrobot.eventbus_3.1.1.jar;C:\Users\soumya.kj\.katalon\packages\KSE-10.4.3\plugins\net.bytebuddy.byte-buddy_1.17.6.jar;C:\Users\soumya.kj\.katalon\packages\KSE-10.4.3\plugins\org.junit_4.13.2.v20230809-1000.jar;C:\Users\soumya.kj\.katalon\packages\KSE-10.4.3\plugins\com.fasterxml.jackson.core.jackson-databind_2.18.4.jar;C:\Users\soumya.kj\.katalon\packages\KSE-10.4.3\plugins\com.fasterxml.jackson.core.jackson-core_2.18.4.jar;C:\Users\soumya.kj\.katalon\packages\KSE-10.4.3\plugins\com.fasterxml.jackson.core.jackson-annotations_2.18.4.jar;C:\Users\soumya.kj\.katalon\packages\KSE-10.4.3\plugins\slf4j.api_2.0.17.jar;C:\Users\soumya.kj\.katalon\packages\KSE-10.4.3\plugins\org.fusesource.jansi_1.17.1.jar;C:\Users\soumya.kj\.katalon\packages\KSE-10.4.3\plugins\com.kms.katalon.netlightbody_1.0.0.202512220625.jar;C:\Users\soumya.kj\.katalon\packages\KSE-10.4.3\plugins\com.kms.katalon.poi_1.0.0.202512220625.jar;C:\Users\soumya.kj\.katalon\packages\KSE-10.4.3\plugins\org.apache.commons.commons-text_1.10.0.jar;C:\Users\soumya.kj\.katalon\packages\KSE-10.4.3\plugins\com.microsoft.sqlserver.mssql-jdbc_12.6.5.jar;C:\Users\soumya.kj\.katalon\packages\KSE-10.4.3\plugins\com.github.kklisura.cdt.java-client_2.1.0.jar;C:\Users\soumya.kj\.katalon\packages\KSE-10.4.3\plugins\javax.websocket-api_1.1.0.jar;C:\Users\soumya.kj\.katalon\packages\KSE-10.4.3\plugins\org.glassfish.tyrus.container-grizzly-client_1.13.1.jar;C:\Users\soumya.kj\.katalon\packages\KSE-10.4.3\plugins\org.glassfish.grizzly.http-server_2.3.25.jar;C:\Users\soumya.kj\.katalon\packages\KSE-10.4.3\plugins\org.glassfish.grizzly.framework_2.3.25.jar;C:\Users\soumya.kj\.katalon\packages\KSE-10.4.3\plugins\org.glassfish.grizzly.http_2.3.25.jar;C:\Users\soumya.kj\.katalon\packages\KSE-10.4.3\plugins\org.glassfish.tyrus.client_1.13.1.jar;C:\Users\soumya.kj\.katalon\packages\KSE-10.4.3\plugins\org.glassfish.tyrus.core_1.13.1.jar;C:\Users\soumya.kj\.katalon\packages\KSE-10.4.3\plugins\org.glassfish.tyrus.spi_1.13.1.jar;C:\Users\soumya.kj\.katalon\packages\KSE-10.4.3\plugins\javassist_3.28.0.GA.jar;C:\Users\soumya.kj\.katalon\packages\KSE-10.4.3\plugins\graphql-java_22.3.0.jar;C:\Users\soumya.kj\.katalon\packages\KSE-10.4.3\plugins\org.glassfish.jaxb.runtime_2.3.6.jar;C:\Users\soumya.kj\.katalon\packages\KSE-10.4.3\plugins\org.glassfish.jaxb.txw2_2.3.6.jar;C:\Users\soumya.kj\.katalon\packages\KSE-10.4.3\plugins\org.dom4j_2.1.4.jar;C:\Users\soumya.kj\.katalon\packages\KSE-10.4.3\plugins\com.kms.katalon.groovy-extended_1.0.0.202512220625.jar;C:\Users\soumya.kj\.katalon\packages\KSE-10.4.3\plugins\com.sun.activation.javax.activation_1.2.0.jar;C:\Users\soumya.kj\.katalon\packages\KSE-10.4.3\plugins\jakarta.xml.bind-api_4.0.2.jar;C:\Users\soumya.kj\.katalon\packages\KSE-10.4.3\plugins\org.eclipse.jface_3.35.100.v20241003-1431.jar;C:\Users\soumya.kj\.katalon\packages\KSE-10.4.3\plugins\com.kms.katalon.logging_1.0.0.202512220625.jar;C:\Users\soumya.kj\.katalon\packages\KSE-10.4.3\plugins\json_20240303.0.0.jar;C:\Users\soumya.kj\.katalon\packages\KSE-10.4.3\plugins\assertj-core_3.25.3.jar;C:\Users\soumya.kj\.katalon\packages\KSE-10.4.3\plugins\com.networknt.json-schema-validator_1.5.7.jar;C:\Users\soumya.kj\.katalon\packages\KSE-10.4.3\plugins\com.kms.katalon.network.apache_1.0.0.202512220625.jar;C:\Users\soumya.kj\.katalon\packages\KSE-10.4.3\plugins\com.kms.katalon.network.core_1.0.0.202512220625.jar;C:\Users\soumya.kj\.katalon\packages\KSE-10.4.3\plugins\java-dataloader_3.3.0.jar;C:\Users\soumya.kj\.katalon\packages\KSE-10.4.3\plugins\org.apache.commons.collections_3.2.2.v201511171945.jar;C:\Users\soumya.kj\.katalon\packages\KSE-10.4.3\plugins\org.apache.commons.commons-collections4_4.4.0.jar;C:\Users\soumya.kj\.katalon\packages\KSE-10.4.3\plugins\org.apache.commons.digester_2.1.0.jar;C:\Users\soumya.kj\.katalon\packages\KSE-10.4.3\plugins\stax2-api_4.2.2.jar;C:\Users\soumya.kj\.katalon\packages\KSE-10.4.3\plugins\com.fasterxml.woodstox.woodstox-core_6.6.2.jar;C:\Users\soumya.kj\.katalon\packages\KSE-10.4.3\plugins\org.apache.commons.logging_1.2.0.v20180409-1502.jar;C:\Users\soumya.kj\.katalon\packages\KSE-10.4.3\plugins\org.apache.commons.commons-beanutils_1.11.0.jar;C:\Users\soumya.kj\.katalon\packages\KSE-10.4.3\plugins\com.kms.katalon.report.core_1.0.0.202512220625.jar;C:\Users\soumya.kj\.katalon\packages\KSE-10.4.3\plugins\org.seleniumhq.selenium.selenium-api_4.34.0.jar;C:\Users\soumya.kj\.katalon\packages\KSE-10.4.3\plugins\org.seleniumhq.selenium.selenium-remote-driver_4.34.0.jar;C:\Users\soumya.kj\.katalon\packages\KSE-10.4.3\plugins\org.seleniumhq.selenium.selenium-http_4.34.0.jar;C:\Users\soumya.kj\.katalon\packages\KSE-10.4.3\plugins\ch.qos.logback.classic_1.5.19.jar;C:\Users\soumya.kj\.katalon\packages\KSE-10.4.3\plugins\ch.qos.logback.core_1.5.19.jar;C:\Users\soumya.kj\.katalon\packages\KSE-10.4.3\plugins\log4j.over.slf4j_1.7.36.jar;C:\Users\soumya.kj\.katalon\packages\KSE-10.4.3\plugins\org.eclipse.e4.core.contexts_1.13.0.v20241014-2013.jar;C:\Users\soumya.kj\.katalon\packages\KSE-10.4.3\plugins\com.github.oshi.oshi-core_6.9.1.jar;C:\Users\soumya.kj\.katalon\packages\KSE-10.4.3\plugins\com.sun.jna_5.18.1.jar;C:\Users\soumya.kj\.katalon\packages\KSE-10.4.3\plugins\com.sun.jna.platform_5.18.1.jar;C:\Users\soumya.kj\.katalon\packages\KSE-10.4.3\plugins\org.bidib.com.github.markusbernhardt.proxy-vole_1.1.7.jar;C:\Users\soumya.kj\.katalon\packages\KSE-10.4.3\plugins\org.hamcrest.core_1.3.0.jar;C:\Users\soumya.kj\.katalon\packages\KSE-10.4.3\plugins\org.beanshell.bsh_2.0.0.0b4.jar;C:\Users\soumya.kj\.katalon\packages\KSE-10.4.3\plugins\org.apache.ant.launcher_1.9.6.jar;C:\Users\soumya.kj\.katalon\packages\KSE-10.4.3\plugins\org.seleniumhq.selenium.selenium-chrome-driver_4.34.0.jar;C:\Users\soumya.kj\.katalon\packages\KSE-10.4.3\plugins\org.seleniumhq.selenium.selenium-chromium-driver_4.34.0.jar;C:\Users\soumya.kj\.katalon\packages\KSE-10.4.3\plugins\org.seleniumhq.selenium.selenium-edge-driver_4.34.0.jar;C:\Users\soumya.kj\.katalon\packages\KSE-10.4.3\plugins\org.seleniumhq.selenium.selenium-firefox-driver_4.34.0.jar;C:\Users\soumya.kj\.katalon\packages\KSE-10.4.3\plugins\org.seleniumhq.selenium.selenium-safari-driver_4.34.0.jar;C:\Users\soumya.kj\.katalon\packages\KSE-10.4.3\plugins\org.seleniumhq.selenium.selenium-ie-driver_4.34.0.jar;C:\Users\soumya.kj\.katalon\packages\KSE-10.4.3\plugins\org.seleniumhq.selenium.selenium-manager_4.34.0.jar;C:\Users\soumya.kj\.katalon\packages\KSE-10.4.3\plugins\org.seleniumhq.selenium.selenium-json_4.34.0.jar;C:\Users\soumya.kj\.katalon\packages\KSE-10.4.3\plugins\com.kms.katalon.core.appium_1.0.0.202512220625.jar;C:\Users\soumya.kj\.katalon\packages\KSE-10.4.3\plugins\org.seleniumhq.selenium.selenium-os_4.34.0.jar;C:\Users\soumya.kj\.katalon\packages\KSE-10.4.3\plugins\io.appium.java-client_9.5.0.jar;C:\Users\soumya.kj\.katalon\packages\KSE-10.4.3\plugins\org.eclipse.e4.core.services_2.5.0.v20241015-2219.jar;C:\Users\soumya.kj\.katalon\packages\KSE-10.4.3\plugins\org.eclipse.osgi.services_3.12.100.v20240327-0645.jar;C:\Users\soumya.kj\.katalon\packages\KSE-10.4.3\plugins\org.eclipse.equinox.common_3.19.200.v20241004-0654.jar;C:\Users\soumya.kj\.katalon\packages\KSE-10.4.3\plugins\com.kms.katalon.platform.core_1.0.0.202512220625.jar;C:\Users\soumya.kj\.katalon\packages\KSE-10.4.3\plugins\com.kms.katalon.common_1.0.0.202512220625.jar;C:\Users\soumya.kj\.katalon\packages\KSE-10.4.3\plugins\com.kms.katalon.session.core_1.0.0.202512220625.jar;C:\Users\soumya.kj\.katalon\packages\KSE-10.4.3\plugins\org.eclipse.e4.core.di_1.9.500.v20240606-1236.jar;C:\Users\soumya.kj\.katalon\packages\KSE-10.4.3\plugins\com.kms.katalon.execution.core_1.0.0.202512220625.jar;C:\Users\soumya.kj\.katalon\packages\KSE-10.4.3\plugins\org.eclipse.equinox.registry_3.12.200.v20241004-0654.jar;C:\Users\soumya.kj\.katalon\packages\KSE-10.4.3\plugins\oauth2-oidc-sdk_11.29.1.jar;C:\Users\soumya.kj\.katalon\packages\KSE-10.4.3\plugins\dev.failsafe_3.3.2.jar;C:\Users\soumya.kj\.katalon\packages\KSE-10.4.3\plugins\com.fasterxml.jackson.datatype.jackson-datatype-jsr310_2.17.2.jar;C:\Users\soumya.kj\.katalon\packages\KSE-10.4.3\plugins\org.eclipse.e4.core.di.annotations_1.8.400.v20240413-1529.jar;C:\Users\soumya.kj\.katalon\packages\KSE-10.4.3\plugins\net.minidev.json-smart_2.5.2.jar;C:\Users\soumya.kj\.katalon\packages\KSE-10.4.3\plugins\com.kms.katalon.core.webui_1.0.0.202512220625.jar;C:\Users\soumya.kj\.katalon\packages\KSE-10.4.3\plugins\org.seleniumhq.selenium.selenium-support_4.34.0.jar;C:\Users\soumya.kj\.katalon\packages\KSE-10.4.3\plugins\org.seleniumhq.selenium.selenium-devtools-v142_4.38.0.jar;C:\Users\soumya.kj\.katalon\packages\KSE-10.4.3\plugins\com.kms.katalon.core.mobile_1.0.0.202512220625.jar;C:\Users\soumya.kj\.katalon\packages\KSE-10.4.3\plugins\org.apache.commons.commons-validator_1.7.0.jar;C:\Users\soumya.kj\.katalon\packages\KSE-10.4.3\plugins\org.xmlunit.xmlunit-core_2.10.3.jar;C:\Users\soumya.kj\.katalon\packages\KSE-10.4.3\plugins\com.kms.katalon.core.cucumber_1.0.0.202512220625.jar;C:\Users\soumya.kj\.katalon\packages\KSE-10.4.3\plugins\io.cucumber.core_3.0.3.jar;C:\Users\soumya.kj\.katalon\packages\KSE-10.4.3\plugins\io.cucumber.datatable_1.1.16.jar;C:\Users\soumya.kj\.katalon\packages\KSE-10.4.3\plugins\io.cucumber.datatable-dependencies_1.1.16.jar;C:\Users\soumya.kj\.katalon\packages\KSE-10.4.3\plugins\io.cucumber.expressions_5.0.19.jar;C:\Users\soumya.kj\.katalon\packages\KSE-10.4.3\plugins\io.cucumber.gherkin_5.0.0.jar;C:\Users\soumya.kj\.katalon\packages\KSE-10.4.3\plugins\io.cucumber.html_0.2.7.jar;C:\Users\soumya.kj\.katalon\packages\KSE-10.4.3\plugins\io.cucumber.java_3.0.3.jar;C:\Users\soumya.kj\.katalon\packages\KSE-10.4.3\plugins\io.cucumber.tag-expressions_1.1.1.jar;C:\Users\soumya.kj\.katalon\packages\KSE-10.4.3\plugins\io.cucumber.junit_3.0.3.jar;C:\Users\soumya.kj\.katalon\packages\KSE-10.4.3\plugins\com.kms.katalon.core.webservice_1.0.0.202512220625.jar;C:\Users\soumya.kj\.katalon\packages\KSE-10.4.3\plugins\wsdl4j_1.6.2.jar;C:\Users\soumya.kj\.katalon\packages\KSE-10.4.3\plugins\com.google.oauth-client.google-oauth-client_1.22.0.jar;C:\Users\soumya.kj\.katalon\packages\KSE-10.4.3\plugins\com.google.http-client.google-http-client_1.22.0.jar;C:\Users\soumya.kj\.katalon\packages\KSE-10.4.3\plugins\com.kms.katalon.preferences_1.0.0.202512220625.jar;C:\Users\soumya.kj\.katalon\packages\KSE-10.4.3\plugins\org.apache.xmlbeans_3.1.0.jar;C:\Users\soumya.kj\.katalon\packages\KSE-10.4.3\plugins\com.kms.katalon.entity_1.0.0.202512220625.jar;C:\Users\soumya.kj\.katalon\packages\KSE-10.4.3\plugins\jakarta.xml.ws-api_2.3.3.jar;C:\Users\soumya.kj\.katalon\packages\KSE-10.4.3\plugins\javax.xml.soap-api_1.4.0.jar;C:\Users\soumya.kj\.katalon\packages\KSE-10.4.3\plugins\com.atlassian.oai.swagger-request-validator-core_2.38.0.jar;C:\Users\soumya.kj\.katalon\packages\KSE-10.4.3\plugins\io.swagger.compat-spec-parser_1.0.67.jar;C:\Users\soumya.kj\.katalon\packages\KSE-10.4.3\plugins\io.swagger.core.v3.swagger-annotations_2.2.14.jar;C:\Users\soumya.kj\.katalon\packages\KSE-10.4.3\plugins\io.swagger.core.v3.swagger-core_2.2.14.jar;C:\Users\soumya.kj\.katalon\packages\KSE-10.4.3\plugins\io.swagger.core.v3.swagger-models_2.2.14.jar;C:\Users\soumya.kj\.katalon\packages\KSE-10.4.3\plugins\io.swagger.parser.v3.swagger-parser-core_2.1.16.jar;C:\Users\soumya.kj\.katalon\packages\KSE-10.4.3\plugins\io.swagger.parser.v3.swagger-parser-v2-converter_2.1.16.jar;C:\Users\soumya.kj\.katalon\packages\KSE-10.4.3\plugins\com.github.java-json-tools.btf_1.3.0.jar;C:\Users\soumya.kj\.katalon\packages\KSE-10.4.3\plugins\com.fasterxml.jackson.dataformat.jackson-dataformat-yaml_2.18.3.jar;C:\Users\soumya.kj\.katalon\packages\KSE-10.4.3\plugins\org.yaml.snakeyaml_2.3.0.jar;C:\Users\soumya.kj\.katalon\packages\KSE-10.4.3\plugins\com.github.java-json-tools.msg-simple_1.2.0.jar;C:\Users\soumya.kj\.katalon\packages\KSE-10.4.3\plugins\jackson-core-asl_1.9.13.jar;C:\Users\soumya.kj\.katalon\packages\KSE-10.4.3\plugins\joda-time_2.10.5.jar;C:\Users\soumya.kj\.katalon\packages\KSE-10.4.3\plugins\javax.mail-api_1.6.2.jar;C:\Users\soumya.kj\.katalon\packages\KSE-10.4.3\plugins\com.googlecode.libphonenumber_8.11.1.jar;C:\Users\soumya.kj\.katalon\packages\KSE-10.4.3\plugins\com.google.guava.failureaccess_1.0.3.jar;C:\Users\soumya.kj\.katalon\packages\KSE-10.4.3\plugins\io.swagger.parser.v3.swagger-parser_2.1.16.jar;C:\Users\soumya.kj\.katalon\packages\KSE-10.4.3\plugins\io.swagger.parser.v3.swagger-parser-v3_2.1.16.jar;C:\Users\soumya.kj\.katalon\packages\KSE-10.4.3\plugins\io.swagger.parser_1.0.67.jar;C:\Users\soumya.kj\.katalon\packages\KSE-10.4.3\plugins\com.narupley.not-going-to-be-commons-ssl_0.3.20.jar;C:\Users\soumya.kj\.katalon\packages\KSE-10.4.3\plugins\com.kms.katalon.core.windows_1.0.0.202512220625.jar;C:\Users\soumya.kj\.katalon\packages\KSE-10.4.3\plugins\net.lingala.zip4j_2.11.5.jar;C:\Users\soumya.kj\.katalon\packages\KSE-10.4.3\plugins\com.kms.katalon.core.testng_1.0.0.202512220625.jar;C:\Users\soumya.kj\.katalon\packages\KSE-10.4.3\plugins\org.testng_7.8.0.jar;C:\Users\soumya.kj\.katalon\packages\KSE-10.4.3\plugins\com.beust.jcommander_1.82.0.jar;C:\Users\soumya.kj\.katalon\packages\KSE-10.4.3\plugins\org.codehaus.groovy_3.0.23.v202501010125-e2412\lib\groovy-3.0.23-indy.jar;C:\Users\soumya.kj\.katalon\packages\KSE-10.4.3\plugins\org.codehaus.groovy_3.0.23.v202501010125-e2412\lib\ivy-2.5.2.jar --main groovy.ui.GroovyMain --encoding UTF-8 --indy C:\Users\soumya.kj\Katalon Studio\Workoutput\Libs\TempTestCase1779186741035.groovy

Host: Intel(R) Core(TM) i3-8100 CPU @ 3.60GHz, 4 cores, 11G,  Windows 11 , 64 bit Build 26100 (10.0.26100.8328)
Time: Tue May 19 16:02:54 2026 India Standard Time elapsed time: 33.248810 seconds (0d 0h 0m 33s)

---------------  T H R E A D  ---------------

Current thread (0x00000239291e3410):  JavaThread "C2 CompilerThread0" daemon [_thread_in_native, id=33776, stack(0x000000ef71600000,0x000000ef71700000)]


Current CompileTask:
C2:  33248 7783   !   4       org.openqa.selenium.json.JsonOutput::getMethod (55 bytes)

Stack: [0x000000ef71600000,0x000000ef71700000]
Native frames: (J=compiled Java code, j=interpreted, Vv=VM code, C=native code)
V  [jvm.dll+0x682eb9]
V  [jvm.dll+0x8399c8]
V  [jvm.dll+0x83b473]
V  [jvm.dll+0x83bae3]
V  [jvm.dll+0x24715f]
V  [jvm.dll+0xad04c]
V  [jvm.dll+0xad4dc]
V  [jvm.dll+0xacf54]
V  [jvm.dll+0x660831]
V  [jvm.dll+0x65f248]
V  [jvm.dll+0x622b0b]
V  [jvm.dll+0x61cd96]
V  [jvm.dll+0x6aa1cb]
V  [jvm.dll+0x349bed]
V  [jvm.dll+0x1a4892]
V  [jvm.dll+0x2206ce]
V  [jvm.dll+0x217237]
V  [jvm.dll+0x1a3150]
V  [jvm.dll+0x22799c]
V  [jvm.dll+0x225afb]
V  [jvm.dll+0x7ef128]
V  [jvm.dll+0x7e948c]
V  [jvm.dll+0x681d97]
C  [ucrtbase.dll+0x37b0]
C  [KERNEL32.DLL+0x2e957]
C  [ntdll.dll+0x427c]


---------------  P R O C E S S  ---------------

Threads class SMR info:
_java_thread_list=0x000002392e3e7020, length=32, elements={
0x000002390d88e070, 0x000002392917c960, 0x000002392917d430, 0x00000239291cd330,
0x00000239291cde00, 0x00000239291e1d60, 0x00000239291e2720, 0x00000239291e3410,
0x00000239291ffbd0, 0x00000239292568b0, 0x0000023929464cb0, 0x0000023929e3d440,
0x0000023931c5c270, 0x0000023931c5c780, 0x0000023931c594e0, 0x0000023931c5bd60,
0x0000023931c599f0, 0x0000023931c5a920, 0x0000023931c59f00, 0x0000023931c5b850,
0x0000023931c5b340, 0x0000023931c5a410, 0x0000023931c5ae30, 0x00000239300d29b0,
0x00000239300d2ec0, 0x00000239300d33d0, 0x00000239300d38e0, 0x00000239300d1060,
0x00000239300d4300, 0x00000239300d1a80, 0x00000239300d4810, 0x00000239300d3df0
}

Java Threads: ( => current thread )
  0x000002390d88e070 JavaThread "Forwarding executeAsyncScript on session c7a18d4678d534bcf565174afea47bad to remote" [_thread_blocked, id=32496, stack(0x000000ef70900000,0x000000ef70a00000)]
  0x000002392917c960 JavaThread "Reference Handler" daemon [_thread_blocked, id=33100, stack(0x000000ef71000000,0x000000ef71100000)]
  0x000002392917d430 JavaThread "Finalizer" daemon [_thread_blocked, id=5556, stack(0x000000ef71100000,0x000000ef71200000)]
  0x00000239291cd330 JavaThread "Signal Dispatcher" daemon [_thread_blocked, id=39732, stack(0x000000ef71200000,0x000000ef71300000)]
  0x00000239291cde00 JavaThread "Attach Listener" daemon [_thread_blocked, id=20572, stack(0x000000ef71300000,0x000000ef71400000)]
  0x00000239291e1d60 JavaThread "Service Thread" daemon [_thread_blocked, id=38940, stack(0x000000ef71400000,0x000000ef71500000)]
  0x00000239291e2720 JavaThread "Monitor Deflation Thread" daemon [_thread_blocked, id=42008, stack(0x000000ef71500000,0x000000ef71600000)]
=>0x00000239291e3410 JavaThread "C2 CompilerThread0" daemon [_thread_in_native, id=33776, stack(0x000000ef71600000,0x000000ef71700000)]
  0x00000239291ffbd0 JavaThread "C1 CompilerThread0" daemon [_thread_blocked, id=32084, stack(0x000000ef71700000,0x000000ef71800000)]
  0x00000239292568b0 JavaThread "Sweeper thread" daemon [_thread_blocked, id=15548, stack(0x000000ef71800000,0x000000ef71900000)]
  0x0000023929464cb0 JavaThread "Common-Cleaner" daemon [_thread_blocked, id=26068, stack(0x000000ef71900000,0x000000ef71a00000)]
  0x0000023929e3d440 JavaThread "Notification Thread" daemon [_thread_blocked, id=32044, stack(0x000000ef71d00000,0x000000ef71e00000)]
  0x0000023931c5c270 JavaThread "ForkJoinPool.commonPool-worker-1" daemon [_thread_blocked, id=28404, stack(0x000000ef72000000,0x000000ef72100000)]
  0x0000023931c5c780 JavaThread "HttpClient-1-SelectorManager" daemon [_thread_in_native, id=34464, stack(0x000000ef72100000,0x000000ef72200000)]
  0x0000023931c594e0 JavaThread "External Process Output Forwarder - C:\Users\soumya.kj\.katalon\packages\KSE-10.4.3\configuration\resources\drivers\chromedriver_win32\chromedriver.exe" daemon [_thread_in_native, id=23488, stack(0x000000ef72200000,0x000000ef72300000)]
  0x0000023931c5bd60 JavaThread "Driver Service Executor" daemon [_thread_blocked, id=38712, stack(0x000000ef72300000,0x000000ef72400000)]
  0x0000023931c599f0 JavaThread "Driver Service Executor" daemon [_thread_blocked, id=30724, stack(0x000000ef72400000,0x000000ef72500000)]
  0x0000023931c5a920 JavaThread "UrlChecker-2" daemon [_thread_blocked, id=30784, stack(0x000000ef72500000,0x000000ef72600000)]
  0x0000023931c59f00 JavaThread "JdkHttpClient-0-0" daemon [_thread_blocked, id=35036, stack(0x000000ef72800000,0x000000ef72900000)]
  0x0000023931c5b850 JavaThread "CompletableFutureDelayScheduler" daemon [_thread_blocked, id=16232, stack(0x000000ef72900000,0x000000ef72a00000)]
  0x0000023931c5b340 JavaThread "JdkHttpClient-0-1" daemon [_thread_blocked, id=25792, stack(0x000000ef72a00000,0x000000ef72b00000)]
  0x0000023931c5a410 JavaThread "JdkHttpClient-0-2" daemon [_thread_blocked, id=35136, stack(0x000000ef72b00000,0x000000ef72c00000)]
  0x0000023931c5ae30 JavaThread "JdkHttpClient-0-3" daemon [_thread_blocked, id=22900, stack(0x000000ef72c00000,0x000000ef72d00000)]
  0x00000239300d29b0 JavaThread "HttpClient-2-SelectorManager" daemon [_thread_in_native, id=428, stack(0x000000ef71f00000,0x000000ef72000000)]
  0x00000239300d2ec0 JavaThread "JdkHttpClient-1-0" daemon [_thread_blocked, id=40360, stack(0x000000ef72d00000,0x000000ef72e00000)]
  0x00000239300d33d0 JavaThread "JdkHttpClient-1-1" daemon [_thread_blocked, id=38584, stack(0x000000ef72e00000,0x000000ef72f00000)]
  0x00000239300d38e0 JavaThread "HttpClient-3-SelectorManager" daemon [_thread_in_native, id=41268, stack(0x000000ef72f00000,0x000000ef73000000)]
  0x00000239300d1060 JavaThread "JdkHttpClient-2-0" daemon [_thread_blocked, id=17872, stack(0x000000ef73000000,0x000000ef73100000)]
  0x00000239300d4300 JavaThread "JdkHttpClient-2-1" daemon [_thread_blocked, id=14116, stack(0x000000ef73100000,0x000000ef73200000)]
  0x00000239300d1a80 JavaThread "JdkHttpClient-2-2" daemon [_thread_blocked, id=30596, stack(0x000000ef73200000,0x000000ef73300000)]
  0x00000239300d4810 JavaThread "JdkHttpClient-2-3" daemon [_thread_blocked, id=28160, stack(0x000000ef73300000,0x000000ef73400000)]
  0x00000239300d3df0 JavaThread "BiDi Connection" daemon [_thread_blocked, id=20496, stack(0x000000ef73500000,0x000000ef73600000)]

Other Threads:
  0x000002392913e8c0 VMThread "VM Thread" [stack: 0x000000ef70f00000,0x000000ef71000000] [id=24596]
  0x000002390fabee80 WatcherThread [stack: 0x000000ef71e00000,0x000000ef71f00000] [id=19196]
  0x000002390fb1d5e0 GCTaskThread "GC Thread#0" [stack: 0x000000ef70a00000,0x000000ef70b00000] [id=32200]
  0x0000023929467570 GCTaskThread "GC Thread#1" [stack: 0x000000ef71a00000,0x000000ef71b00000] [id=12920]
  0x0000023929467830 GCTaskThread "GC Thread#2" [stack: 0x000000ef71b00000,0x000000ef71c00000] [id=18088]
  0x0000023929467af0 GCTaskThread "GC Thread#3" [stack: 0x000000ef71c00000,0x000000ef71d00000] [id=38312]
  0x000002390fb2e530 ConcurrentGCThread "G1 Main Marker" [stack: 0x000000ef70b00000,0x000000ef70c00000] [id=39964]
  0x000002390fb303c0 ConcurrentGCThread "G1 Conc#0" [stack: 0x000000ef70c00000,0x000000ef70d00000] [id=37540]
  0x0000023928febb50 ConcurrentGCThread "G1 Refine#0" [stack: 0x000000ef70d00000,0x000000ef70e00000] [id=37712]
  0x0000023928fed830 ConcurrentGCThread "G1 Service" [stack: 0x000000ef70e00000,0x000000ef70f00000] [id=34188]

Threads with active compile tasks:
C2 CompilerThread0    33281 7783   !   4       org.openqa.selenium.json.JsonOutput::getMethod (55 bytes)

VM state: not at safepoint (normal execution)

VM Mutex/Monitor currently owned by a thread: None

Heap address: 0x0000000080000000, size: 2048 MB, Compressed Oops mode: 32-bit

CDS archive(s) not mapped
Compressed class space mapped at: 0x0000000100000000-0x0000000140000000, reserved size: 1073741824
Narrow klass base: 0x0000000000000000, Narrow klass shift: 3, Narrow klass range: 0x140000000

GC Precious Log:
 CPUs: 4 total, 4 available
 Memory: 12111M
 Large Page Support: Disabled
 NUMA Support: Disabled
 Compressed Oops: Enabled (32-bit)
 Heap Region Size: 1M
 Heap Min Capacity: 8M
 Heap Initial Capacity: 190M
 Heap Max Capacity: 2G
 Pre-touch: Disabled
 Parallel Workers: 4
 Concurrent Workers: 1
 Concurrent Refinement Workers: 4
 Periodic GC: Disabled

Heap:
 garbage-first heap   total 109568K, used 65944K [0x0000000080000000, 0x0000000100000000)
  region size 1024K, 29 young (29696K), 5 survivors (5120K)
 Metaspace       used 57086K, committed 57920K, reserved 1114112K
  class space    used 6643K, committed 7040K, reserved 1048576K

Heap Regions: E=young(eden), S=young(survivor), O=old, HS=humongous(starts), HC=humongous(continues), CS=collection set, F=free, OA=open archive, CA=closed archive, TAMS=top-at-mark-start (previous, next)
|   0|0x0000000080000000, 0x0000000080100000, 0x0000000080100000|100%|HS|  |TAMS 0x0000000080100000, 0x0000000080000000| Complete 
|   1|0x0000000080100000, 0x0000000080200000, 0x0000000080200000|100%|HS|  |TAMS 0x0000000080200000, 0x0000000080100000| Complete 
|   2|0x0000000080200000, 0x0000000080300000, 0x0000000080300000|100%| O|  |TAMS 0x0000000080300000, 0x0000000080200000| Untracked 
|   3|0x0000000080300000, 0x0000000080400000, 0x0000000080400000|100%| O|  |TAMS 0x0000000080400000, 0x0000000080300000| Untracked 
|   4|0x0000000080400000, 0x0000000080500000, 0x0000000080500000|100%| O|  |TAMS 0x0000000080500000, 0x0000000080400000| Untracked 
|   5|0x0000000080500000, 0x0000000080600000, 0x0000000080600000|100%| O|  |TAMS 0x0000000080600000, 0x0000000080500000| Untracked 
|   6|0x0000000080600000, 0x0000000080700000, 0x0000000080700000|100%| O|  |TAMS 0x0000000080700000, 0x0000000080600000| Untracked 
|   7|0x0000000080700000, 0x0000000080800000, 0x0000000080800000|100%| O|  |TAMS 0x0000000080800000, 0x0000000080700000| Untracked 
|   8|0x0000000080800000, 0x0000000080900000, 0x0000000080900000|100%| O|  |TAMS 0x0000000080900000, 0x0000000080800000| Untracked 
|   9|0x0000000080900000, 0x0000000080a00000, 0x0000000080a00000|100%| O|  |TAMS 0x0000000080a00000, 0x0000000080900000| Untracked 
|  10|0x0000000080a00000, 0x0000000080b00000, 0x0000000080b00000|100%| O|  |TAMS 0x0000000080b00000, 0x0000000080a00000| Untracked 
|  11|0x0000000080b00000, 0x0000000080c00000, 0x0000000080c00000|100%| O|  |TAMS 0x0000000080c00000, 0x0000000080b00000| Untracked 
|  12|0x0000000080c00000, 0x0000000080d00000, 0x0000000080d00000|100%| O|  |TAMS 0x0000000080d00000, 0x0000000080c00000| Untracked 
|  13|0x0000000080d00000, 0x0000000080df9200, 0x0000000080e00000| 97%| O|  |TAMS 0x0000000080df9200, 0x0000000080d00000| Untracked 
|  14|0x0000000080e00000, 0x0000000080f00000, 0x0000000080f00000|100%| O|  |TAMS 0x0000000080f00000, 0x0000000080e00000| Untracked 
|  15|0x0000000080f00000, 0x0000000081000000, 0x0000000081000000|100%| O|  |TAMS 0x0000000081000000, 0x0000000080f00000| Untracked 
|  16|0x0000000081000000, 0x0000000081100000, 0x0000000081100000|100%| O|  |TAMS 0x0000000081100000, 0x0000000081000000| Untracked 
|  17|0x0000000081100000, 0x0000000081200000, 0x0000000081200000|100%| O|  |TAMS 0x0000000081200000, 0x0000000081100000| Untracked 
|  18|0x0000000081200000, 0x0000000081300000, 0x0000000081300000|100%| O|  |TAMS 0x0000000081300000, 0x0000000081200000| Untracked 
|  19|0x0000000081300000, 0x0000000081400000, 0x0000000081400000|100%| O|  |TAMS 0x0000000081400000, 0x0000000081300000| Untracked 
|  20|0x0000000081400000, 0x0000000081500000, 0x0000000081500000|100%| O|  |TAMS 0x00000000814e5000, 0x0000000081400000| Untracked 
|  21|0x0000000081500000, 0x0000000081600000, 0x0000000081600000|100%| O|  |TAMS 0x0000000081500000, 0x0000000081500000| Untracked 
|  22|0x0000000081600000, 0x0000000081700000, 0x0000000081700000|100%| O|  |TAMS 0x0000000081600000, 0x0000000081600000| Untracked 
|  23|0x0000000081700000, 0x0000000081800000, 0x0000000081800000|100%| O|  |TAMS 0x0000000081700000, 0x0000000081700000| Untracked 
|  24|0x0000000081800000, 0x0000000081900000, 0x0000000081900000|100%| O|  |TAMS 0x0000000081800000, 0x0000000081800000| Untracked 
|  25|0x0000000081900000, 0x0000000081a00000, 0x0000000081a00000|100%| O|  |TAMS 0x0000000081900000, 0x0000000081900000| Untracked 
|  26|0x0000000081a00000, 0x0000000081b00000, 0x0000000081b00000|100%| O|  |TAMS 0x0000000081a00000, 0x0000000081a00000| Untracked 
|  27|0x0000000081b00000, 0x0000000081c00000, 0x0000000081c00000|100%| O|  |TAMS 0x0000000081b00000, 0x0000000081b00000| Untracked 
|  28|0x0000000081c00000, 0x0000000081d00000, 0x0000000081d00000|100%| O|  |TAMS 0x0000000081c00000, 0x0000000081c00000| Untracked 
|  29|0x0000000081d00000, 0x0000000081e00000, 0x0000000081e00000|100%| O|  |TAMS 0x0000000081d00000, 0x0000000081d00000| Untracked 
|  30|0x0000000081e00000, 0x0000000081f00000, 0x0000000081f00000|100%| O|  |TAMS 0x0000000081e00000, 0x0000000081e00000| Untracked 
|  31|0x0000000081f00000, 0x0000000082000000, 0x0000000082000000|100%| O|  |TAMS 0x0000000081f00000, 0x0000000081f00000| Untracked 
|  32|0x0000000082000000, 0x0000000082100000, 0x0000000082100000|100%| O|  |TAMS 0x0000000082000000, 0x0000000082000000| Untracked 
|  33|0x0000000082100000, 0x0000000082200000, 0x0000000082200000|100%| O|  |TAMS 0x0000000082100000, 0x0000000082100000| Untracked 
|  34|0x0000000082200000, 0x0000000082300000, 0x0000000082300000|100%| O|  |TAMS 0x0000000082200000, 0x0000000082200000| Untracked 
|  35|0x0000000082300000, 0x0000000082400000, 0x0000000082400000|100%| O|  |TAMS 0x0000000082300000, 0x0000000082300000| Untracked 
|  36|0x0000000082400000, 0x0000000082500000, 0x0000000082500000|100%| O|  |TAMS 0x0000000082400000, 0x0000000082400000| Untracked 
|  37|0x0000000082500000, 0x0000000082571a00, 0x0000000082600000| 44%| O|  |TAMS 0x0000000082500000, 0x0000000082500000| Untracked 
|  38|0x0000000082600000, 0x0000000082600000, 0x0000000082700000|  0%| F|  |TAMS 0x0000000082600000, 0x0000000082600000| Untracked 
|  39|0x0000000082700000, 0x0000000082700000, 0x0000000082800000|  0%| F|  |TAMS 0x0000000082700000, 0x0000000082700000| Untracked 
|  40|0x0000000082800000, 0x0000000082800000, 0x0000000082900000|  0%| F|  |TAMS 0x0000000082800000, 0x0000000082800000| Untracked 
|  41|0x0000000082900000, 0x0000000082900000, 0x0000000082a00000|  0%| F|  |TAMS 0x0000000082900000, 0x0000000082900000| Untracked 
|  42|0x0000000082a00000, 0x0000000082a00000, 0x0000000082b00000|  0%| F|  |TAMS 0x0000000082a00000, 0x0000000082a00000| Untracked 
|  43|0x0000000082b00000, 0x0000000082b00000, 0x0000000082c00000|  0%| F|  |TAMS 0x0000000082b00000, 0x0000000082b00000| Untracked 
|  44|0x0000000082c00000, 0x0000000082c00000, 0x0000000082d00000|  0%| F|  |TAMS 0x0000000082c00000, 0x0000000082c00000| Untracked 
|  45|0x0000000082d00000, 0x0000000082d00000, 0x0000000082e00000|  0%| F|  |TAMS 0x0000000082d00000, 0x0000000082d00000| Untracked 
|  46|0x0000000082e00000, 0x0000000082e00000, 0x0000000082f00000|  0%| F|  |TAMS 0x0000000082e00000, 0x0000000082e00000| Untracked 
|  47|0x0000000082f00000, 0x0000000082f00000, 0x0000000083000000|  0%| F|  |TAMS 0x0000000082f00000, 0x0000000082f00000| Untracked 
|  48|0x0000000083000000, 0x0000000083000000, 0x0000000083100000|  0%| F|  |TAMS 0x0000000083000000, 0x0000000083000000| Untracked 
|  49|0x0000000083100000, 0x0000000083100000, 0x0000000083200000|  0%| F|  |TAMS 0x0000000083100000, 0x0000000083100000| Untracked 
|  50|0x0000000083200000, 0x0000000083200000, 0x0000000083300000|  0%| F|  |TAMS 0x0000000083200000, 0x0000000083200000| Untracked 
|  51|0x0000000083300000, 0x0000000083300000, 0x0000000083400000|  0%| F|  |TAMS 0x0000000083300000, 0x0000000083300000| Untracked 
|  52|0x0000000083400000, 0x00000000834fb4f0, 0x0000000083500000| 98%| S|CS|TAMS 0x0000000083400000, 0x0000000083400000| Complete 
|  53|0x0000000083500000, 0x0000000083600000, 0x0000000083600000|100%| S|CS|TAMS 0x0000000083500000, 0x0000000083500000| Complete 
|  54|0x0000000083600000, 0x0000000083700000, 0x0000000083700000|100%| S|CS|TAMS 0x0000000083600000, 0x0000000083600000| Complete 
|  55|0x0000000083700000, 0x0000000083800000, 0x0000000083800000|100%| S|CS|TAMS 0x0000000083700000, 0x0000000083700000| Complete 
|  56|0x0000000083800000, 0x0000000083900000, 0x0000000083900000|100%| S|CS|TAMS 0x0000000083800000, 0x0000000083800000| Complete 
|  57|0x0000000083900000, 0x0000000083900000, 0x0000000083a00000|  0%| F|  |TAMS 0x0000000083900000, 0x0000000083900000| Untracked 
|  58|0x0000000083a00000, 0x0000000083a00000, 0x0000000083b00000|  0%| F|  |TAMS 0x0000000083a00000, 0x0000000083a00000| Untracked 
|  59|0x0000000083b00000, 0x0000000083b00000, 0x0000000083c00000|  0%| F|  |TAMS 0x0000000083b00000, 0x0000000083b00000| Untracked 
|  60|0x0000000083c00000, 0x0000000083c00000, 0x0000000083d00000|  0%| F|  |TAMS 0x0000000083c00000, 0x0000000083c00000| Untracked 
|  61|0x0000000083d00000, 0x0000000083d00000, 0x0000000083e00000|  0%| F|  |TAMS 0x0000000083d00000, 0x0000000083d00000| Untracked 
|  62|0x0000000083e00000, 0x0000000083e00000, 0x0000000083f00000|  0%| F|  |TAMS 0x0000000083e00000, 0x0000000083e00000| Untracked 
|  63|0x0000000083f00000, 0x0000000083f00000, 0x0000000084000000|  0%| F|  |TAMS 0x0000000083f00000, 0x0000000083f00000| Untracked 
|  64|0x0000000084000000, 0x0000000084000000, 0x0000000084100000|  0%| F|  |TAMS 0x0000000084000000, 0x0000000084000000| Untracked 
|  65|0x0000000084100000, 0x0000000084100000, 0x0000000084200000|  0%| F|  |TAMS 0x0000000084100000, 0x0000000084100000| Untracked 
|  66|0x0000000084200000, 0x0000000084200000, 0x0000000084300000|  0%| F|  |TAMS 0x0000000084200000, 0x0000000084200000| Untracked 
|  67|0x0000000084300000, 0x0000000084300000, 0x0000000084400000|  0%| F|  |TAMS 0x0000000084300000, 0x0000000084300000| Untracked 
|  68|0x0000000084400000, 0x0000000084400000, 0x0000000084500000|  0%| F|  |TAMS 0x0000000084400000, 0x0000000084400000| Untracked 
|  69|0x0000000084500000, 0x0000000084500000, 0x0000000084600000|  0%| F|  |TAMS 0x0000000084500000, 0x0000000084500000| Untracked 
|  70|0x0000000084600000, 0x0000000084600000, 0x0000000084700000|  0%| F|  |TAMS 0x0000000084600000, 0x0000000084600000| Untracked 
|  71|0x0000000084700000, 0x0000000084700000, 0x0000000084800000|  0%| F|  |TAMS 0x0000000084700000, 0x0000000084700000| Untracked 
|  72|0x0000000084800000, 0x0000000084800000, 0x0000000084900000|  0%| F|  |TAMS 0x0000000084800000, 0x0000000084800000| Untracked 
|  73|0x0000000084900000, 0x0000000084900000, 0x0000000084a00000|  0%| F|  |TAMS 0x0000000084900000, 0x0000000084900000| Untracked 
|  74|0x0000000084a00000, 0x0000000084a00000, 0x0000000084b00000|  0%| F|  |TAMS 0x0000000084a00000, 0x0000000084a00000| Untracked 
|  75|0x0000000084b00000, 0x0000000084b00000, 0x0000000084c00000|  0%| F|  |TAMS 0x0000000084b00000, 0x0000000084b00000| Untracked 
|  76|0x0000000084c00000, 0x0000000084c00000, 0x0000000084d00000|  0%| F|  |TAMS 0x0000000084c00000, 0x0000000084c00000| Untracked 
|  77|0x0000000084d00000, 0x0000000084d00000, 0x0000000084e00000|  0%| F|  |TAMS 0x0000000084d00000, 0x0000000084d00000| Untracked 
|  78|0x0000000084e00000, 0x0000000084e00000, 0x0000000084f00000|  0%| F|  |TAMS 0x0000000084e00000, 0x0000000084e00000| Untracked 
|  79|0x0000000084f00000, 0x0000000084f00000, 0x0000000085000000|  0%| F|  |TAMS 0x0000000084f00000, 0x0000000084f00000| Untracked 
|  80|0x0000000085000000, 0x0000000085000000, 0x0000000085100000|  0%| F|  |TAMS 0x0000000085000000, 0x0000000085000000| Untracked 
|  81|0x0000000085100000, 0x0000000085100000, 0x0000000085200000|  0%| F|  |TAMS 0x0000000085100000, 0x0000000085100000| Untracked 
|  82|0x0000000085200000, 0x0000000085200000, 0x0000000085300000|  0%| F|  |TAMS 0x0000000085200000, 0x0000000085200000| Untracked 
|  83|0x0000000085300000, 0x00000000853dcb18, 0x0000000085400000| 86%| E|  |TAMS 0x0000000085300000, 0x0000000085300000| Complete 
|  84|0x0000000085400000, 0x0000000085500000, 0x0000000085500000|100%| E|CS|TAMS 0x0000000085400000, 0x0000000085400000| Complete 
|  85|0x0000000085500000, 0x0000000085600000, 0x0000000085600000|100%| E|CS|TAMS 0x0000000085500000, 0x0000000085500000| Complete 
|  86|0x0000000085600000, 0x0000000085700000, 0x0000000085700000|100%| E|CS|TAMS 0x0000000085600000, 0x0000000085600000| Complete 
|  87|0x0000000085700000, 0x0000000085800000, 0x0000000085800000|100%| E|CS|TAMS 0x0000000085700000, 0x0000000085700000| Complete 
|  88|0x0000000085800000, 0x0000000085900000, 0x0000000085900000|100%| E|CS|TAMS 0x0000000085800000, 0x0000000085800000| Complete 
|  89|0x0000000085900000, 0x0000000085a00000, 0x0000000085a00000|100%| E|CS|TAMS 0x0000000085900000, 0x0000000085900000| Complete 
|  90|0x0000000085a00000, 0x0000000085b00000, 0x0000000085b00000|100%| E|CS|TAMS 0x0000000085a00000, 0x0000000085a00000| Complete 
|  91|0x0000000085b00000, 0x0000000085c00000, 0x0000000085c00000|100%| E|CS|TAMS 0x0000000085b00000, 0x0000000085b00000| Complete 
|  92|0x0000000085c00000, 0x0000000085d00000, 0x0000000085d00000|100%| E|CS|TAMS 0x0000000085c00000, 0x0000000085c00000| Complete 
|  93|0x0000000085d00000, 0x0000000085e00000, 0x0000000085e00000|100%| E|CS|TAMS 0x0000000085d00000, 0x0000000085d00000| Complete 
|  94|0x0000000085e00000, 0x0000000085f00000, 0x0000000085f00000|100%| E|CS|TAMS 0x0000000085e00000, 0x0000000085e00000| Complete 
|  95|0x0000000085f00000, 0x0000000086000000, 0x0000000086000000|100%| E|CS|TAMS 0x0000000085f00000, 0x0000000085f00000| Complete 
|  96|0x0000000086000000, 0x0000000086100000, 0x0000000086100000|100%| E|CS|TAMS 0x0000000086000000, 0x0000000086000000| Complete 
|  97|0x0000000086100000, 0x0000000086200000, 0x0000000086200000|100%| E|CS|TAMS 0x0000000086100000, 0x0000000086100000| Complete 
|  98|0x0000000086200000, 0x0000000086300000, 0x0000000086300000|100%| E|  |TAMS 0x0000000086200000, 0x0000000086200000| Complete 
| 123|0x0000000087b00000, 0x0000000087c00000, 0x0000000087c00000|100%| E|CS|TAMS 0x0000000087b00000, 0x0000000087b00000| Complete 
| 124|0x0000000087c00000, 0x0000000087d00000, 0x0000000087d00000|100%| E|CS|TAMS 0x0000000087c00000, 0x0000000087c00000| Complete 
| 125|0x0000000087d00000, 0x0000000087e00000, 0x0000000087e00000|100%| E|CS|TAMS 0x0000000087d00000, 0x0000000087d00000| Complete 
| 126|0x0000000087e00000, 0x0000000087f00000, 0x0000000087f00000|100%| E|CS|TAMS 0x0000000087e00000, 0x0000000087e00000| Complete 
| 127|0x0000000087f00000, 0x0000000088000000, 0x0000000088000000|100%| E|CS|TAMS 0x0000000087f00000, 0x0000000087f00000| Complete 
| 128|0x0000000088000000, 0x0000000088100000, 0x0000000088100000|100%| E|CS|TAMS 0x0000000088000000, 0x0000000088000000| Complete 
| 129|0x0000000088100000, 0x0000000088200000, 0x0000000088200000|100%| E|CS|TAMS 0x0000000088100000, 0x0000000088100000| Complete 
| 189|0x000000008bd00000, 0x000000008be00000, 0x000000008be00000|100%| E|CS|TAMS 0x000000008bd00000, 0x000000008bd00000| Complete 

Card table byte_map: [0x0000023922420000,0x0000023922820000] _byte_map_base: 0x0000023922020000

Marking Bits (Prev, Next): (CMBitMap*) 0x000002390fb1dc00, (CMBitMap*) 0x000002390fb1dc40
 Prev Bits: [0x0000023922c20000, 0x0000023924c20000)
 Next Bits: [0x0000023924c20000, 0x0000023926c20000)

Polling page: 0x000002390d770000

Metaspace:

Usage:
  Non-class:     49.26 MB used.
      Class:      6.49 MB used.
       Both:     55.75 MB used.

Virtual space:
  Non-class space:       64.00 MB reserved,      49.69 MB ( 78%) committed,  1 nodes.
      Class space:        1.00 GB reserved,       6.88 MB ( <1%) committed,  1 nodes.
             Both:        1.06 GB reserved,      56.56 MB (  5%) committed. 

Chunk freelists:
   Non-Class:  13.67 MB
       Class:  9.10 MB
        Both:  22.78 MB

MaxMetaspaceSize: unlimited
CompressedClassSpaceSize: 1.00 GB
Initial GC threshold: 21.00 MB
Current GC threshold: 59.00 MB
CDS: off
MetaspaceReclaimPolicy: balanced
 - commit_granule_bytes: 65536.
 - commit_granule_words: 8192.
 - virtual_space_node_default_size: 8388608.
 - enlarge_chunks_in_place: 1.
 - new_chunks_are_fully_committed: 0.
 - uncommit_free_chunks: 1.
 - use_allocation_guard: 0.
 - handle_deallocations: 1.


Internal statistics:

num_allocs_failed_limit: 6.
num_arena_births: 1036.
num_arena_deaths: 0.
num_vsnodes_births: 2.
num_vsnodes_deaths: 0.
num_space_committed: 905.
num_space_uncommitted: 0.
num_chunks_returned_to_freelist: 6.
num_chunks_taken_from_freelist: 2638.
num_chunk_merges: 6.
num_chunk_splits: 1766.
num_chunks_enlarged: 1187.
num_inconsistent_stats: 0.

CodeHeap 'non-profiled nmethods': size=120000Kb used=4249Kb max_used=4249Kb free=115751Kb
 bounds [0x000002391aaf0000, 0x000002391af20000, 0x0000023922020000]
CodeHeap 'profiled nmethods': size=120000Kb used=14318Kb max_used=14318Kb free=105681Kb
 bounds [0x0000023913020000, 0x0000023913e20000, 0x000002391a550000]
CodeHeap 'non-nmethods': size=5760Kb used=2346Kb max_used=2413Kb free=3413Kb
 bounds [0x000002391a550000, 0x000002391a7c0000, 0x000002391aaf0000]
 total_blobs=7949 nmethods=7082 adapters=778
 compilation: enabled
              stopped_count=0, restarted_count=0
 full_count=0

Compilation events (20 events):
Event: 32.997 Thread 0x00000239291ffbd0 7778       3       jdk.internal.misc.Unsafe::getAndSetInt (24 bytes)
Event: 32.998 Thread 0x00000239291ffbd0 nmethod 7778 0x0000023913e17210 code [0x0000023913e173c0, 0x0000023913e17608]
Event: 33.003 Thread 0x00000239291e3410 nmethod 7775 0x000002391af13e10 code [0x000002391af13fc0, 0x000002391af149c8]
Event: 33.003 Thread 0x00000239291e3410 7777       4       java.util.TreeMap::getEntry (77 bytes)
Event: 33.014 Thread 0x00000239291e3410 nmethod 7777 0x000002391af14f10 code [0x000002391af150e0, 0x000002391af159f8]
Event: 33.114 Thread 0x00000239291ffbd0 7779       3       jdk.internal.net.http.HttpClientImpl$SelectorAttachment$$Lambda$817/0x00000001005ad888::test (12 bytes)
Event: 33.115 Thread 0x00000239291ffbd0 nmethod 7779 0x0000023913e17710 code [0x0000023913e178c0, 0x0000023913e17c28]
Event: 33.115 Thread 0x00000239291ffbd0 7780       3       jdk.internal.net.http.HttpClientImpl$SelectorAttachment::lambda$events$0 (15 bytes)
Event: 33.115 Thread 0x00000239291ffbd0 nmethod 7780 0x0000023913e17d90 code [0x0000023913e17f40, 0x0000023913e18148]
Event: 33.115 Thread 0x00000239291ffbd0 7781       3       jdk.internal.net.http.AsyncEvent::repeating (15 bytes)
Event: 33.115 Thread 0x00000239291ffbd0 nmethod 7781 0x0000023913e18210 code [0x0000023913e183a0, 0x0000023913e18518]
Event: 33.237 Thread 0x00000239291e3410 7782       4       java.lang.Math::min (12 bytes)
Event: 33.237 Thread 0x00000239291e3410 nmethod 7782 0x000002391af16110 code [0x000002391af16280, 0x000002391af162f8]
Event: 33.237 Thread 0x00000239291e3410 7783   !   4       org.openqa.selenium.json.JsonOutput::getMethod (55 bytes)
Event: 33.238 Thread 0x00000239291ffbd0 7784       3       jdk.internal.net.http.RequestPublishers$StreamIterator::next (5 bytes)
Event: 33.238 Thread 0x00000239291ffbd0 nmethod 7784 0x0000023913e18590 code [0x0000023913e18760, 0x0000023913e18b18]
Event: 33.238 Thread 0x00000239291ffbd0 7785  s    3       jdk.internal.net.http.RequestPublishers$StreamIterator::next (25 bytes)
Event: 33.239 Thread 0x00000239291ffbd0 nmethod 7785 0x0000023913e18d10 code [0x0000023913e18ee0, 0x0000023913e191f8]
Event: 33.239 Thread 0x00000239291ffbd0 7786       3       jdk.internal.net.http.Http1Exchange$$Lambda$837/0x00000001005b5c80::run (8 bytes)
Event: 33.239 Thread 0x00000239291ffbd0 nmethod 7786 0x0000023913e19310 code [0x0000023913e194c0, 0x0000023913e19608]

GC Heap History (20 events):
Event: 7.503 GC heap before
{Heap before GC invocations=11 (full 0):
 garbage-first heap   total 75776K, used 58030K [0x0000000080000000, 0x0000000100000000)
  region size 1024K, 32 young (32768K), 3 survivors (3072K)
 Metaspace       used 38863K, committed 39296K, reserved 1114112K
  class space    used 4256K, committed 4480K, reserved 1048576K
}
Event: 7.509 GC heap after
{Heap after GC invocations=12 (full 0):
 garbage-first heap   total 75776K, used 29933K [0x0000000080000000, 0x0000000100000000)
  region size 1024K, 3 young (3072K), 3 survivors (3072K)
 Metaspace       used 38863K, committed 39296K, reserved 1114112K
  class space    used 4256K, committed 4480K, reserved 1048576K
}
Event: 7.677 GC heap before
{Heap before GC invocations=12 (full 0):
 garbage-first heap   total 75776K, used 58605K [0x0000000080000000, 0x0000000100000000)
  region size 1024K, 31 young (31744K), 3 survivors (3072K)
 Metaspace       used 39241K, committed 39680K, reserved 1114112K
  class space    used 4295K, committed 4480K, reserved 1048576K
}
Event: 7.680 GC heap after
{Heap after GC invocations=13 (full 0):
 garbage-first heap   total 75776K, used 30359K [0x0000000080000000, 0x0000000100000000)
  region size 1024K, 2 young (2048K), 2 survivors (2048K)
 Metaspace       used 39241K, committed 39680K, reserved 1114112K
  class space    used 4295K, committed 4480K, reserved 1048576K
}
Event: 7.815 GC heap before
{Heap before GC invocations=13 (full 0):
 garbage-first heap   total 75776K, used 63127K [0x0000000080000000, 0x0000000100000000)
  region size 1024K, 31 young (31744K), 2 survivors (2048K)
 Metaspace       used 40435K, committed 40896K, reserved 1114112K
  class space    used 4374K, committed 4608K, reserved 1048576K
}
Event: 7.818 GC heap after
{Heap after GC invocations=14 (full 0):
 garbage-first heap   total 75776K, used 30834K [0x0000000080000000, 0x0000000100000000)
  region size 1024K, 3 young (3072K), 3 survivors (3072K)
 Metaspace       used 40435K, committed 40896K, reserved 1114112K
  class space    used 4374K, committed 4608K, reserved 1048576K
}
Event: 7.914 GC heap before
{Heap before GC invocations=14 (full 0):
 garbage-first heap   total 75776K, used 60530K [0x0000000080000000, 0x0000000100000000)
  region size 1024K, 32 young (32768K), 3 survivors (3072K)
 Metaspace       used 40522K, committed 40960K, reserved 1114112K
  class space    used 4380K, committed 4608K, reserved 1048576K
}
Event: 7.918 GC heap after
{Heap after GC invocations=15 (full 0):
 garbage-first heap   total 91136K, used 31184K [0x0000000080000000, 0x0000000100000000)
  region size 1024K, 2 young (2048K), 2 survivors (2048K)
 Metaspace       used 40522K, committed 40960K, reserved 1114112K
  class space    used 4380K, committed 4608K, reserved 1048576K
}
Event: 8.155 GC heap before
{Heap before GC invocations=15 (full 0):
 garbage-first heap   total 91136K, used 75216K [0x0000000080000000, 0x0000000100000000)
  region size 1024K, 45 young (46080K), 2 survivors (2048K)
 Metaspace       used 40786K, committed 41216K, reserved 1114112K
  class space    used 4398K, committed 4608K, reserved 1048576K
}
Event: 8.160 GC heap after
{Heap after GC invocations=16 (full 0):
 garbage-first heap   total 91136K, used 34136K [0x0000000080000000, 0x0000000100000000)
  region size 1024K, 5 young (5120K), 5 survivors (5120K)
 Metaspace       used 40786K, committed 41216K, reserved 1114112K
  class space    used 4398K, committed 4608K, reserved 1048576K
}
Event: 8.613 GC heap before
{Heap before GC invocations=16 (full 0):
 garbage-first heap   total 91136K, used 74072K [0x0000000080000000, 0x0000000100000000)
  region size 1024K, 44 young (45056K), 5 survivors (5120K)
 Metaspace       used 41794K, committed 42304K, reserved 1114112K
  class space    used 4503K, committed 4736K, reserved 1048576K
}
Event: 8.622 GC heap after
{Heap after GC invocations=17 (full 0):
 garbage-first heap   total 91136K, used 36581K [0x0000000080000000, 0x0000000100000000)
  region size 1024K, 6 young (6144K), 6 survivors (6144K)
 Metaspace       used 41794K, committed 42304K, reserved 1114112K
  class space    used 4503K, committed 4736K, reserved 1048576K
}
Event: 9.166 GC heap before
{Heap before GC invocations=17 (full 0):
 garbage-first heap   total 91136K, used 73445K [0x0000000080000000, 0x0000000100000000)
  region size 1024K, 42 young (43008K), 6 survivors (6144K)
 Metaspace       used 46235K, committed 46784K, reserved 1114112K
  class space    used 5103K, committed 5376K, reserved 1048576K
}
Event: 9.175 GC heap after
{Heap after GC invocations=18 (full 0):
 garbage-first heap   total 91136K, used 38335K [0x0000000080000000, 0x0000000100000000)
  region size 1024K, 5 young (5120K), 5 survivors (5120K)
 Metaspace       used 46235K, committed 46784K, reserved 1114112K
  class space    used 5103K, committed 5376K, reserved 1048576K
}
Event: 10.976 GC heap before
{Heap before GC invocations=18 (full 0):
 garbage-first heap   total 91136K, used 73151K [0x0000000080000000, 0x0000000100000000)
  region size 1024K, 40 young (40960K), 5 survivors (5120K)
 Metaspace       used 52593K, committed 53120K, reserved 1114112K
  class space    used 6027K, committed 6272K, reserved 1048576K
}
Event: 10.984 GC heap after
{Heap after GC invocations=19 (full 0):
 garbage-first heap   total 109568K, used 40229K [0x0000000080000000, 0x0000000100000000)
  region size 1024K, 4 young (4096K), 4 survivors (4096K)
 Metaspace       used 52593K, committed 53120K, reserved 1114112K
  class space    used 6027K, committed 6272K, reserved 1048576K
}
Event: 12.455 GC heap before
{Heap before GC invocations=19 (full 0):
 garbage-first heap   total 109568K, used 87333K [0x0000000080000000, 0x0000000100000000)
  region size 1024K, 50 young (51200K), 4 survivors (4096K)
 Metaspace       used 55729K, committed 56448K, reserved 1114112K
  class space    used 6543K, committed 6912K, reserved 1048576K
}
Event: 12.462 GC heap after
{Heap after GC invocations=20 (full 0):
 garbage-first heap   total 109568K, used 42153K [0x0000000080000000, 0x0000000100000000)
  region size 1024K, 4 young (4096K), 4 survivors (4096K)
 Metaspace       used 55729K, committed 56448K, reserved 1114112K
  class space    used 6543K, committed 6912K, reserved 1048576K
}
Event: 20.967 GC heap before
{Heap before GC invocations=20 (full 0):
 garbage-first heap   total 109568K, used 89257K [0x0000000080000000, 0x0000000100000000)
  region size 1024K, 50 young (51200K), 4 survivors (4096K)
 Metaspace       used 56845K, committed 57664K, reserved 1114112K
  class space    used 6642K, committed 7040K, reserved 1048576K
}
Event: 20.974 GC heap after
{Heap after GC invocations=21 (full 0):
 garbage-first heap   total 109568K, used 43416K [0x0000000080000000, 0x0000000100000000)
  region size 1024K, 5 young (5120K), 5 survivors (5120K)
 Metaspace       used 56845K, committed 57664K, reserved 1114112K
  class space    used 6642K, committed 7040K, reserved 1048576K
}

Dll operation events (10 events):
Event: 0.010 Loaded shared library C:\Users\soumya.kj\.katalon\packages\KSE-10.4.3\jre\bin\java.dll
Event: 0.323 Loaded shared library C:\Users\soumya.kj\.katalon\packages\KSE-10.4.3\jre\bin\net.dll
Event: 0.325 Loaded shared library C:\Users\soumya.kj\.katalon\packages\KSE-10.4.3\jre\bin\nio.dll
Event: 0.335 Loaded shared library C:\Users\soumya.kj\.katalon\packages\KSE-10.4.3\jre\bin\zip.dll
Event: 1.208 Loaded shared library C:\Users\soumya.kj\.katalon\packages\KSE-10.4.3\jre\bin\verify.dll
Event: 1.531 Loaded shared library C:\Users\soumya.kj\.katalon\packages\KSE-10.4.3\jre\bin\jimage.dll
Event: 6.102 Loaded shared library C:\Users\soumya.kj\.katalon\packages\KSE-10.4.3\jre\bin\sunmscapi.dll
Event: 6.837 Loaded shared library C:\Users\soumya.kj\.katalon\packages\KSE-10.4.3\jre\bin\extnet.dll
Event: 9.044 Loaded shared library C:\Users\soumya.kj\.katalon\packages\KSE-10.4.3\jre\bin\management.dll
Event: 9.046 Loaded shared library C:\Users\soumya.kj\.katalon\packages\KSE-10.4.3\jre\bin\management_ext.dll

Deoptimization events (20 events):
Event: 16.414 Thread 0x000002390d88e070 DEOPT PACKING pc=0x00000239139286f7 sp=0x000000ef709f6a90
Event: 16.414 Thread 0x000002390d88e070 DEOPT UNPACKING pc=0x000002391a5a7143 sp=0x000000ef709f5f28 mode 0
Event: 16.415 Thread 0x000002390d88e070 DEOPT PACKING pc=0x00000239139286f7 sp=0x000000ef709f6a90
Event: 16.415 Thread 0x000002390d88e070 DEOPT UNPACKING pc=0x000002391a5a7143 sp=0x000000ef709f5f28 mode 0
Event: 16.421 Thread 0x000002390d88e070 Uncommon trap: trap_request=0xffffff45 fr.pc=0x000002391ae376ac relative=0x0000000000001f6c
Event: 16.421 Thread 0x000002390d88e070 Uncommon trap: reason=unstable_if action=reinterpret pc=0x000002391ae376ac method=jdk.internal.org.objectweb.asm.Frame.execute(IILjdk/internal/org/objectweb/asm/Symbol;Ljdk/internal/org/objectweb/asm/SymbolTable;)V @ 1249 c2
Event: 16.421 Thread 0x000002390d88e070 DEOPT PACKING pc=0x000002391ae376ac sp=0x000000ef709f8470
Event: 16.421 Thread 0x000002390d88e070 DEOPT UNPACKING pc=0x000002391a5a69a3 sp=0x000000ef709f8420 mode 2
Event: 18.851 Thread 0x000002390d88e070 DEOPT PACKING pc=0x00000239133b500b sp=0x000000ef709f5c00
Event: 18.851 Thread 0x000002390d88e070 DEOPT UNPACKING pc=0x000002391a5a7143 sp=0x000000ef709f5070 mode 0
Event: 18.855 Thread 0x000002390d88e070 Uncommon trap: trap_request=0xfffffff4 fr.pc=0x000002391aee1d20 relative=0x0000000000000340
Event: 18.855 Thread 0x000002390d88e070 Uncommon trap: reason=null_check action=make_not_entrant pc=0x000002391aee1d20 method=sun.invoke.util.VerifyType.isNullConversion(Ljava/lang/Class;Ljava/lang/Class;Z)Z @ 67 c2
Event: 18.855 Thread 0x000002390d88e070 DEOPT PACKING pc=0x000002391aee1d20 sp=0x000000ef709f8090
Event: 18.855 Thread 0x000002390d88e070 DEOPT UNPACKING pc=0x000002391a5a69a3 sp=0x000000ef709f8030 mode 2
Event: 18.876 Thread 0x000002390d88e070 Uncommon trap: trap_request=0xfffffff4 fr.pc=0x000002391aeeb43c relative=0x00000000000003dc
Event: 18.876 Thread 0x000002390d88e070 Uncommon trap: reason=null_check action=make_not_entrant pc=0x000002391aeeb43c method=sun.invoke.util.VerifyType.isNullConversion(Ljava/lang/Class;Ljava/lang/Class;Z)Z @ 22 c2
Event: 18.876 Thread 0x000002390d88e070 DEOPT PACKING pc=0x000002391aeeb43c sp=0x000000ef709fa3d0
Event: 18.876 Thread 0x000002390d88e070 DEOPT UNPACKING pc=0x000002391a5a69a3 sp=0x000000ef709fa378 mode 2
Event: 25.460 Thread 0x0000023931c5ae30 DEOPT PACKING pc=0x0000023913d2b2f4 sp=0x000000ef72cfdab0
Event: 25.460 Thread 0x0000023931c5ae30 DEOPT UNPACKING pc=0x000002391a5a7143 sp=0x000000ef72cfcf30 mode 0

Classes loaded (20 events):
Event: 16.412 Loading class sun/misc/SharedSecrets
Event: 16.412 Loading class sun/misc/SharedSecrets done
Event: 16.412 Loading class java/lang/Throwable$WrappedPrintWriter
Event: 16.412 Loading class java/lang/Throwable$WrappedPrintWriter done
Event: 16.688 Loading class java/time/DurationBeanInfo
Event: 16.688 Loading class java/time/DurationBeanInfo done
Event: 16.688 Loading class java/time/DurationBeanInfo
Event: 16.688 Loading class java/time/DurationBeanInfo done
Event: 16.689 Loading class java/time/DurationCustomizer
Event: 16.689 Loading class java/time/DurationCustomizer done
Event: 16.689 Loading class java/time/DurationCustomizer
Event: 16.689 Loading class java/time/DurationCustomizer done
Event: 18.835 Loading class java/util/TreeMap$EntrySpliterator
Event: 18.835 Loading class java/util/TreeMap$EntrySpliterator done
Event: 18.836 Loading class java/util/stream/SortedOps$SizedRefSortingSink
Event: 18.836 Loading class java/util/stream/SortedOps$SizedRefSortingSink done
Event: 18.850 Loading class java/util/concurrent/ConcurrentHashMap$EntrySpliterator
Event: 18.851 Loading class java/util/concurrent/ConcurrentHashMap$EntrySpliterator done
Event: 32.096 Loading class jdk/internal/access/foreign/MemorySegmentProxy
Event: 32.096 Loading class jdk/internal/access/foreign/MemorySegmentProxy done

Classes unloaded (0 events):
No events

Classes redefined (0 events):
No events

Internal exceptions (20 events):
Event: 16.689 Thread 0x000002390d88e070 Exception <a 'java/lang/ClassNotFoundException'{0x0000000085116d58}: java/time/DurationCustomizer> (0x0000000085116d58) 
thrown [s\src\hotspot\share\classfile\systemDictionary.cpp, line 256]
Event: 16.694 Thread 0x000002390d88e070 Exception <a 'java/lang/ClassNotFoundException'{0x000000008516d348}: org/openqa/selenium/support/ui/WebDriverWaitBeanInfo> (0x000000008516d348) 
thrown [s\src\hotspot\share\classfile\systemDictionary.cpp, line 256]
Event: 16.695 Thread 0x000002390d88e070 Exception <a 'java/lang/ClassNotFoundException'{0x000000008518d4e0}: org/openqa/selenium/support/ui/FluentWaitBeanInfo> (0x000000008518d4e0) 
thrown [s\src\hotspot\share\classfile\systemDictionary.cpp, line 256]
Event: 16.696 Thread 0x000002390d88e070 Exception <a 'java/lang/ClassNotFoundException'{0x00000000851ad1c8}: org/openqa/selenium/support/ui/FluentWaitCustomizer> (0x00000000851ad1c8) 
thrown [s\src\hotspot\share\classfile\systemDictionary.cpp, line 256]
Event: 16.698 Thread 0x000002390d88e070 Exception <a 'java/lang/ClassNotFoundException'{0x00000000851da8f8}: org/openqa/selenium/support/ui/WebDriverWaitCustomizer> (0x00000000851da8f8) 
thrown [s\src\hotspot\share\classfile\systemDictionary.cpp, line 256]
Event: 16.704 Thread 0x000002390d88e070 Exception <a 'java/lang/ClassNotFoundException'{0x000000008503ade0}: org/openqa/selenium/support/ui/ExpectedConditionsBeanInfo> (0x000000008503ade0) 
thrown [s\src\hotspot\share\classfile\systemDictionary.cpp, line 256]
Event: 16.705 Thread 0x000002390d88e070 Exception <a 'java/lang/ClassNotFoundException'{0x000000008505b468}: org/openqa/selenium/support/ui/ExpectedConditionsCustomizer> (0x000000008505b468) 
thrown [s\src\hotspot\share\classfile\systemDictionary.cpp, line 256]
Event: 18.844 Thread 0x000002390d88e070 Exception <a 'java/lang/ClassNotFoundException'{0x000000008483a5c8}: org/codehaus/groovy/runtime/StringGroovyMethodsBeanInfo> (0x000000008483a5c8) 
thrown [s\src\hotspot\share\classfile\systemDictionary.cpp, line 256]
Event: 18.848 Thread 0x000002390d88e070 Exception <a 'java/lang/ClassNotFoundException'{0x000000008438a898}: org/codehaus/groovy/runtime/StringGroovyMethodsCustomizer> (0x000000008438a898) 
thrown [s\src\hotspot\share\classfile\systemDictionary.cpp, line 256]
Event: 18.855 Thread 0x000002390d88e070 Implicit null exception at 0x000002391aee1aa0 to 0x000002391aee1d0c
Event: 18.863 Thread 0x000002390d88e070 Exception <a 'java/lang/ClassNotFoundException'{0x00000000842a83c0}: com/kms/katalon/core/logging/model/TestStatus$TestStatusValueBeanInfo> (0x00000000842a83c0) 
thrown [s\src\hotspot\share\classfile\systemDictionary.cpp, line 256]
Event: 18.864 Thread 0x000002390d88e070 Exception <a 'java/lang/ClassNotFoundException'{0x00000000842c8ad8}: com/kms/katalon/core/logging/model/TestStatus$TestStatusValueCustomizer> (0x00000000842c8ad8) 
thrown [s\src\hotspot\share\classfile\systemDictionary.cpp, line 256]
Event: 18.872 Thread 0x000002390d88e070 Exception <a 'java/lang/NoSuchMethodError'{0x00000000841175f8}: 'java.lang.Object java.lang.invoke.Invokers$Holder.linkToCallSite(java.lang.Object, java.lang.Object, int, java.lang.Object)'> (0x00000000841175f8) 
thrown [s\src\hotspot\share\interpreter\linkResolver.cpp, line 759]
Event: 18.874 Thread 0x000002390d88e070 Exception <a 'java/lang/NoSuchMethodError'{0x00000000841287c8}: 'java.lang.Object java.lang.invoke.DelegatingMethodHandle$Holder.delegate(java.lang.Object, java.lang.Object, java.lang.Object, java.lang.Object, int)'> (0x00000000841287c8) 
thrown [s\src\hotspot\share\interpreter\linkResolver.cpp, line 759]
Event: 18.875 Thread 0x000002390d88e070 Exception <a 'java/lang/NoSuchMethodError'{0x00000000841378c0}: 'int java.lang.invoke.DirectMethodHandle$Holder.invokeSpecial(java.lang.Object, java.lang.Object, java.lang.Object, java.lang.Object, int)'> (0x00000000841378c0) 
thrown [s\src\hotspot\share\interpreter\linkResolver.cpp, line 759]
Event: 18.876 Thread 0x000002390d88e070 Implicit null exception at 0x000002391aeeb0c4 to 0x000002391aeeb428
Event: 18.884 Thread 0x000002390d88e070 Exception <a 'java/lang/ClassNotFoundException'{0x000000008405dd50}: com/kms/katalon/core/webui/keyword/builtin/WaitForElementPresentKeywordBeanInfo> (0x000000008405dd50) 
thrown [s\src\hotspot\share\classfile\systemDictionary.cpp, line 256]
Event: 18.885 Thread 0x000002390d88e070 Exception <a 'java/lang/ClassNotFoundException'{0x000000008407f7d0}: com/kms/katalon/core/webui/keyword/builtin/WaitForElementPresentKeywordCustomizer> (0x000000008407f7d0) 
thrown [s\src\hotspot\share\classfile\systemDictionary.cpp, line 256]
Event: 29.012 Thread 0x000002390d88e070 Exception <a 'java/lang/reflect/InvocationTargetException'{0x0000000085c70f90}> (0x0000000085c70f90) 
thrown [s\src\hotspot\share\runtime\reflection.cpp, line 1128]
Event: 29.013 Thread 0x000002390d88e070 Exception <a 'java/lang/reflect/InvocationTargetException'{0x0000000085c7b500}> (0x0000000085c7b500) 
thrown [s\src\hotspot\share\runtime\reflection.cpp, line 1128]

VM Operations (20 events):
Event: 24.004 Executing VM operation: Cleanup
Event: 24.004 Executing VM operation: Cleanup done
Event: 25.018 Executing VM operation: Cleanup
Event: 25.018 Executing VM operation: Cleanup done
Event: 26.019 Executing VM operation: Cleanup
Event: 26.019 Executing VM operation: Cleanup done
Event: 27.025 Executing VM operation: Cleanup
Event: 27.025 Executing VM operation: Cleanup done
Event: 28.035 Executing VM operation: Cleanup
Event: 28.035 Executing VM operation: Cleanup done
Event: 29.048 Executing VM operation: Cleanup
Event: 29.048 Executing VM operation: Cleanup done
Event: 30.056 Executing VM operation: Cleanup
Event: 30.056 Executing VM operation: Cleanup done
Event: 31.068 Executing VM operation: Cleanup
Event: 31.068 Executing VM operation: Cleanup done
Event: 32.084 Executing VM operation: Cleanup
Event: 32.084 Executing VM operation: Cleanup done
Event: 33.095 Executing VM operation: Cleanup
Event: 33.095 Executing VM operation: Cleanup done

Memory protections (0 events):
No events

Nmethod flushes (20 events):
Event: 6.965 Thread 0x00000239292568b0 flushing  nmethod 0x0000023913673a10
Event: 6.965 Thread 0x00000239292568b0 flushing  nmethod 0x0000023913675510
Event: 6.965 Thread 0x00000239292568b0 flushing  nmethod 0x00000239136a9510
Event: 6.965 Thread 0x00000239292568b0 flushing osr nmethod 0x00000239136abd10
Event: 6.966 Thread 0x00000239292568b0 flushing  nmethod 0x00000239136b1d90
Event: 6.966 Thread 0x00000239292568b0 flushing  nmethod 0x00000239136bd810
Event: 6.966 Thread 0x00000239292568b0 flushing  nmethod 0x00000239136c4290
Event: 6.966 Thread 0x00000239292568b0 flushing  nmethod 0x00000239136d3710
Event: 6.966 Thread 0x00000239292568b0 flushing  nmethod 0x00000239136e8110
Event: 6.966 Thread 0x00000239292568b0 flushing  nmethod 0x0000023913703e90
Event: 6.966 Thread 0x00000239292568b0 flushing  nmethod 0x0000023913710c90
Event: 6.966 Thread 0x00000239292568b0 flushing  nmethod 0x0000023913721390
Event: 6.966 Thread 0x00000239292568b0 flushing  nmethod 0x0000023913722990
Event: 6.966 Thread 0x00000239292568b0 flushing  nmethod 0x000002391375fa10
Event: 6.966 Thread 0x00000239292568b0 flushing  nmethod 0x0000023913767290
Event: 6.966 Thread 0x00000239292568b0 flushing  nmethod 0x000002391376b910
Event: 6.966 Thread 0x00000239292568b0 flushing  nmethod 0x000002391379e510
Event: 10.552 Thread 0x00000239292568b0 flushing  nmethod 0x000002391ac61d10
Event: 10.552 Thread 0x00000239292568b0 flushing  nmethod 0x000002391ac62790
Event: 10.552 Thread 0x00000239292568b0 flushing  nmethod 0x000002391acfbb90

Events (20 events):
Event: 9.525 Thread 0x0000023931c5c780 Thread added: 0x0000023931c5ae30
Event: 10.494 Thread 0x000002392fd82ae0 Thread exited: 0x000002392fd82ae0
Event: 10.562 Thread 0x000002390d88e070 Thread added: 0x00000239300d29b0
Event: 10.573 Thread 0x000002390d88e070 Thread added: 0x00000239300d2ec0
Event: 10.575 Thread 0x00000239300d29b0 Thread added: 0x00000239300d33d0
Event: 10.594 Thread 0x000002390d88e070 Thread added: 0x00000239300d38e0
Event: 10.594 Thread 0x000002390d88e070 Thread added: 0x00000239300d1060
Event: 10.596 Thread 0x00000239300d38e0 Thread added: 0x00000239300d4300
Event: 10.596 Thread 0x00000239300d38e0 Thread added: 0x00000239300d1a80
Event: 10.596 Thread 0x00000239300d38e0 Thread added: 0x00000239300d4810
Event: 10.692 Thread 0x00000239291e3410 Thread added: 0x000002393045d6a0
Event: 10.766 Thread 0x00000239300d2ec0 Thread added: 0x00000239300d3df0
Event: 10.893 Thread 0x000002393045d6a0 Thread exited: 0x000002393045d6a0
Event: 11.051 Thread 0x00000239291ffbd0 Thread added: 0x0000023931e46a00
Event: 12.114 Thread 0x0000023931e46a00 Thread exited: 0x0000023931e46a00
Event: 12.359 Thread 0x00000239291ffbd0 Thread added: 0x0000023930afd3e0
Event: 12.631 Thread 0x0000023930afd3e0 Thread exited: 0x0000023930afd3e0
Event: 12.922 Thread 0x00000239291ffbd0 Thread added: 0x000002393073e700
Event: 13.053 Thread 0x000002393073e700 Thread exited: 0x000002393073e700
Event: 14.423 Thread 0x0000023931c58fd0 Thread exited: 0x0000023931c58fd0


Dynamic libraries:
0x00007ff69ce10000 - 0x00007ff69ce1e000 	C:\Users\soumya.kj\.katalon\packages\KSE-10.4.3\jre\bin\javaw.exe
0x00007ffcedc80000 - 0x00007ffcedee7000 	C:\WINDOWS\SYSTEM32\ntdll.dll
0x00007ffcec3f0000 - 0x00007ffcec4b9000 	C:\WINDOWS\System32\KERNEL32.DLL
0x00007ffceb550000 - 0x00007ffceb947000 	C:\WINDOWS\System32\KERNELBASE.dll
0x00007ffcea6b0000 - 0x00007ffcea7fb000 	C:\WINDOWS\System32\ucrtbase.dll
0x00007ffccdaf0000 - 0x00007ffccdb07000 	C:\Users\soumya.kj\.katalon\packages\KSE-10.4.3\jre\bin\jli.dll
0x00007ffcec730000 - 0x00007ffcec8f6000 	C:\WINDOWS\System32\USER32.dll
0x00007ffceb2e0000 - 0x00007ffceb307000 	C:\WINDOWS\System32\win32u.dll
0x00007ffceba00000 - 0x00007ffceba2b000 	C:\WINDOWS\System32\GDI32.dll
0x00007ffceb120000 - 0x00007ffceb24c000 	C:\WINDOWS\System32\gdi32full.dll
0x00007ffcea800000 - 0x00007ffcea8a3000 	C:\WINDOWS\System32\msvcp_win.dll
0x00007ffccd860000 - 0x00007ffccd87e000 	C:\Users\soumya.kj\.katalon\packages\KSE-10.4.3\jre\bin\VCRUNTIME140.dll
0x00007ffcb8930000 - 0x00007ffcb8bc2000 	C:\WINDOWS\WinSxS\amd64_microsoft.windows.common-controls_6595b64144ccf1df_6.0.26100.8457_none_3e0b2faee331e92d\COMCTL32.dll
0x00007ffced220000 - 0x00007ffced2c9000 	C:\WINDOWS\System32\msvcrt.dll
0x00007ffcebdc0000 - 0x00007ffcebdf2000 	C:\WINDOWS\System32\IMM32.DLL
0x00007ffcdb400000 - 0x00007ffcdb40c000 	C:\Users\soumya.kj\.katalon\packages\KSE-10.4.3\jre\bin\vcruntime140_1.dll
0x00007ffcb6220000 - 0x00007ffcb62ad000 	C:\Users\soumya.kj\.katalon\packages\KSE-10.4.3\jre\bin\msvcp140.dll
0x00007ffc7bab0000 - 0x00007ffc7c71b000 	C:\Users\soumya.kj\.katalon\packages\KSE-10.4.3\jre\bin\server\jvm.dll
0x00007ffceda80000 - 0x00007ffcedb36000 	C:\WINDOWS\System32\ADVAPI32.dll
0x00007ffced170000 - 0x00007ffced217000 	C:\WINDOWS\System32\sechost.dll
0x00007ffcebe80000 - 0x00007ffcebf98000 	C:\WINDOWS\System32\RPCRT4.dll
0x00007ffcec6a0000 - 0x00007ffcec720000 	C:\WINDOWS\System32\WS2_32.dll
0x00007ffcea530000 - 0x00007ffcea58e000 	C:\WINDOWS\SYSTEM32\POWRPROF.dll
0x00007ffcc5fe0000 - 0x00007ffcc6016000 	C:\WINDOWS\SYSTEM32\WINMM.dll
0x00007ffce6370000 - 0x00007ffce637b000 	C:\WINDOWS\SYSTEM32\VERSION.dll
0x00007ffcea510000 - 0x00007ffcea524000 	C:\WINDOWS\SYSTEM32\UMPDC.dll
0x00007ffce9440000 - 0x00007ffce945b000 	C:\WINDOWS\SYSTEM32\kernel.appcore.dll
0x00007ffce4d20000 - 0x00007ffce4d2a000 	C:\Users\soumya.kj\.katalon\packages\KSE-10.4.3\jre\bin\jimage.dll
0x00007ffcc4ce0000 - 0x00007ffcc4f22000 	C:\WINDOWS\SYSTEM32\DBGHELP.DLL
0x00007ffceba30000 - 0x00007ffcebdb3000 	C:\WINDOWS\System32\combase.dll
0x00007ffcec5c0000 - 0x00007ffcec699000 	C:\WINDOWS\System32\OLEAUT32.dll
0x00007ffccb2e0000 - 0x00007ffccb31b000 	C:\WINDOWS\SYSTEM32\dbgcore.DLL
0x00007ffceb950000 - 0x00007ffceb9f8000 	C:\WINDOWS\System32\bcryptPrimitives.dll
0x00007ffccd620000 - 0x00007ffccd645000 	C:\Users\soumya.kj\.katalon\packages\KSE-10.4.3\jre\bin\java.dll
0x00007ffcdf340000 - 0x00007ffcdf358000 	C:\Users\soumya.kj\.katalon\packages\KSE-10.4.3\jre\bin\zip.dll
0x00007ffced300000 - 0x00007ffceda6e000 	C:\WINDOWS\System32\SHELL32.dll
0x00007ffcea8b0000 - 0x00007ffceb11c000 	C:\WINDOWS\System32\windows.storage.dll
0x00007ffcec4c0000 - 0x00007ffcec5b6000 	C:\WINDOWS\System32\SHCORE.dll
0x00007ffcec350000 - 0x00007ffcec3b6000 	C:\WINDOWS\System32\shlwapi.dll
0x00007ffcea5d0000 - 0x00007ffcea5f9000 	C:\WINDOWS\SYSTEM32\profapi.dll
0x00007ffcdabf0000 - 0x00007ffcdac09000 	C:\Users\soumya.kj\.katalon\packages\KSE-10.4.3\jre\bin\net.dll
0x00007ffce6ff0000 - 0x00007ffce7119000 	C:\WINDOWS\SYSTEM32\WINHTTP.dll
0x00007ffce99b0000 - 0x00007ffce9a1c000 	C:\WINDOWS\system32\mswsock.dll
0x00007ffcda840000 - 0x00007ffcda856000 	C:\Users\soumya.kj\.katalon\packages\KSE-10.4.3\jre\bin\nio.dll
0x00007ffce18a0000 - 0x00007ffce18b0000 	C:\Users\soumya.kj\.katalon\packages\KSE-10.4.3\jre\bin\verify.dll
0x00007ffcdda30000 - 0x00007ffcdda3e000 	C:\Users\soumya.kj\.katalon\packages\KSE-10.4.3\jre\bin\sunmscapi.dll
0x00007ffceb310000 - 0x00007ffceb488000 	C:\WINDOWS\System32\CRYPT32.dll
0x00007ffce9eb0000 - 0x00007ffce9ee0000 	C:\WINDOWS\SYSTEM32\ncrypt.dll
0x00007ffce9e60000 - 0x00007ffce9e9f000 	C:\WINDOWS\SYSTEM32\NTASN1.dll
0x00007ffcdc110000 - 0x00007ffcdc119000 	C:\Users\soumya.kj\.katalon\packages\KSE-10.4.3\jre\bin\extnet.dll
0x00007ffce8c10000 - 0x00007ffce8d42000 	C:\WINDOWS\SYSTEM32\DNSAPI.dll
0x00007ffce8b50000 - 0x00007ffce8b82000 	C:\WINDOWS\SYSTEM32\IPHLPAPI.DLL
0x00007ffced000000 - 0x00007ffced00a000 	C:\WINDOWS\System32\NSI.dll
0x00007ffce6050000 - 0x00007ffce605b000 	C:\Windows\System32\rasadhlp.dll
0x00007ffce77a0000 - 0x00007ffce7826000 	C:\WINDOWS\System32\fwpuclnt.dll
0x00007ffcdb6d0000 - 0x00007ffcdb6da000 	C:\Users\soumya.kj\.katalon\packages\KSE-10.4.3\jre\bin\management.dll
0x00007ffcdb6a0000 - 0x00007ffcdb6ab000 	C:\Users\soumya.kj\.katalon\packages\KSE-10.4.3\jre\bin\management_ext.dll
0x00007ffcec3c0000 - 0x00007ffcec3c8000 	C:\WINDOWS\System32\PSAPI.DLL
0x00007ffce9c90000 - 0x00007ffce9cab000 	C:\WINDOWS\SYSTEM32\CRYPTSP.dll
0x00007ffce93a0000 - 0x00007ffce93d9000 	C:\WINDOWS\system32\rsaenh.dll
0x00007ffce9a60000 - 0x00007ffce9a93000 	C:\WINDOWS\SYSTEM32\USERENV.dll
0x00007ffcea5a0000 - 0x00007ffcea5ca000 	C:\WINDOWS\SYSTEM32\bcrypt.dll
0x00007ffce9cb0000 - 0x00007ffce9cbc000 	C:\WINDOWS\SYSTEM32\CRYPTBASE.dll
0x00007ffce7860000 - 0x00007ffce787d000 	C:\WINDOWS\SYSTEM32\dhcpcsvc6.DLL
0x00007ffce7830000 - 0x00007ffce7855000 	C:\WINDOWS\SYSTEM32\dhcpcsvc.DLL
0x00007ffcdbca0000 - 0x00007ffcdbca8000 	C:\WINDOWS\system32\wshunix.dll

dbghelp: loaded successfully - version: 4.0.5 - missing functions: none
symbol engine: initialized successfully - sym options: 0x614 - pdb path: .;C:\Users\soumya.kj\.katalon\packages\KSE-10.4.3\jre\bin;C:\WINDOWS\SYSTEM32;C:\WINDOWS\WinSxS\amd64_microsoft.windows.common-controls_6595b64144ccf1df_6.0.26100.8457_none_3e0b2faee331e92d;C:\Users\soumya.kj\.katalon\packages\KSE-10.4.3\jre\bin\server

VM Arguments:
jvm_args: -Dgroovy.home=C:\Users\soumya.kj/.groovy -Djava.system.class.loader=groovy.lang.GroovyClassLoader -Xmx2048m -Dfile.encoding=UTF-8 -Dstdout.encoding=UTF-8 -Dstderr.encoding=UTF-8 -XX:+ShowCodeDetailsInExceptionMessages 
java_command: org.codehaus.groovy.tools.GroovyStarter --classpath C:\Users\soumya.kj\Katalon Studio\Workoutput\bin\keyword;C:\Users\soumya.kj\Katalon Studio\Workoutput\Keywords;C:\Users\soumya.kj\Katalon Studio\Workoutput\bin\listener;C:\Users\soumya.kj\Katalon Studio\Workoutput\Test Listeners;C:\Users\soumya.kj\Katalon Studio\Workoutput\bin\lib;C:\Users\soumya.kj\Katalon Studio\Workoutput\Libs;C:\Users\soumya.kj\Katalon Studio\Workoutput\bin\groovy;C:\Users\soumya.kj\Katalon Studio\Workoutput\Include\scripts\groovy;C:\Users\soumya.kj\.katalon\packages\KSE-10.4.3\plugins\com.kms.katalon.core_1.0.0.202512220625.jar;C:\Users\soumya.kj\.katalon\packages\KSE-10.4.3\configuration\resources\lib\aalto-xml-1.0.0.jar;C:\Users\soumya.kj\.katalon\packages\KSE-10.4.3\configuration\resources\lib\aws-2.20.3-fat.jar;C:\Users\soumya.kj\.katalon\packages\KSE-10.4.3\configuration\resources\lib\browsermob-core-2.1.5.jar;C:\Users\soumya.kj\.katalon\packages\KSE-10.4.3\configuration\resources\lib\byte-buddy-1.14.3.jar;C:\Users\soumya.kj\.katalon\packages\KSE-10.4.3\configuration\resources\lib\byte-buddy-agent-1.14.3.jar;C:\Users\soumya.kj\.katalon\packages\KSE-10.4.3\configuration\resources\lib\commons-codec-1.10.jar;C:\Users\soumya.kj\.katalon\packages\KSE-10.4.3\configuration\resources\lib\commons-collections4-4.1.jar;C:\Users\soumya.kj\.katalon\packages\KSE-10.4.3\configuration\resources\lib\commons-javaflow-20060411.jar;C:\Users\soumya.kj\.katalon\packages\KSE-10.4.3\configuration\resources\lib\commons-logging-1.3.4.jar;C:\Users\soumya.kj\.katalon\packages\KSE-10.4.3\configuration\resources\lib\curvesapi-1.04.jar;C:\Users\soumya.kj\.katalon\packages\KSE-10.4.3\configuration\resources\lib\dnsjava-3.6.2.jar;C:\Users\soumya.kj\.katalon\packages\KSE-10.4.3\configuration\resources\lib\ecj-3.21.0.jar;C:\Users\soumya.kj\.katalon\packages\KSE-10.4.3\configuration\resources\lib\fontbox-3.0.4.jar;C:\Users\soumya.kj\.katalon\packages\KSE-10.4.3\configuration\resources\lib\groovy-3.0.17.jar;C
java_class_path (initial): C:\Users\soumya.kj\Katalon Studio\Workoutput\bin\keyword;C:\Users\soumya.kj\Katalon Studio\Workoutput\bin\listener;C:\Users\soumya.kj\Katalon Studio\Workoutput\bin\lib;C:\Users\soumya.kj\Katalon Studio\Workoutput\bin\groovy;C:\Users\soumya.kj\Katalon Studio\Workoutput\bin;C:\Users\soumya.kj\.katalon\packages\KSE-10.4.3\plugins\com.kms.katalon.core_1.0.0.202512220625.jar;C:\Users\soumya.kj\.katalon\packages\KSE-10.4.3\configuration\resources\lib\aalto-xml-1.0.0.jar;C:\Users\soumya.kj\.katalon\packages\KSE-10.4.3\configuration\resources\lib\aws-2.20.3-fat.jar;C:\Users\soumya.kj\.katalon\packages\KSE-10.4.3\configuration\resources\lib\browsermob-core-2.1.5.jar;C:\Users\soumya.kj\.katalon\packages\KSE-10.4.3\configuration\resources\lib\byte-buddy-1.14.3.jar;C:\Users\soumya.kj\.katalon\packages\KSE-10.4.3\configuration\resources\lib\byte-buddy-agent-1.14.3.jar;C:\Users\soumya.kj\.katalon\packages\KSE-10.4.3\configuration\resources\lib\commons-codec-1.10.jar;C:\Users\soumya.kj\.katalon\packages\KSE-10.4.3\configuration\resources\lib\commons-collections4-4.1.jar;C:\Users\soumya.kj\.katalon\packages\KSE-10.4.3\configuration\resources\lib\commons-javaflow-20060411.jar;C:\Users\soumya.kj\.katalon\packages\KSE-10.4.3\configuration\resources\lib\commons-logging-1.3.4.jar;C:\Users\soumya.kj\.katalon\packages\KSE-10.4.3\configuration\resources\lib\curvesapi-1.04.jar;C:\Users\soumya.kj\.katalon\packages\KSE-10.4.3\configuration\resources\lib\dnsjava-3.6.2.jar;C:\Users\soumya.kj\.katalon\packages\KSE-10.4.3\configuration\resources\lib\ecj-3.21.0.jar;C:\Users\soumya.kj\.katalon\packages\KSE-10.4.3\configuration\resources\lib\fontbox-3.0.4.jar;C:\Users\soumya.kj\.katalon\packages\KSE-10.4.3\configuration\resources\lib\groovy-3.0.17.jar;C:\Users\soumya.kj\.katalon\packages\KSE-10.4.3\configuration\resources\lib\jackson-coreutils-2.0.jar;C:\Users\soumya.kj\.katalon\packages\KSE-10.4.3\configuration\resources\lib\jackson-coreutils-equivalence-1.0.jar;C:\User
Launcher Type: SUN_STANDARD

[Global flags]
     intx CICompilerCount                          = 3                                         {product} {ergonomic}
     uint ConcGCThreads                            = 1                                         {product} {ergonomic}
     uint G1ConcRefinementThreads                  = 4                                         {product} {ergonomic}
   size_t G1HeapRegionSize                         = 1048576                                   {product} {ergonomic}
    uintx GCDrainStackTargetSize                   = 64                                        {product} {ergonomic}
   size_t InitialHeapSize                          = 199229440                                 {product} {ergonomic}
   size_t MarkStackSize                            = 4194304                                   {product} {ergonomic}
   size_t MaxHeapSize                              = 2147483648                                {product} {command line}
   size_t MaxNewSize                               = 1287651328                                {product} {ergonomic}
   size_t MinHeapDeltaBytes                        = 1048576                                   {product} {ergonomic}
   size_t MinHeapSize                              = 8388608                                   {product} {ergonomic}
    uintx NonNMethodCodeHeapSize                   = 5832780                                {pd product} {ergonomic}
    uintx NonProfiledCodeHeapSize                  = 122912730                              {pd product} {ergonomic}
    uintx ProfiledCodeHeapSize                     = 122912730                              {pd product} {ergonomic}
    uintx ReservedCodeCacheSize                    = 251658240                              {pd product} {ergonomic}
     bool SegmentedCodeCache                       = true                                      {product} {ergonomic}
     bool ShowCodeDetailsInExceptionMessages       = true                                   {manageable} {command line}
   size_t SoftMaxHeapSize                          = 2147483648                             {manageable} {ergonomic}
     bool UseCompressedClassPointers               = true                           {product lp64_product} {ergonomic}
     bool UseCompressedOops                        = true                           {product lp64_product} {ergonomic}
     bool UseG1GC                                  = true                                      {product} {ergonomic}
     bool UseLargePagesIndividualAllocation        = false                                  {pd product} {ergonomic}

Logging:
Log output configuration:
 #0: stdout all=warning uptime,level,tags
 #1: stderr all=off uptime,level,tags

Environment Variables:
JAVA_HOME=C:\Program Files\JAVA\openjdk-21.0.5+11
PATH=C:/Users/soumya.kj/.katalon/packages/KSE-10.4.3/jre/bin/server;C:/Users/soumya.kj/.katalon/packages/KSE-10.4.3/jre/bin;C:\Program Files\JAVA\openjdk-21.0.5+11\bin;C:\WINDOWS\system32;C:\WINDOWS;C:\WINDOWS\System32\Wbem;C:\WINDOWS\System32\WindowsPowerShell\v1.0\;C:\WINDOWS\System32\OpenSSH\;C:\Program Files (x86)\Microsoft SQL Server\170\Tools\Binn\;C:\Program Files\Microsoft SQL Server\170\Tools\Binn\;C:\Program Files\Microsoft SQL Server\Client SDK\ODBC\180\Tools\Binn\;C:\Program Files\Microsoft SQL Server\170\DTS\Binn\;C:\Program Files (x86)\Microsoft SQL Server\Client SDK\ODBC\130\Tools\Binn\;C:\Program Files (x86)\Microsoft SQL Server\130\Tools\Binn\;C:\Program Files (x86)\Microsoft SQL Server\130\DTS\Binn\;C:\Program Files (x86)\Microsoft SQL Server\130\Tools\Binn\ManagementStudio\;C:\Program Files\Git\cmd;C:\Program Files\JAVA\openjdk-21.0.5+11\bin;;C:\Users\soumya.kj\.katalon\packages\KSE-10.4.3;
USERNAME=soumya.kj
OS=Windows_NT
PROCESSOR_IDENTIFIER=Intel64 Family 6 Model 158 Stepping 11, GenuineIntel
TMP=C:\Users\soumya.kj\AppData\Local\Temp
TEMP=C:\Users\soumya.kj\AppData\Local\Temp



Periodic native trim disabled


---------------  S Y S T E M  ---------------

OS:
 Windows 11 , 64 bit Build 26100 (10.0.26100.8328)
OS uptime: 5 days 18:24 hours

CPU: total 4 (initial active 4) (4 cores per cpu, 1 threads per core) family 6 model 158 stepping 11 microcode 0xf4, cx8, cmov, fxsr, mmx, 3dnowpref, sse, sse2, sse3, ssse3, sse4.1, sse4.2, popcnt, lzcnt, tsc, tscinvbit, avx, avx2, aes, erms, clmul, bmi1, bmi2, adx, fma, vzeroupper, clflush, clflushopt
Processor Information for all 4 processors :
  Max Mhz: 3600, Current Mhz: 3600, Mhz Limit: 3600

Memory: 4k page, system-wide physical 12111M (680M free)
TotalPageFile size 27253M (AvailPageFile size 5M)
current process WorkingSet (physical memory assigned to process): 263M, peak: 292M
current process commit charge ("private bytes"): 285M, peak: 317M

vm_info: OpenJDK 64-Bit Server VM (17.0.14+7) for windows-amd64 JRE (17.0.14+7), built on Jan 21 2025 23:40:15 by "admin" with MS VC++ 17.7 (VS2022)

END.
